###############################################################################
#
# IAR ELF Linker V9.10.2.313/W64 for ARM                  26/May/2022  20:28:08
# Copyright 2007-2021 IAR Systems AB.
#
#    Output file  =
#        C:\Users\CanchezAK\Documents\IAR EW for
#        ARM\16_to_32\EWARM\16_to_32\Exe\16_to_32.out
#    Map file     =
#        C:\Users\CanchezAK\Documents\IAR EW for
#        ARM\16_to_32\EWARM\16_to_32\List\16_to_32.map
#    Command line =
#        -f "C:\Users\CanchezAK\Documents\IAR EW for
#        ARM\16_to_32\EWARM\16_to_32\Exe\16_to_32.out.rsp"
#        ("C:\Users\CanchezAK\Documents\IAR EW for
#        ARM\16_to_32\EWARM\16_to_32\Obj\Application\User\Core\main.o"
#        "C:\Users\CanchezAK\Documents\IAR EW for
#        ARM\16_to_32\EWARM\16_to_32\Obj\Application\EWARM\startup_stm32f401xe.o"
#        "C:\Users\CanchezAK\Documents\IAR EW for
#        ARM\16_to_32\EWARM\16_to_32\Obj\Drivers\STM32F4xx_HAL_Driver\stm32f4xx_hal.o"
#        "C:\Users\CanchezAK\Documents\IAR EW for
#        ARM\16_to_32\EWARM\16_to_32\Obj\Drivers\STM32F4xx_HAL_Driver\stm32f4xx_hal_cortex.o"
#        "C:\Users\CanchezAK\Documents\IAR EW for
#        ARM\16_to_32\EWARM\16_to_32\Obj\Drivers\STM32F4xx_HAL_Driver\stm32f4xx_hal_dma.o"
#        "C:\Users\CanchezAK\Documents\IAR EW for
#        ARM\16_to_32\EWARM\16_to_32\Obj\Drivers\STM32F4xx_HAL_Driver\stm32f4xx_hal_dma_ex.o"
#        "C:\Users\CanchezAK\Documents\IAR EW for
#        ARM\16_to_32\EWARM\16_to_32\Obj\Drivers\STM32F4xx_HAL_Driver\stm32f4xx_hal_exti.o"
#        "C:\Users\CanchezAK\Documents\IAR EW for
#        ARM\16_to_32\EWARM\16_to_32\Obj\Drivers\STM32F4xx_HAL_Driver\stm32f4xx_hal_flash.o"
#        "C:\Users\CanchezAK\Documents\IAR EW for
#        ARM\16_to_32\EWARM\16_to_32\Obj\Drivers\STM32F4xx_HAL_Driver\stm32f4xx_hal_flash_ex.o"
#        "C:\Users\CanchezAK\Documents\IAR EW for
#        ARM\16_to_32\EWARM\16_to_32\Obj\Drivers\STM32F4xx_HAL_Driver\stm32f4xx_hal_flash_ramfunc.o"
#        "C:\Users\CanchezAK\Documents\IAR EW for
#        ARM\16_to_32\EWARM\16_to_32\Obj\Drivers\STM32F4xx_HAL_Driver\stm32f4xx_hal_gpio.o"
#        "C:\Users\CanchezAK\Documents\IAR EW for
#        ARM\16_to_32\EWARM\16_to_32\Obj\Application\User\Core\stm32f4xx_hal_msp.o"
#        "C:\Users\CanchezAK\Documents\IAR EW for
#        ARM\16_to_32\EWARM\16_to_32\Obj\Drivers\STM32F4xx_HAL_Driver\stm32f4xx_hal_pcd.o"
#        "C:\Users\CanchezAK\Documents\IAR EW for
#        ARM\16_to_32\EWARM\16_to_32\Obj\Drivers\STM32F4xx_HAL_Driver\stm32f4xx_hal_pcd_ex.o"
#        "C:\Users\CanchezAK\Documents\IAR EW for
#        ARM\16_to_32\EWARM\16_to_32\Obj\Drivers\STM32F4xx_HAL_Driver\stm32f4xx_hal_pwr.o"
#        "C:\Users\CanchezAK\Documents\IAR EW for
#        ARM\16_to_32\EWARM\16_to_32\Obj\Drivers\STM32F4xx_HAL_Driver\stm32f4xx_hal_pwr_ex.o"
#        "C:\Users\CanchezAK\Documents\IAR EW for
#        ARM\16_to_32\EWARM\16_to_32\Obj\Drivers\STM32F4xx_HAL_Driver\stm32f4xx_hal_rcc.o"
#        "C:\Users\CanchezAK\Documents\IAR EW for
#        ARM\16_to_32\EWARM\16_to_32\Obj\Drivers\STM32F4xx_HAL_Driver\stm32f4xx_hal_rcc_ex.o"
#        "C:\Users\CanchezAK\Documents\IAR EW for
#        ARM\16_to_32\EWARM\16_to_32\Obj\Drivers\STM32F4xx_HAL_Driver\stm32f4xx_hal_tim.o"
#        "C:\Users\CanchezAK\Documents\IAR EW for
#        ARM\16_to_32\EWARM\16_to_32\Obj\Drivers\STM32F4xx_HAL_Driver\stm32f4xx_hal_tim_ex.o"
#        "C:\Users\CanchezAK\Documents\IAR EW for
#        ARM\16_to_32\EWARM\16_to_32\Obj\Drivers\STM32F4xx_HAL_Driver\stm32f4xx_hal_uart.o"
#        "C:\Users\CanchezAK\Documents\IAR EW for
#        ARM\16_to_32\EWARM\16_to_32\Obj\Application\User\Core\stm32f4xx_it.o"
#        "C:\Users\CanchezAK\Documents\IAR EW for
#        ARM\16_to_32\EWARM\16_to_32\Obj\Drivers\STM32F4xx_HAL_Driver\stm32f4xx_ll_usb.o"
#        "C:\Users\CanchezAK\Documents\IAR EW for
#        ARM\16_to_32\EWARM\16_to_32\Obj\Drivers\CMSIS\system_stm32f4xx.o"
#        "C:\Users\CanchezAK\Documents\IAR EW for
#        ARM\16_to_32\EWARM\16_to_32\Obj\Application\User\USB_DEVICE\App\usb_device.o"
#        "C:\Users\CanchezAK\Documents\IAR EW for
#        ARM\16_to_32\EWARM\16_to_32\Obj\Middlewares\USB_Device_Library\usbd_cdc.o"
#        "C:\Users\CanchezAK\Documents\IAR EW for
#        ARM\16_to_32\EWARM\16_to_32\Obj\Application\User\USB_DEVICE\App\usbd_cdc_if.o"
#        "C:\Users\CanchezAK\Documents\IAR EW for
#        ARM\16_to_32\EWARM\16_to_32\Obj\Application\User\USB_DEVICE\Target\usbd_conf.o"
#        "C:\Users\CanchezAK\Documents\IAR EW for
#        ARM\16_to_32\EWARM\16_to_32\Obj\Middlewares\USB_Device_Library\usbd_core.o"
#        "C:\Users\CanchezAK\Documents\IAR EW for
#        ARM\16_to_32\EWARM\16_to_32\Obj\Middlewares\USB_Device_Library\usbd_ctlreq.o"
#        "C:\Users\CanchezAK\Documents\IAR EW for
#        ARM\16_to_32\EWARM\16_to_32\Obj\Application\User\USB_DEVICE\App\usbd_desc.o"
#        "C:\Users\CanchezAK\Documents\IAR EW for
#        ARM\16_to_32\EWARM\16_to_32\Obj\Middlewares\USB_Device_Library\usbd_ioreq.o"
#        --no_out_extension -o "C:\Users\CanchezAK\Documents\IAR EW for
#        ARM\16_to_32\EWARM\16_to_32\Exe\16_to_32.out" --redirect
#        _Printf=_PrintfFullNoMb --redirect _Scanf=_ScanfFullNoMb --map
#        "C:\Users\CanchezAK\Documents\IAR EW for
#        ARM\16_to_32\EWARM\16_to_32\List\16_to_32.map" --config
#        "C:\Users\CanchezAK\Documents\IAR EW for
#        ARM\16_to_32\EWARM/stm32f401xe_flash.icf" --semihosting --entry
#        __iar_program_start --vfe --text_out locale)
#
###############################################################################

*******************************************************************************
*** RUNTIME MODEL ATTRIBUTES
***

CppFlavor       = *
__Heap_Handler  = DLMalloc
__SystemLibrary = DLib
__dlib_version  = 6


*******************************************************************************
*** HEAP SELECTION
***

The advanced heap was selected because the application calls memory
allocation functions outside of system library functions, and there
are calls to deallocation functions in the application.


*******************************************************************************
*** PLACEMENT SUMMARY
***

"A0":  place at address 0x800'0000 { ro section .intvec };
"P1":  place in [from 0x800'0000 to 0x807'ffff] { ro };
define block CSTACK with size = 1K, alignment = 8 { };
define block HEAP with size = 512, alignment = 8 { };
"P2":  place in [from 0x2000'0000 to 0x2001'7fff] {
          rw, block CSTACK, block HEAP };
initialize by copy { rw };

  Section            Kind         Address    Size  Object
  -------            ----         -------    ----  ------
"A0":                                       0x194
  .intvec            ro code   0x800'0000   0x194  startup_stm32f401xe.o [1]
                             - 0x800'0194   0x194

"P1":                                      0x6310
  .text              ro code   0x800'0194  0x14d4  dlmalloc.o [8]
  .text              ro code   0x800'1668     0x6  abort.o [8]
  .text              ro code   0x800'166e     0xa  xsprout.o [8]
  .text              ro code   0x800'1678    0x2c  xgetmemchunk.o [8]
  .text              ro code   0x800'16a4    0x14  exit.o [11]
  .text              ro code   0x800'16b8   0xf2e  xprintffull_nomb.o [8]
  .rodata            const     0x800'25e6     0x2  xlocale_c.o [8]
  .text              ro code   0x800'25e8    0x16  strchr.o [10]
  .rodata            const     0x800'25fe     0x1  xlocale_c.o [8]
  .text              ro code   0x800'2600    0x40  xfail_s.o [8]
  .text              ro code   0x800'2640    0x14  strlen_small.o [10]
  .text              ro code   0x800'2654    0x58  memchr.o [10]
  .text              ro code   0x800'26ac    0x18  ABImemcpy_small.o [10]
  .text              ro code   0x800'26c4    0x70  frexp.o [9]
  .text              ro code   0x800'2734    0x34  DblCmpLe.o [9]
  .text              ro code   0x800'2768    0x34  DblCmpGe.o [9]
  .text              ro code   0x800'279c   0x13a  ldexp.o [9]
  .text              ro code   0x800'28d8    0x36  DblToS32.o [9]
  .text              ro code   0x800'2910    0x22  S32ToDbl.o [9]
  .text              ro code   0x800'2934   0x24e  DblAddSub.o [9]
  .text              ro code   0x800'2b84   0x246  DblDiv.o [9]
  .text              ro code   0x800'2dcc    0x22  DblToU32.o [9]
  .text              ro code   0x800'2df0    0x1c  U32ToDbl.o [9]
  .text              ro code   0x800'2e0c   0x1aa  DblMul.o [9]
  .text              ro code   0x800'2fb8     0x8  xlocale_c.o [8]
  .text              ro code   0x800'2fc0   0x106  I64DivMod_small.o [10]
  .text              ro code   0x800'30c8     0x2  I64DivZer.o [10]
  .text              ro code   0x800'30cc   0x904  stm32f4xx_ll_usb.o [6]
  .text              ro code   0x800'39d0    0x28  stm32f4xx_hal.o [6]
  .text              ro code   0x800'39f8     0xc  stm32f4xx_hal.o [6]
  .text              ro code   0x800'3a04   0x832  stm32f4xx_hal_pcd.o [6]
  .text              ro code   0x800'4238   0x246  usbd_conf.o [4]
  .text              ro code   0x800'447e     0x2  stm32f4xx_hal_pcd_ex.o [6]
  .text              ro code   0x800'4480   0x154  stm32f4xx_hal_rcc.o [6]
  .text              ro code   0x800'45d4     0x6  ABImemclr4.o [10]
  .text              ro code   0x800'45dc   0x1b8  stm32f4xx_hal_gpio.o [6]
  .text              ro code   0x800'4794    0xc4  stm32f4xx_hal_cortex.o [6]
  .text              ro code   0x800'4858   0x298  usbd_core.o [7]
  .text              ro code   0x800'4af0   0x2ac  main.o [2]
  .text              ro code   0x800'4d9c    0x4a  stm32f4xx_hal_pcd_ex.o [6]
  .text              ro code   0x800'4de8    0x60  stm32f4xx_hal_rcc.o [6]
  .text              ro code   0x800'4e48    0x40  stm32f4xx_hal.o [6]
  .text              ro code   0x800'4e88    0x32  ABImemset48.o [10]
  .text              ro code   0x800'4ebc   0x4a2  usbd_ctlreq.o [7]
  .text              ro code   0x800'535e    0x60  usbd_ioreq.o [7]
  .text              ro code   0x800'53c0    0x70  usbd_cdc_if.o [3]
  .text              ro code   0x800'5430    0x34  stm32f4xx_hal.o [6]
  .text              ro code   0x800'5464   0x15c  stm32f4xx_hal_uart.o [6]
  .text              ro code   0x800'55c0   0x1a4  stm32f4xx_hal_tim.o [6]
  .text              ro code   0x800'5764    0x78  stm32f4xx_hal_tim_ex.o [6]
  .text              ro code   0x800'57dc    0x54  usb_device.o [3]
  .text              ro code   0x800'5830    0x40  sprintf.o [8]
  .text              ro code   0x800'5870   0x310  stm32f4xx_hal_rcc.o [6]
  .text              ro code   0x800'5b80   0x2ec  usbd_cdc.o [7]
  .text              ro code   0x800'5e6c   0x114  stm32f4xx_hal_msp.o [2]
  .text              ro code   0x800'5f80     0x4  heaptramp0.o [8]
  .text              ro code   0x800'5f84    0x14  memset.o [10]
  .text              ro code   0x800'5f98    0x66  ABImemset.o [10]
  .text              ro code   0x800'6000   0x100  usbd_desc.o [3]
  .text              ro code   0x800'6100    0x78  lz77_init_single.o [10]
  .text              ro code   0x800'6178    0x38  zero_init3.o [10]
  .text              ro code   0x800'61b0    0x2c  system_stm32f4xx.o [5]
  .text              ro code   0x800'61dc    0x28  data_init.o [10]
  .text              ro code   0x800'6204    0x22  fpinit_M.o [9]
  .iar.init_table    const     0x800'6228    0x20  - Linker created -
  .text              ro code   0x800'6248    0x20  stm32f4xx_it.o [2]
  .text              ro code   0x800'6268    0x10  stm32f4xx_hal.o [6]
  .text              ro code   0x800'6278    0x1e  cmain.o [10]
  .text              ro code   0x800'6296     0x4  low_level_init.o [8]
  .text              ro code   0x800'629a     0x4  exit.o [8]
  .text              ro code   0x800'62a0     0xa  cexit.o [10]
  .text              ro code   0x800'62ac    0x1c  cstartup_M.o [10]
  .text              ro code   0x800'62c8    0x10  startup_stm32f401xe.o [1]
  .rodata            const     0x800'62d8     0x8  system_stm32f4xx.o [5]
  .text              ro code   0x800'62e0     0x4  startup_stm32f401xe.o [1]
  .text              ro code   0x800'62e4     0x4  startup_stm32f401xe.o [1]
  .text              ro code   0x800'62e8     0x4  startup_stm32f401xe.o [1]
  .text              ro code   0x800'62ec     0x4  startup_stm32f401xe.o [1]
  .text              ro code   0x800'62f0     0x4  startup_stm32f401xe.o [1]
  .text              ro code   0x800'62f4     0x4  startup_stm32f401xe.o [1]
  .text              ro code   0x800'62f8     0x4  startup_stm32f401xe.o [1]
  .text              ro code   0x800'62fc     0x4  startup_stm32f401xe.o [1]
  .text              ro code   0x800'6300     0x4  startup_stm32f401xe.o [1]
  .text              ro code   0x800'6304     0x4  startup_stm32f401xe.o [1]
  .text              ro code   0x800'6308     0x4  startup_stm32f401xe.o [1]
  .text              ro code   0x800'630c     0x4  startup_stm32f401xe.o [1]
  .text              ro code   0x800'6310     0x4  startup_stm32f401xe.o [1]
  .text              ro code   0x800'6314     0x4  startup_stm32f401xe.o [1]
  .text              ro code   0x800'6318     0x4  startup_stm32f401xe.o [1]
  .text              ro code   0x800'631c     0x4  startup_stm32f401xe.o [1]
  .text              ro code   0x800'6320     0x4  startup_stm32f401xe.o [1]
  .text              ro code   0x800'6324     0x4  startup_stm32f401xe.o [1]
  .text              ro code   0x800'6328     0x4  startup_stm32f401xe.o [1]
  .text              ro code   0x800'632c     0x4  startup_stm32f401xe.o [1]
  .text              ro code   0x800'6330     0x4  startup_stm32f401xe.o [1]
  .text              ro code   0x800'6334     0x4  startup_stm32f401xe.o [1]
  .text              ro code   0x800'6338     0x4  startup_stm32f401xe.o [1]
  .text              ro code   0x800'633c     0x4  startup_stm32f401xe.o [1]
  .text              ro code   0x800'6340     0x4  startup_stm32f401xe.o [1]
  .text              ro code   0x800'6344     0x4  startup_stm32f401xe.o [1]
  .text              ro code   0x800'6348     0x4  startup_stm32f401xe.o [1]
  .text              ro code   0x800'634c     0x4  startup_stm32f401xe.o [1]
  .text              ro code   0x800'6350     0x4  startup_stm32f401xe.o [1]
  .text              ro code   0x800'6354     0x4  startup_stm32f401xe.o [1]
  .text              ro code   0x800'6358     0x4  startup_stm32f401xe.o [1]
  .text              ro code   0x800'635c     0x4  startup_stm32f401xe.o [1]
  .text              ro code   0x800'6360     0x4  startup_stm32f401xe.o [1]
  .text              ro code   0x800'6364     0x4  startup_stm32f401xe.o [1]
  .text              ro code   0x800'6368     0x4  startup_stm32f401xe.o [1]
  .text              ro code   0x800'636c     0x4  startup_stm32f401xe.o [1]
  .text              ro code   0x800'6370     0x4  startup_stm32f401xe.o [1]
  .text              ro code   0x800'6374     0x4  startup_stm32f401xe.o [1]
  .text              ro code   0x800'6378     0x4  startup_stm32f401xe.o [1]
  .text              ro code   0x800'637c     0x4  startup_stm32f401xe.o [1]
  .text              ro code   0x800'6380     0x4  startup_stm32f401xe.o [1]
  .text              ro code   0x800'6384     0x4  startup_stm32f401xe.o [1]
  .text              ro code   0x800'6388     0x4  startup_stm32f401xe.o [1]
  .text              ro code   0x800'638c     0x4  startup_stm32f401xe.o [1]
  .text              ro code   0x800'6390     0x4  startup_stm32f401xe.o [1]
  .text              ro code   0x800'6394     0x4  startup_stm32f401xe.o [1]
  .text              ro code   0x800'6398     0x4  startup_stm32f401xe.o [1]
  .text              ro code   0x800'639c     0x4  startup_stm32f401xe.o [1]
  .text              ro code   0x800'63a0     0x4  startup_stm32f401xe.o [1]
  .text              ro code   0x800'63a4     0x4  startup_stm32f401xe.o [1]
  .text              ro code   0x800'63a8     0x4  startup_stm32f401xe.o [1]
  .text              ro code   0x800'63ac     0x4  startup_stm32f401xe.o [1]
  .text              ro code   0x800'63b0     0x4  startup_stm32f401xe.o [1]
  .text              ro code   0x800'63b4     0x4  startup_stm32f401xe.o [1]
  .text              ro code   0x800'63b8     0x4  startup_stm32f401xe.o [1]
  .rodata            const     0x800'63bc     0x0  zero_init3.o [10]
  .rodata            const     0x800'63bc     0x0  lz77_init_single.o [10]
  Initializer bytes  const     0x800'63bc    0xe8  <for P2-1>
                             - 0x800'64a4  0x6310

"P2", part 1 of 3:                          0x1bc
  P2-1                        0x2000'0000   0x1bc  <Init block>
    .data            inited   0x2000'0000     0xc  stm32f4xx_hal.o [6]
    .data            inited   0x2000'000c     0x4  system_stm32f4xx.o [5]
    .data            inited   0x2000'0010     0xc  usbd_cdc.o [7]
    .data            inited   0x2000'001c    0x38  usbd_cdc.o [7]
    .data            inited   0x2000'0054    0x44  usbd_cdc.o [7]
    .data            inited   0x2000'0098    0x44  usbd_cdc.o [7]
    .data            inited   0x2000'00dc    0x44  usbd_cdc.o [7]
    .data            inited   0x2000'0120    0x14  usbd_cdc_if.o [3]
    .data            inited   0x2000'0134    0x1c  usbd_desc.o [3]
    .data            inited   0x2000'0150    0x14  usbd_desc.o [3]
    .data            inited   0x2000'0164     0x4  usbd_desc.o [3]
    .data            inited   0x2000'0168    0x1c  usbd_desc.o [3]
    .data            inited   0x2000'0184    0x38  xlocale_c.o [8]
                            - 0x2000'01bc   0x1bc

"P2", part 2 of 3:                         0x1b6c
  .bss               zero     0x2000'01bc  0x1000  usbd_cdc_if.o [3]
  .bss               zero     0x2000'11bc   0x408  usbd_conf.o [4]
  .bss               zero     0x2000'15c4   0x2d0  usb_device.o [3]
  .bss               zero     0x2000'1894   0x200  usbd_desc.o [3]
  .bss               zero     0x2000'1a94   0x1d8  dlmalloc.o [8]
  .bss               zero     0x2000'1c6c    0x8c  main.o [2]
  .bss               zero     0x2000'1cf8    0x18  dlmalloc.o [8]
  .bss               zero     0x2000'1d10     0xc  main.o [2]
  .bss               zero     0x2000'1d1c     0x4  xfail_s.o [8]
  .bss               zero     0x2000'1d20     0x4  xgetmemchunk.o [8]
  .bss               zero     0x2000'1d24     0x1  usbd_ctlreq.o [7]
                            - 0x2000'1d25  0x1b69

"P2", part 3 of 3:                          0x600
  CSTACK                      0x2000'1d28   0x400  <Block>
    CSTACK           uninit   0x2000'1d28   0x400  <Block tail>
  HEAP                        0x2000'2128   0x200  <Block>
    HEAP             uninit   0x2000'2128   0x200  <Block tail>
                            - 0x2000'2328   0x600

Unused ranges:

         From           To      Size
         ----           --      ----
   0x800'64a4   0x807'ffff  0x7'9b5c
  0x2000'2328  0x2001'7fff  0x1'5cd8


*******************************************************************************
*** INIT TABLE
***

          Address      Size
          -------      ----
Zero (__iar_zero_init3)
    1 destination range, total size 0x1b69:
          0x2000'01bc  0x1b69

Copy/lz77 (__iar_lz77_init_single3)
    1 source range, total size 0xe8 (52% of destination):
           0x800'63bc    0xe8
    1 destination range, total size 0x1bc:
          0x2000'0000   0x1bc



*******************************************************************************
*** MODULE SUMMARY
***

    Module                  ro code  ro data  rw data
    ------                  -------  -------  -------
command line/config:
    -------------------------------------------------
    Total:

C:\Users\CanchezAK\Documents\IAR EW for ARM\16_to_32\EWARM\16_to_32\Obj\Application\EWARM: [1]
    startup_stm32f401xe.o       640
    -------------------------------------------------
    Total:                      640

C:\Users\CanchezAK\Documents\IAR EW for ARM\16_to_32\EWARM\16_to_32\Obj\Application\User\Core: [2]
    main.o                      684               152
    stm32f4xx_hal_msp.o         276
    stm32f4xx_it.o               32
    -------------------------------------------------
    Total:                      992               152

C:\Users\CanchezAK\Documents\IAR EW for ARM\16_to_32\EWARM\16_to_32\Obj\Application\User\USB_DEVICE\App: [3]
    usb_device.o                 84               720
    usbd_cdc_if.o               112       10    4'116
    usbd_desc.o                 256       42      592
    -------------------------------------------------
    Total:                      452       52    5'428

C:\Users\CanchezAK\Documents\IAR EW for ARM\16_to_32\EWARM\16_to_32\Obj\Application\User\USB_DEVICE\Target: [4]
    usbd_conf.o                 582             1'032
    -------------------------------------------------
    Total:                      582             1'032

C:\Users\CanchezAK\Documents\IAR EW for ARM\16_to_32\EWARM\16_to_32\Obj\Drivers\CMSIS: [5]
    system_stm32f4xx.o           44       10        4
    -------------------------------------------------
    Total:                       44       10        4

C:\Users\CanchezAK\Documents\IAR EW for ARM\16_to_32\EWARM\16_to_32\Obj\Drivers\STM32F4xx_HAL_Driver: [6]
    stm32f4xx_hal.o             184        6       12
    stm32f4xx_hal_cortex.o      196
    stm32f4xx_hal_gpio.o        440
    stm32f4xx_hal_pcd.o       2'098
    stm32f4xx_hal_pcd_ex.o       76
    stm32f4xx_hal_rcc.o       1'220
    stm32f4xx_hal_tim.o         420
    stm32f4xx_hal_tim_ex.o      120
    stm32f4xx_hal_uart.o        348
    stm32f4xx_ll_usb.o        2'308
    -------------------------------------------------
    Total:                    7'410        6       12

C:\Users\CanchezAK\Documents\IAR EW for ARM\16_to_32\EWARM\16_to_32\Obj\Middlewares\USB_Device_Library: [7]
    usbd_cdc.o                  748      142      272
    usbd_core.o                 664
    usbd_ctlreq.o             1'186                 1
    usbd_ioreq.o                 96
    -------------------------------------------------
    Total:                    2'694      142      273

dl7M_tlf.a: [8]
    abort.o                       6
    dlmalloc.o                5'332               496
    exit.o                        4
    heaptramp0.o                  4
    low_level_init.o              4
    sprintf.o                    64
    xfail_s.o                    64                 4
    xgetmemchunk.o               44                 4
    xlocale_c.o                   8       33       56
    xprintffull_nomb.o        3'886
    xsprout.o                    10
    -------------------------------------------------
    Total:                    9'426       33      560

m7M_tls.a: [9]
    DblAddSub.o                 590
    DblCmpGe.o                   52
    DblCmpLe.o                   52
    DblDiv.o                    582
    DblMul.o                    426
    DblToS32.o                   54
    DblToU32.o                   34
    S32ToDbl.o                   34
    U32ToDbl.o                   28
    fpinit_M.o                   34
    frexp.o                     112
    ldexp.o                     314
    -------------------------------------------------
    Total:                    2'312

rt7M_tl.a: [10]
    ABImemclr4.o                  6
    ABImemcpy_small.o            24
    ABImemset.o                 102
    ABImemset48.o                50
    I64DivMod_small.o           262
    I64DivZer.o                   2
    cexit.o                      10
    cmain.o                      30
    cstartup_M.o                 28
    data_init.o                  40
    lz77_init_single.o          120
    memchr.o                     88
    memset.o                     20
    strchr.o                     22
    strlen_small.o               20
    zero_init3.o                 56
    -------------------------------------------------
    Total:                      880

shb_l.a: [11]
    exit.o                       20
    -------------------------------------------------
    Total:                       20

    Gaps                         35        2
    Linker created                        32    1'536
-----------------------------------------------------
    Grand Total:             25'487      277    8'997


*******************************************************************************
*** ENTRY LIST
***

Entry                       Address   Size  Type      Object
-----                       -------   ----  ----      ------
.iar.init_table$$Base    0x800'6228          --   Gb  - Linker created -
.iar.init_table$$Limit   0x800'6248          --   Gb  - Linker created -
?main                    0x800'6279         Code  Gb  cmain.o [10]
AHBPrescTable            0x800'61cc   0x10  Data  Gb  system_stm32f4xx.o [5]
APBPrescTable            0x800'62d8    0x8  Data  Gb  system_stm32f4xx.o [5]
BusFault_Handler         0x800'624f    0x2  Code  Gb  stm32f4xx_it.o [2]
CDC_Control_FS           0x800'53e3    0x4  Code  Lc  usbd_cdc_if.o [3]
CDC_DeInit_FS            0x800'53df    0x4  Code  Lc  usbd_cdc_if.o [3]
CDC_Init_FS              0x800'53c1   0x1e  Code  Lc  usbd_cdc_if.o [3]
CDC_Receive_FS           0x800'53e7   0x16  Code  Lc  usbd_cdc_if.o [3]
CDC_TransmitCplt_FS      0x800'542d    0x4  Code  Lc  usbd_cdc_if.o [3]
CDC_Transmit_FS          0x800'53fd   0x26  Code  Gb  usbd_cdc_if.o [3]
CSTACK$$Base            0x2000'1d28          --   Gb  - Linker created -
CSTACK$$Limit           0x2000'2128          --   Gb  - Linker created -
DebugMon_Handler         0x800'6255    0x2  Code  Gb  stm32f4xx_it.o [2]
Error_Handler            0x800'4d99    0x4  Code  Gb  main.o [2]
FS_Desc                 0x2000'0134   0x1c  Data  Gb  usbd_desc.o [3]
HAL_Delay                0x800'39d1   0x28  Code  Gb  stm32f4xx_hal.o [6]
HAL_GPIO_Init            0x800'45dd  0x190  Code  Gb  stm32f4xx_hal_gpio.o [6]
HAL_GPIO_WritePin        0x800'476d    0x8  Code  Gb  stm32f4xx_hal_gpio.o [6]
HAL_GetTick              0x800'39f9    0xc  Code  Gb  stm32f4xx_hal.o [6]
HAL_IncTick              0x800'6269   0x10  Code  Gb  stm32f4xx_hal.o [6]
HAL_Init                 0x800'5431   0x30  Code  Gb  stm32f4xx_hal.o [6]
HAL_InitTick             0x800'4e49   0x40  Code  Gb  stm32f4xx_hal.o [6]
HAL_MspInit              0x800'5e6d   0x38  Code  Gb  stm32f4xx_hal_msp.o [2]
HAL_NVIC_EnableIRQ       0x800'4803   0x16  Code  Gb  stm32f4xx_hal_cortex.o [6]
HAL_NVIC_SetPriority     0x800'47c9   0x3a  Code  Gb  stm32f4xx_hal_cortex.o [6]
HAL_NVIC_SetPriorityGrouping
                         0x800'47af   0x1a  Code  Gb  stm32f4xx_hal_cortex.o [6]
HAL_PCDEx_LPM_Callback   0x800'447f    0x2  Code  Gb  stm32f4xx_hal_pcd_ex.o [6]
HAL_PCDEx_SetRxFiFo      0x800'4ddf    0x8  Code  Gb  stm32f4xx_hal_pcd_ex.o [6]
HAL_PCDEx_SetTxFiFo      0x800'4d9d   0x42  Code  Gb  stm32f4xx_hal_pcd_ex.o [6]
HAL_PCD_ConnectCallback
                         0x800'435d    0x8  Code  Gb  usbd_conf.o [4]
HAL_PCD_DataInStageCallback
                         0x800'42d5   0x12  Code  Gb  usbd_conf.o [4]
HAL_PCD_DataOutStageCallback
                         0x800'42c1   0x14  Code  Gb  usbd_conf.o [4]
HAL_PCD_DisconnectCallback
                         0x800'4365    0x8  Code  Gb  usbd_conf.o [4]
HAL_PCD_EP_Close         0x800'40d1   0x20  Code  Gb  stm32f4xx_hal_pcd.o [6]
HAL_PCD_EP_ClrStall      0x800'41d3   0x2e  Code  Gb  stm32f4xx_hal_pcd.o [6]
HAL_PCD_EP_GetRxCount    0x800'4107   0x10  Code  Gb  stm32f4xx_hal_pcd.o [6]
HAL_PCD_EP_Open          0x800'407b   0x56  Code  Gb  stm32f4xx_hal_pcd.o [6]
HAL_PCD_EP_Receive       0x800'40f1   0x16  Code  Gb  stm32f4xx_hal_pcd.o [6]
HAL_PCD_EP_SetStall      0x800'4167   0x64  Code  Gb  stm32f4xx_hal_pcd.o [6]
HAL_PCD_EP_Transmit      0x800'4117   0x12  Code  Gb  stm32f4xx_hal_pcd.o [6]
HAL_PCD_IRQHandler       0x800'3aed  0x528  Code  Gb  stm32f4xx_hal_pcd.o [6]
HAL_PCD_ISOINIncompleteCallback
                         0x800'4355    0x8  Code  Gb  usbd_conf.o [4]
HAL_PCD_ISOOUTIncompleteCallback
                         0x800'434d    0x8  Code  Gb  usbd_conf.o [4]
HAL_PCD_Init             0x800'3a05   0xb8  Code  Gb  stm32f4xx_hal_pcd.o [6]
HAL_PCD_MspInit          0x800'4239   0x7c  Code  Gb  usbd_conf.o [4]
HAL_PCD_ResetCallback    0x800'42ef   0x2c  Code  Gb  usbd_conf.o [4]
HAL_PCD_ResumeCallback   0x800'4345    0x8  Code  Gb  usbd_conf.o [4]
HAL_PCD_SOFCallback      0x800'42e7    0x8  Code  Gb  usbd_conf.o [4]
HAL_PCD_SetAddress       0x800'4059   0x22  Code  Gb  stm32f4xx_hal_pcd.o [6]
HAL_PCD_SetupStageCallback
                         0x800'42b5    0xc  Code  Gb  usbd_conf.o [4]
HAL_PCD_Start            0x800'3ad5   0x18  Code  Gb  stm32f4xx_hal_pcd.o [6]
HAL_PCD_SuspendCallback
                         0x800'431b   0x2a  Code  Gb  usbd_conf.o [4]
HAL_RCC_ClockConfig      0x800'4481  0x100  Code  Gb  stm32f4xx_hal_rcc.o [6]
HAL_RCC_GetHCLKFreq      0x800'458d    0x6  Code  Gb  stm32f4xx_hal_rcc.o [6]
HAL_RCC_GetPCLK1Freq     0x800'4593   0x10  Code  Gb  stm32f4xx_hal_rcc.o [6]
HAL_RCC_GetPCLK2Freq     0x800'45a3    0xe  Code  Gb  stm32f4xx_hal_rcc.o [6]
HAL_RCC_GetSysClockFreq
                         0x800'4de9   0x60  Code  Gb  stm32f4xx_hal_rcc.o [6]
HAL_RCC_OscConfig        0x800'5871  0x310  Code  Gb  stm32f4xx_hal_rcc.o [6]
HAL_SYSTICK_Config       0x800'4819   0x28  Code  Gb  stm32f4xx_hal_cortex.o [6]
HAL_TIMEx_MasterConfigSynchronization
                         0x800'5765   0x62  Code  Gb  stm32f4xx_hal_tim_ex.o [6]
HAL_TIM_Encoder_Init     0x800'55d1   0x8c  Code  Gb  stm32f4xx_hal_tim.o [6]
HAL_TIM_Encoder_MspInit
                         0x800'5ea5   0x58  Code  Gb  stm32f4xx_hal_msp.o [2]
HAL_TIM_Encoder_Start    0x800'565f   0x1e  Code  Gb  stm32f4xx_hal_tim.o [6]
HAL_UART_Init            0x800'5465   0x1e  Code  Gb  stm32f4xx_hal_uart.o [6]
HAL_UART_MspInit         0x800'5efd   0x56  Code  Gb  stm32f4xx_hal_msp.o [2]
HEAP$$Base              0x2000'2128          --   Gb  - Linker created -
HEAP$$Limit             0x2000'2328          --   Gb  - Linker created -
HardFault_Handler        0x800'624b    0x2  Code  Gb  stm32f4xx_it.o [2]
IntToUnicode             0x800'6091   0x26  Code  Lc  usbd_desc.o [3]
MX_USB_DEVICE_Init       0x800'57dd   0x54  Code  Gb  usb_device.o [3]
MemManage_Handler        0x800'624d    0x2  Code  Gb  stm32f4xx_it.o [2]
NMI_Handler              0x800'6249    0x2  Code  Gb  stm32f4xx_it.o [2]
OTG_FS_IRQHandler        0x800'625d    0x6  Code  Gb  stm32f4xx_it.o [2]
PendSV_Handler           0x800'6257    0x2  Code  Gb  stm32f4xx_it.o [2]
Region$$Table$$Base      0x800'6228          --   Gb  - Linker created -
Region$$Table$$Limit     0x800'6248          --   Gb  - Linker created -
SVC_Handler              0x800'6253    0x2  Code  Gb  stm32f4xx_it.o [2]
SWAPBYTE                 0x800'4ebd    0xa  Code  Lc  usbd_ctlreq.o [7]
SysTick_Handler          0x800'6259    0x4  Code  Gb  stm32f4xx_it.o [2]
SystemClock_Config       0x800'4cbf   0x9c  Code  Gb  main.o [2]
SystemCoreClock         0x2000'000c    0x4  Data  Gb  system_stm32f4xx.o [5]
SystemInit               0x800'61b1   0x14  Code  Gb  system_stm32f4xx.o [5]
TIM_Base_SetConfig       0x800'56ad   0x7a  Code  Gb  stm32f4xx_hal_tim.o [6]
TIM_CCxChannelCmd        0x800'5749   0x16  Code  Gb  stm32f4xx_hal_tim.o [6]
TX_Buff                 0x2000'1d10    0xc  Data  Gb  main.o [2]
UART_SetConfig           0x800'54db   0xcc  Code  Lc  stm32f4xx_hal_uart.o [6]
USBD_CDC                0x2000'001c   0x38  Data  Gb  usbd_cdc.o [7]
USBD_CDC_CfgFSDesc      0x2000'0098   0x44  Data  Lc  usbd_cdc.o [7]
USBD_CDC_CfgHSDesc      0x2000'0054   0x44  Data  Lc  usbd_cdc.o [7]
USBD_CDC_DataIn          0x800'5d11   0x60  Code  Lc  usbd_cdc.o [7]
USBD_CDC_DataOut         0x800'5d71   0x28  Code  Lc  usbd_cdc.o [7]
USBD_CDC_DeInit          0x800'5c1b   0x4a  Code  Lc  usbd_cdc.o [7]
USBD_CDC_DeviceQualifierDesc
                        0x2000'0010    0xc  Data  Lc  usbd_cdc.o [7]
USBD_CDC_EP0_RxReady     0x800'5d99   0x26  Code  Lc  usbd_cdc.o [7]
USBD_CDC_GetDeviceQualifierDescriptor
                         0x800'5dd7    0x8  Code  Gb  usbd_cdc.o [7]
USBD_CDC_GetFSCfgDesc    0x800'5dbf    0x8  Code  Lc  usbd_cdc.o [7]
USBD_CDC_GetHSCfgDesc    0x800'5dc7    0x8  Code  Lc  usbd_cdc.o [7]
USBD_CDC_GetOtherSpeedCfgDesc
                         0x800'5dcf    0x8  Code  Lc  usbd_cdc.o [7]
USBD_CDC_Init            0x800'5b81   0x90  Code  Lc  usbd_cdc.o [7]
USBD_CDC_OtherSpeedCfgDesc
                        0x2000'00dc   0x44  Data  Lc  usbd_cdc.o [7]
USBD_CDC_ReceivePacket   0x800'5e47   0x26  Code  Gb  usbd_cdc.o [7]
USBD_CDC_RegisterInterface
                         0x800'5df1    0xe  Code  Gb  usbd_cdc.o [7]
USBD_CDC_SetRxBuffer     0x800'5e0f    0xc  Code  Gb  usbd_cdc.o [7]
USBD_CDC_SetTxBuffer     0x800'5dff   0x10  Code  Gb  usbd_cdc.o [7]
USBD_CDC_Setup           0x800'5c65   0xac  Code  Lc  usbd_cdc.o [7]
USBD_CDC_TransmitPacket
                         0x800'5e1b   0x2c  Code  Gb  usbd_cdc.o [7]
USBD_ClrClassConfig      0x800'48bf   0x10  Code  Gb  usbd_core.o [7]
USBD_CtlContinueRx       0x800'5393    0x4  Code  Gb  usbd_ioreq.o [7]
USBD_CtlContinueSendData
                         0x800'536f    0x4  Code  Gb  usbd_ioreq.o [7]
USBD_CtlError            0x800'5303   0x16  Code  Gb  usbd_ctlreq.o [7]
USBD_CtlPrepareRx        0x800'537f   0x14  Code  Gb  usbd_ioreq.o [7]
USBD_CtlReceiveStatus    0x800'53b1    0xe  Code  Gb  usbd_ioreq.o [7]
USBD_CtlSendData         0x800'535f   0x10  Code  Gb  usbd_ioreq.o [7]
USBD_CtlSendStatus       0x800'53a3    0xe  Code  Gb  usbd_ioreq.o [7]
USBD_FS_ConfigStrDescriptor
                         0x800'605d    0xc  Code  Gb  usbd_desc.o [3]
USBD_FS_DeviceDesc      0x2000'0150   0x14  Data  Gb  usbd_desc.o [3]
USBD_FS_DeviceDescriptor
                         0x800'6001    0x8  Code  Gb  usbd_desc.o [3]
USBD_FS_InterfaceStrDescriptor
                         0x800'6085    0xc  Code  Gb  usbd_desc.o [3]
USBD_FS_LangIDStrDescriptor
                         0x800'6009    0x8  Code  Gb  usbd_desc.o [3]
USBD_FS_ManufacturerStrDescriptor
                         0x800'601d    0xa  Code  Gb  usbd_desc.o [3]
USBD_FS_ProductStrDescriptor
                         0x800'6011    0xc  Code  Gb  usbd_desc.o [3]
USBD_FS_SerialStrDescriptor
                         0x800'6031   0x2c  Code  Gb  usbd_desc.o [3]
USBD_GetString           0x800'5319   0x46  Code  Gb  usbd_ctlreq.o [7]
USBD_Get_USB_Status      0x800'446d   0x12  Code  Gb  usbd_conf.o [4]
USBD_Init                0x800'4859   0x2e  Code  Gb  usbd_core.o [7]
USBD_Interface_fops_FS  0x2000'0120   0x14  Data  Gb  usbd_cdc_if.o [3]
USBD_LL_ClearStallEP     0x800'4417    0xc  Code  Gb  usbd_conf.o [4]
USBD_LL_CloseEP          0x800'43ff    0xc  Code  Gb  usbd_conf.o [4]
USBD_LL_DataInStage      0x800'4997   0x9e  Code  Gb  usbd_core.o [7]
USBD_LL_DataOutStage     0x800'492b   0x6c  Code  Gb  usbd_core.o [7]
USBD_LL_DevConnected     0x800'4ad3    0x4  Code  Gb  usbd_core.o [7]
USBD_LL_DevDisconnected
                         0x800'4ad7   0x1a  Code  Gb  usbd_core.o [7]
USBD_LL_GetRxDataSize    0x800'4465    0x8  Code  Gb  usbd_conf.o [4]
USBD_LL_Init             0x800'436d   0x5a  Code  Gb  usbd_conf.o [4]
USBD_LL_IsStallEP        0x800'4423   0x1e  Code  Gb  usbd_conf.o [4]
USBD_LL_IsoINIncomplete
                         0x800'4acb    0x4  Code  Gb  usbd_core.o [7]
USBD_LL_IsoOUTIncomplete
                         0x800'4acf    0x4  Code  Gb  usbd_core.o [7]
USBD_LL_OpenEP           0x800'43e9   0x16  Code  Gb  usbd_conf.o [4]
USBD_LL_PrepareReceive   0x800'4459    0xc  Code  Gb  usbd_conf.o [4]
USBD_LL_Reset            0x800'4a35   0x56  Code  Gb  usbd_core.o [7]
USBD_LL_Resume           0x800'4aa1   0x12  Code  Gb  usbd_core.o [7]
USBD_LL_SOF              0x800'4ab3   0x18  Code  Gb  usbd_core.o [7]
USBD_LL_SetSpeed         0x800'4a8b    0x6  Code  Gb  usbd_core.o [7]
USBD_LL_SetUSBAddress    0x800'4441    0xc  Code  Gb  usbd_conf.o [4]
USBD_LL_SetupStage       0x800'48cf   0x5c  Code  Gb  usbd_core.o [7]
USBD_LL_StallEP          0x800'440b    0xc  Code  Gb  usbd_conf.o [4]
USBD_LL_Start            0x800'43d9    0xa  Code  Gb  usbd_conf.o [4]
USBD_LL_Suspend          0x800'4a91   0x10  Code  Gb  usbd_core.o [7]
USBD_LL_Transmit         0x800'444d    0xc  Code  Gb  usbd_conf.o [4]
USBD_LangIDDesc         0x2000'0164    0x4  Data  Gb  usbd_desc.o [3]
USBD_ParseSetupRequest   0x800'52d9   0x2a  Code  Gb  usbd_ctlreq.o [7]
USBD_RegisterClass       0x800'4887   0x20  Code  Gb  usbd_core.o [7]
USBD_SetClassConfig      0x800'48ab   0x14  Code  Gb  usbd_core.o [7]
USBD_SetConfig::cfgidx  0x2000'1d24    0x1  Data  Lc  usbd_ctlreq.o [7]
USBD_Start               0x800'48a7    0x4  Code  Gb  usbd_core.o [7]
USBD_StdDevReq           0x800'4ec9  0x270  Code  Gb  usbd_ctlreq.o [7]
USBD_StdEPReq            0x800'51a7  0x120  Code  Gb  usbd_ctlreq.o [7]
USBD_StdItfReq           0x800'515b   0x4c  Code  Gb  usbd_ctlreq.o [7]
USBD_StrDesc            0x2000'1894  0x200  Data  Gb  usbd_desc.o [3]
USBD_StringSerial       0x2000'0168   0x1c  Data  Gb  usbd_desc.o [3]
USB_ActivateEndpoint     0x800'340b   0x5c  Code  Gb  stm32f4xx_ll_usb.o [6]
USB_ActivateSetup        0x800'38bb   0x18  Code  Gb  stm32f4xx_ll_usb.o [6]
USB_CoreInit             0x800'30cd   0x78  Code  Gb  stm32f4xx_ll_usb.o [6]
USB_CoreReset            0x800'3917   0x2c  Code  Lc  stm32f4xx_ll_usb.o [6]
USB_DeactivateEndpoint   0x800'3479   0x5c  Code  Gb  stm32f4xx_ll_usb.o [6]
USB_DevConnect           0x800'381d   0x18  Code  Gb  stm32f4xx_ll_usb.o [6]
USB_DevDisconnect        0x800'3835   0x16  Code  Gb  stm32f4xx_ll_usb.o [6]
USB_DevInit              0x800'3255  0x154  Code  Gb  stm32f4xx_ll_usb.o [6]
USB_DisableGlobalInt     0x800'321b    0x6  Code  Gb  stm32f4xx_ll_usb.o [6]
USB_EP0StartXfer         0x800'3695   0xc8  Code  Gb  stm32f4xx_ll_usb.o [6]
USB_EP0_OutStart         0x800'38d3   0x44  Code  Gb  stm32f4xx_ll_usb.o [6]
USB_EPClearStall         0x800'37cf   0x32  Code  Gb  stm32f4xx_ll_usb.o [6]
USB_EPSetStall           0x800'379f   0x30  Code  Gb  stm32f4xx_ll_usb.o [6]
USB_EPStartXfer          0x800'3539  0x15c  Code  Gb  stm32f4xx_ll_usb.o [6]
USB_EnableGlobalInt      0x800'3213    0x8  Code  Gb  stm32f4xx_ll_usb.o [6]
USB_FlushRxFifo          0x800'33c9   0x1c  Code  Gb  stm32f4xx_ll_usb.o [6]
USB_FlushTxFifo          0x800'33a9   0x20  Code  Gb  stm32f4xx_ll_usb.o [6]
USB_GetDevSpeed          0x800'33ef   0x1c  Code  Gb  stm32f4xx_ll_usb.o [6]
USB_GetMode              0x800'38b3    0x8  Code  Gb  stm32f4xx_ll_usb.o [6]
USB_ReadDevAllInEpInterrupt
                         0x800'3869    0xe  Code  Gb  stm32f4xx_ll_usb.o [6]
USB_ReadDevAllOutEpInterrupt
                         0x800'385b    0xe  Code  Gb  stm32f4xx_ll_usb.o [6]
USB_ReadDevInEPInterrupt
                         0x800'388d   0x26  Code  Gb  stm32f4xx_ll_usb.o [6]
USB_ReadDevOutEPInterrupt
                         0x800'3877   0x16  Code  Gb  stm32f4xx_ll_usb.o [6]
USB_ReadInterrupts       0x800'3851    0xa  Code  Gb  stm32f4xx_ll_usb.o [6]
USB_ReadPacket           0x800'3781   0x1e  Code  Gb  stm32f4xx_ll_usb.o [6]
USB_SetCurrentMode       0x800'3227   0x2e  Code  Gb  stm32f4xx_ll_usb.o [6]
USB_SetDevAddress        0x800'3801   0x16  Code  Gb  stm32f4xx_ll_usb.o [6]
USB_SetDevSpeed          0x800'33e5    0xa  Code  Gb  stm32f4xx_ll_usb.o [6]
USB_SetTurnaroundTime    0x800'3145   0xce  Code  Gb  stm32f4xx_ll_usb.o [6]
USB_WritePacket          0x800'375d   0x24  Code  Gb  stm32f4xx_ll_usb.o [6]
UsageFault_Handler       0x800'6251    0x2  Code  Gb  stm32f4xx_it.o [2]
UserRxBufferFS          0x2000'01bc  0x800  Data  Gb  usbd_cdc_if.o [3]
UserTxBufferFS          0x2000'09bc  0x800  Data  Gb  usbd_cdc_if.o [3]
_LitobFullNoMb           0x800'23ed  0x10c  Code  Lc  xprintffull_nomb.o [8]
_Locale_lconv           0x2000'0184   0x38  Data  Lc  xlocale_c.o [8]
_PrintfFullNoMb          0x800'16b9  0xd06  Code  Gb  xprintffull_nomb.o [8]
_PutcharFullNoMb         0x800'2551   0x20  Code  Lc  xprintffull_nomb.o [8]
_PutcharsFullNoMb        0x800'2571   0x2e  Code  Lc  xprintffull_nomb.o [8]
_SProut                  0x800'166f    0xa  Code  Gb  xsprout.o [8]
__NVIC_SetPriority       0x800'4795   0x1a  Code  Lc  stm32f4xx_hal_cortex.o [6]
__aeabi_cdcmple          0x800'2735         Code  Gb  DblCmpLe.o [9]
__aeabi_cdrcmple         0x800'2769         Code  Gb  DblCmpGe.o [9]
__aeabi_d2iz             0x800'28d9         Code  Gb  DblToS32.o [9]
__aeabi_d2uiz            0x800'2dcd         Code  Gb  DblToU32.o [9]
__aeabi_ddiv             0x800'2b85         Code  Gb  DblDiv.o [9]
__aeabi_dmul             0x800'2e0d         Code  Gb  DblMul.o [9]
__aeabi_dsub             0x800'2aa1         Code  Gb  DblAddSub.o [9]
__aeabi_i2d              0x800'2911         Code  Gb  S32ToDbl.o [9]
__aeabi_ldiv0            0x800'30c9         Code  Gb  I64DivZer.o [10]
__aeabi_memclr4          0x800'45d5         Code  Gb  ABImemclr4.o [10]
__aeabi_memset           0x800'5f99         Code  Gb  ABImemset.o [10]
__aeabi_ui2d             0x800'2df1         Code  Gb  U32ToDbl.o [9]
__cmain                  0x800'6279         Code  Gb  cmain.o [10]
__data_GetMemChunk       0x800'1679   0x2c  Code  Gb  xgetmemchunk.o [8]
__data_GetMemChunk::start
                        0x2000'1d20    0x4  Data  Lc  xgetmemchunk.o [8]
__exit                   0x800'16a5   0x14  Code  Gb  exit.o [11]
__iar_Fail_s             0x800'2601   0x1c  Code  Gb  xfail_s.o [8]
__iar_Memchr             0x800'2655         Code  Gb  memchr.o [10]
__iar_Memset             0x800'5f99         Code  Gb  ABImemset.o [10]
__iar_Memset4_word       0x800'4e89         Code  Gb  ABImemset48.o [10]
__iar_Memset8_word       0x800'4e89         Code  Gb  ABImemset48.o [10]
__iar_Memset_word        0x800'5fa1         Code  Gb  ABImemset.o [10]
__iar_Strchr             0x800'25e9         Code  Gb  strchr.o [10]
__iar_data_init3         0x800'61dd   0x28  Code  Gb  data_init.o [10]
__iar_dlfree             0x800'1133  0x52c  Code  Gb  dlmalloc.o [8]
__iar_dlmalloc           0x800'021d  0xf16  Code  Gb  dlmalloc.o [8]
__iar_frexp              0x800'26d1         Code  Gb  frexp.o [9]
__iar_frexpl             0x800'26d1         Code  Gb  frexp.o [9]
__iar_init_vfp           0x800'6205         Code  Gb  fpinit_M.o [9]
__iar_ldexp64            0x800'279d         Code  Gb  ldexp.o [9]
__iar_lz77_init_single3
                         0x800'6101   0x78  Code  Gb  lz77_init_single.o [10]
__iar_program_start      0x800'62ad         Code  Gb  cstartup_M.o [10]
__iar_scalbln64          0x800'279d         Code  Gb  ldexp.o [9]
__iar_scalbn64           0x800'279d         Code  Gb  ldexp.o [9]
__iar_small_Memcpy       0x800'26b1         Code  Gb  ABImemcpy_small.o [10]
__iar_small_memcpy       0x800'26ad         Code  Gb  ABImemcpy_small.o [10]
__iar_small_memcpy4      0x800'26ad         Code  Gb  ABImemcpy_small.o [10]
__iar_small_memcpy8      0x800'26ad         Code  Gb  ABImemcpy_small.o [10]
__iar_small_strlen       0x800'2641         Code  Gb  strlen_small.o [10]
__iar_small_uldivmod     0x800'2fc1         Code  Gb  I64DivMod_small.o [10]
__iar_softfp___iar_frexp64
                         0x800'26c5         Code  Gb  frexp.o [9]
__iar_softfp_frexp       0x800'26c5         Code  Gb  frexp.o [9]
__iar_softfp_frexpl      0x800'26c5         Code  Gb  frexp.o [9]
__iar_zero_init3         0x800'6179   0x38  Code  Gb  zero_init3.o [10]
__low_level_init         0x800'6297    0x4  Code  Gb  low_level_init.o [8]
__vector_table           0x800'0000         Data  Gb  startup_stm32f401xe.o [1]
_call_main               0x800'6285         Code  Gb  cmain.o [10]
_exit                    0x800'62a1         Code  Gb  cexit.o [10]
_gm_                    0x2000'1a94  0x1d8  Data  Lc  dlmalloc.o [8]
abort                    0x800'1669    0x6  Code  Gb  abort.o [8]
count                   0x2000'1c6c    0x2  Data  Gb  main.o [2]
exit                     0x800'629b    0x4  Code  Gb  exit.o [8]
free                     0x800'5f81    0x4  Code  Gb  heaptramp0.o [8]
hUsbDeviceFS            0x2000'15c4  0x2d0  Data  Gb  usb_device.o [3]
hpcd_USB_OTG_FS         0x2000'11bc  0x408  Data  Gb  usbd_conf.o [4]
htim4                   0x2000'1cb0   0x40  Data  Gb  main.o [2]
huart2                  0x2000'1c70   0x40  Data  Gb  main.o [2]
init_mparams             0x800'01b1   0x2c  Code  Lc  dlmalloc.o [8]
init_top                 0x800'01dd   0x34  Code  Lc  dlmalloc.o [8]
ldexp                    0x800'279d         Code  Gb  ldexp.o [9]
ldexpl                   0x800'279d         Code  Gb  ldexp.o [9]
localeconv               0x800'2fb9    0x4  Code  Gb  xlocale_c.o [8]
main                     0x800'4b3f  0x180  Code  Gb  main.o [2]
memchr                   0x800'2655         Code  Gb  memchr.o [10]
memset                   0x800'5f85   0x14  Code  Gb  memset.o [10]
mparams                 0x2000'1cf8   0x18  Data  Lc  dlmalloc.o [8]
multipler               0x2000'1cf4    0x4  Data  Gb  main.o [2]
res                     0x2000'1cf0    0x4  Data  Gb  main.o [2]
scalbln                  0x800'279d         Code  Gb  ldexp.o [9]
scalblnl                 0x800'279d         Code  Gb  ldexp.o [9]
scalbn                   0x800'279d         Code  Gb  ldexp.o [9]
scalbnl                  0x800'279d         Code  Gb  ldexp.o [9]
scale                    0x800'24f9   0x46  Code  Lc  xprintffull_nomb.o [8]
sec_hand                0x2000'1d1c    0x4  Data  Lc  xfail_s.o [8]
segment_holding          0x800'0195   0x1c  Code  Lc  dlmalloc.o [8]
sprintf                  0x800'5831   0x40  Code  Gb  sprintf.o [8]
strchr                   0x800'25e9         Code  Gb  strchr.o [10]
transmit                 0x800'4af1   0x4e  Code  Gb  main.o [2]
uwTick                  0x2000'0004    0x4  Data  Gb  stm32f4xx_hal.o [6]
uwTickFreq              0x2000'0000    0x1  Data  Gb  stm32f4xx_hal.o [6]
uwTickPrio              0x2000'0008    0x4  Data  Gb  stm32f4xx_hal.o [6]


[1] = C:\Users\CanchezAK\Documents\IAR EW for ARM\16_to_32\EWARM\16_to_32\Obj\Application\EWARM
[2] = C:\Users\CanchezAK\Documents\IAR EW for ARM\16_to_32\EWARM\16_to_32\Obj\Application\User\Core
[3] = C:\Users\CanchezAK\Documents\IAR EW for ARM\16_to_32\EWARM\16_to_32\Obj\Application\User\USB_DEVICE\App
[4] = C:\Users\CanchezAK\Documents\IAR EW for ARM\16_to_32\EWARM\16_to_32\Obj\Application\User\USB_DEVICE\Target
[5] = C:\Users\CanchezAK\Documents\IAR EW for ARM\16_to_32\EWARM\16_to_32\Obj\Drivers\CMSIS
[6] = C:\Users\CanchezAK\Documents\IAR EW for ARM\16_to_32\EWARM\16_to_32\Obj\Drivers\STM32F4xx_HAL_Driver
[7] = C:\Users\CanchezAK\Documents\IAR EW for ARM\16_to_32\EWARM\16_to_32\Obj\Middlewares\USB_Device_Library
[8] = dl7M_tlf.a
[9] = m7M_tls.a
[10] = rt7M_tl.a
[11] = shb_l.a

  25'487 bytes of readonly  code memory
     277 bytes of readonly  data memory
   8'997 bytes of readwrite data memory

Errors: none
Warnings: none
