###############################################################################
#
# IAR ELF Linker V9.10.2.313/W64 for ARM                  21/Feb/2023  14:01:05
# Copyright 2007-2021 IAR Systems AB.
#
#    Output file  =
#        C:\Users\EliteBook\Documents\IAR_Projects\Time_var\EWARM\Time_var\Exe\Time_var.out
#    Map file     =
#        C:\Users\EliteBook\Documents\IAR_Projects\Time_var\EWARM\Time_var\List\Time_var.map
#    Command line =
#        -f
#        C:\Users\EliteBook\Documents\IAR_Projects\Time_var\EWARM\Time_var\Exe\Time_var.out.rsp
#        (C:\Users\EliteBook\Documents\IAR_Projects\Time_var\EWARM\Time_var\Obj\Drivers\SSD1306\fonts.o
#        C:\Users\EliteBook\Documents\IAR_Projects\Time_var\EWARM\Time_var\Obj\Application\User\Core\main.o
#        C:\Users\EliteBook\Documents\IAR_Projects\Time_var\EWARM\Time_var\Obj\Drivers\Filters\sma_filter.o
#        C:\Users\EliteBook\Documents\IAR_Projects\Time_var\EWARM\Time_var\Obj\Drivers\SSD1306\ssd1306.o
#        C:\Users\EliteBook\Documents\IAR_Projects\Time_var\EWARM\Time_var\Obj\Application\EWARM\startup_stm32f411xe.o
#        C:\Users\EliteBook\Documents\IAR_Projects\Time_var\EWARM\Time_var\Obj\Drivers\STM32F4xx_HAL_Driver\stm32f4xx_hal.o
#        C:\Users\EliteBook\Documents\IAR_Projects\Time_var\EWARM\Time_var\Obj\Drivers\STM32F4xx_HAL_Driver\stm32f4xx_hal_cortex.o
#        C:\Users\EliteBook\Documents\IAR_Projects\Time_var\EWARM\Time_var\Obj\Drivers\STM32F4xx_HAL_Driver\stm32f4xx_hal_dma.o
#        C:\Users\EliteBook\Documents\IAR_Projects\Time_var\EWARM\Time_var\Obj\Drivers\STM32F4xx_HAL_Driver\stm32f4xx_hal_dma_ex.o
#        C:\Users\EliteBook\Documents\IAR_Projects\Time_var\EWARM\Time_var\Obj\Drivers\STM32F4xx_HAL_Driver\stm32f4xx_hal_exti.o
#        C:\Users\EliteBook\Documents\IAR_Projects\Time_var\EWARM\Time_var\Obj\Drivers\STM32F4xx_HAL_Driver\stm32f4xx_hal_flash.o
#        C:\Users\EliteBook\Documents\IAR_Projects\Time_var\EWARM\Time_var\Obj\Drivers\STM32F4xx_HAL_Driver\stm32f4xx_hal_flash_ex.o
#        C:\Users\EliteBook\Documents\IAR_Projects\Time_var\EWARM\Time_var\Obj\Drivers\STM32F4xx_HAL_Driver\stm32f4xx_hal_flash_ramfunc.o
#        C:\Users\EliteBook\Documents\IAR_Projects\Time_var\EWARM\Time_var\Obj\Drivers\STM32F4xx_HAL_Driver\stm32f4xx_hal_gpio.o
#        C:\Users\EliteBook\Documents\IAR_Projects\Time_var\EWARM\Time_var\Obj\Application\User\Core\stm32f4xx_hal_msp.o
#        C:\Users\EliteBook\Documents\IAR_Projects\Time_var\EWARM\Time_var\Obj\Drivers\STM32F4xx_HAL_Driver\stm32f4xx_hal_pwr.o
#        C:\Users\EliteBook\Documents\IAR_Projects\Time_var\EWARM\Time_var\Obj\Drivers\STM32F4xx_HAL_Driver\stm32f4xx_hal_pwr_ex.o
#        C:\Users\EliteBook\Documents\IAR_Projects\Time_var\EWARM\Time_var\Obj\Drivers\STM32F4xx_HAL_Driver\stm32f4xx_hal_rcc.o
#        C:\Users\EliteBook\Documents\IAR_Projects\Time_var\EWARM\Time_var\Obj\Drivers\STM32F4xx_HAL_Driver\stm32f4xx_hal_rcc_ex.o
#        C:\Users\EliteBook\Documents\IAR_Projects\Time_var\EWARM\Time_var\Obj\Drivers\STM32F4xx_HAL_Driver\stm32f4xx_hal_spi.o
#        C:\Users\EliteBook\Documents\IAR_Projects\Time_var\EWARM\Time_var\Obj\Drivers\STM32F4xx_HAL_Driver\stm32f4xx_hal_tim.o
#        C:\Users\EliteBook\Documents\IAR_Projects\Time_var\EWARM\Time_var\Obj\Drivers\STM32F4xx_HAL_Driver\stm32f4xx_hal_tim_ex.o
#        C:\Users\EliteBook\Documents\IAR_Projects\Time_var\EWARM\Time_var\Obj\Application\User\Core\stm32f4xx_it.o
#        C:\Users\EliteBook\Documents\IAR_Projects\Time_var\EWARM\Time_var\Obj\Drivers\CMSIS\system_stm32f4xx.o
#        --redirect _Printf=_PrintfFull --redirect _Scanf=_ScanfFull
#        --no_out_extension -o
#        C:\Users\EliteBook\Documents\IAR_Projects\Time_var\EWARM\Time_var\Exe\Time_var.out
#        --map
#        C:\Users\EliteBook\Documents\IAR_Projects\Time_var\EWARM\Time_var\List\Time_var.map
#        --config
#        C:\Users\EliteBook\Documents\IAR_Projects\Time_var\EWARM/stm32f411xe_flash.icf
#        --semihosting --entry __iar_program_start --vfe --text_out locale)
#
###############################################################################

*******************************************************************************
*** RUNTIME MODEL ATTRIBUTES
***

CppFlavor       = *
__SystemLibrary = DLib
__dlib_version  = 6


*******************************************************************************
*** HEAP SELECTION
***

The basic heap was selected because no calls to memory allocation
functions were found in the application outside of system library
functions, and there are calls to deallocation functions in the
application.


*******************************************************************************
*** PLACEMENT SUMMARY
***

"A0":  place at address 0x800'0000 { ro section .intvec };
"P1":  place in [from 0x800'0000 to 0x807'ffff] { ro };
define block CSTACK with size = 1K, alignment = 8 { };
define block HEAP with size = 512, alignment = 8 { };
"P2":  place in [from 0x2000'0000 to 0x2001'ffff] {
          rw, block CSTACK, block HEAP };
initialize by copy { rw };

  Section            Kind         Address    Size  Object
  -------            ----         -------    ----  ------
"A0":                                       0x198
  .intvec            ro code   0x800'0000   0x198  startup_stm32f411xe.o [1]
                             - 0x800'0198   0x198

"P1":                                      0x5a54
  .rodata            const     0x800'0198  0x134c  fonts.o [5]
  .text              ro code   0x800'14e4  0x101e  xprintffull.o [7]
  .text              ro code   0x800'2502    0x1e  xencoding_8859_1.o [7]
  .text              ro code   0x800'2520    0x7c  xlocale_c.o [7]
  .text              ro code   0x800'259c    0x16  strchr.o [9]
  .text              ro code   0x800'25b2     0xa  xsprout.o [7]
  .text              ro code   0x800'25bc    0x40  xfail_s.o [7]
  .text              ro code   0x800'25fc    0x14  strlen_small.o [9]
  .text              ro code   0x800'2610    0x58  memchr.o [9]
  .text              ro code   0x800'2668    0xa6  ABImemcpy.o [9]
  .rodata            const     0x800'270e     0x2  xlocale_c.o [7]
  .text              ro code   0x800'2710    0x70  frexp.o [8]
  .text              ro code   0x800'2780    0x34  DblCmpLe.o [8]
  .text              ro code   0x800'27b4    0x34  DblCmpGe.o [8]
  .text              ro code   0x800'27e8   0x13a  ldexp.o [8]
  .rodata            const     0x800'2922     0x2  xlocale_c.o [7]
  .text              ro code   0x800'2924    0x36  DblToS32.o [8]
  .rodata            const     0x800'295a     0x1  xlocale_c.o [7]
  .text              ro code   0x800'295c    0x22  S32ToDbl.o [8]
  .text              ro code   0x800'2980   0x24e  DblAddSub.o [8]
  .text              ro code   0x800'2bd0   0x246  DblDiv.o [8]
  .text              ro code   0x800'2e18    0x22  DblToU32.o [8]
  .text              ro code   0x800'2e3c    0x1c  U32ToDbl.o [8]
  .text              ro code   0x800'2e58   0x1aa  DblMul.o [8]
  .text              ro code   0x800'3002     0xa  xmbcurmax.o [7]
  .text              ro code   0x800'300c   0x106  I64DivMod_small.o [9]
  .text              ro code   0x800'3112     0x6  abort.o [7]
  .text              ro code   0x800'3118     0x2  I64DivZer.o [9]
  .text              ro code   0x800'311c    0x14  exit.o [10]
  .text              ro code   0x800'3130   0x874  stm32f4xx_hal_tim.o [6]
  .text              ro code   0x800'39a4   0x1bc  stm32f4xx_hal_msp.o [2]
  .text              ro code   0x800'3b60     0x2  stm32f4xx_hal_tim.o [6]
  .text              ro code   0x800'3b62     0x2  stm32f4xx_hal_tim.o [6]
  .text              ro code   0x800'3b64     0x2  stm32f4xx_hal_tim.o [6]
  .text              ro code   0x800'3b66     0x2  stm32f4xx_hal_tim_ex.o [6]
  .text              ro code   0x800'3b68     0x2  stm32f4xx_hal_tim.o [6]
  .text              ro code   0x800'3b6a     0x2  stm32f4xx_hal_tim_ex.o [6]
  .text              ro code   0x800'3b6c     0x2  stm32f4xx_hal_tim.o [6]
  .text              ro code   0x800'3b70   0x1cc  stm32f4xx_hal_gpio.o [6]
  .text              ro code   0x800'3d3c   0x304  stm32f4xx_hal_dma.o [6]
  .text              ro code   0x800'4040   0x3f0  main.o [2]
  .text              ro code   0x800'4430    0xc4  stm32f4xx_hal_cortex.o [6]
  .text              ro code   0x800'44f4    0x14  memset.o [9]
  .text              ro code   0x800'4508     0xc  stm32f4xx_hal.o [6]
  .text              ro code   0x800'4514    0x48  FltToDbl.o [8]
  .text              ro code   0x800'455c    0x62  round.o [8]
  .text              ro code   0x800'45c0    0x34  stm32f4xx_hal.o [6]
  .text              ro code   0x800'45f4     0x6  ABImemclr4.o [9]
  .text              ro code   0x800'45fc    0x78  stm32f4xx_hal_tim_ex.o [6]
  .text              ro code   0x800'4674   0x624  stm32f4xx_hal_spi.o [6]
  .text              ro code   0x800'4c98   0x410  ssd1306.o [5]
  .text              ro code   0x800'50a8    0x28  stm32f4xx_hal.o [6]
  .text              ro code   0x800'50d0    0x9c  sma_filter.o [4]
  .text              ro code   0x800'516c    0x40  sprintf.o [7]
  .text              ro code   0x800'51ac   0x31c  stm32f4xx_hal_rcc.o [6]
  .text              ro code   0x800'54c8   0x120  stm32f4xx_hal_rcc.o [6]
  .text              ro code   0x800'55e8    0x12  ABImemset_small.o [9]
  .text              ro code   0x800'55fc    0x40  stm32f4xx_hal.o [6]
  .text              ro code   0x800'563c    0x3a  ABImemset48.o [9]
  .text              ro code   0x800'5676     0x2  stm32f4xx_hal_spi.o [6]
  .text              ro code   0x800'5678     0x2  stm32f4xx_hal_spi.o [6]
  .text              ro code   0x800'567c    0x60  stm32f4xx_hal_rcc.o [6]
  .text              ro code   0x800'56dc    0x84  stm32f4xx_it.o [2]
  .text              ro code   0x800'5760    0x10  stm32f4xx_hal.o [6]
  .text              ro code   0x800'5770    0x78  lz77_init_single.o [9]
  .text              ro code   0x800'57e8    0x38  zero_init3.o [9]
  .text              ro code   0x800'5820    0x28  data_init.o [9]
  .text              ro code   0x800'5848    0x22  fpinit_M.o [8]
  .iar.init_table    const     0x800'586c    0x20  - Linker created -
  .text              ro code   0x800'588c    0x20  system_stm32f4xx.o [3]
  .text              ro code   0x800'58ac    0x1e  cmain.o [9]
  .text              ro code   0x800'58ca     0x4  low_level_init.o [7]
  .text              ro code   0x800'58ce     0x4  exit.o [7]
  .text              ro code   0x800'58d4     0xa  cexit.o [9]
  .text              ro code   0x800'58e0    0x1c  cstartup_M.o [9]
  .text              ro code   0x800'58fc    0x10  startup_stm32f411xe.o [1]
  .text              ro code   0x800'590c     0x4  startup_stm32f411xe.o [1]
  .text              ro code   0x800'5910     0x4  startup_stm32f411xe.o [1]
  .text              ro code   0x800'5914     0x4  startup_stm32f411xe.o [1]
  .text              ro code   0x800'5918     0x4  startup_stm32f411xe.o [1]
  .text              ro code   0x800'591c     0x4  startup_stm32f411xe.o [1]
  .text              ro code   0x800'5920     0x4  startup_stm32f411xe.o [1]
  .text              ro code   0x800'5924     0x4  startup_stm32f411xe.o [1]
  .text              ro code   0x800'5928     0x4  startup_stm32f411xe.o [1]
  .text              ro code   0x800'592c     0x4  startup_stm32f411xe.o [1]
  .text              ro code   0x800'5930     0x4  startup_stm32f411xe.o [1]
  .text              ro code   0x800'5934     0x4  startup_stm32f411xe.o [1]
  .text              ro code   0x800'5938     0x4  startup_stm32f411xe.o [1]
  .text              ro code   0x800'593c     0x4  startup_stm32f411xe.o [1]
  .text              ro code   0x800'5940     0x4  startup_stm32f411xe.o [1]
  .text              ro code   0x800'5944     0x4  startup_stm32f411xe.o [1]
  .text              ro code   0x800'5948     0x4  startup_stm32f411xe.o [1]
  .text              ro code   0x800'594c     0x4  startup_stm32f411xe.o [1]
  .text              ro code   0x800'5950     0x4  startup_stm32f411xe.o [1]
  .text              ro code   0x800'5954     0x4  startup_stm32f411xe.o [1]
  .text              ro code   0x800'5958     0x4  startup_stm32f411xe.o [1]
  .text              ro code   0x800'595c     0x4  startup_stm32f411xe.o [1]
  .text              ro code   0x800'5960     0x4  startup_stm32f411xe.o [1]
  .text              ro code   0x800'5964     0x4  startup_stm32f411xe.o [1]
  .text              ro code   0x800'5968     0x4  startup_stm32f411xe.o [1]
  .text              ro code   0x800'596c     0x4  startup_stm32f411xe.o [1]
  .text              ro code   0x800'5970     0x4  startup_stm32f411xe.o [1]
  .text              ro code   0x800'5974     0x4  startup_stm32f411xe.o [1]
  .text              ro code   0x800'5978     0x4  startup_stm32f411xe.o [1]
  .text              ro code   0x800'597c     0x4  startup_stm32f411xe.o [1]
  .text              ro code   0x800'5980     0x4  startup_stm32f411xe.o [1]
  .text              ro code   0x800'5984     0x4  startup_stm32f411xe.o [1]
  .text              ro code   0x800'5988     0x4  startup_stm32f411xe.o [1]
  .text              ro code   0x800'598c     0x4  startup_stm32f411xe.o [1]
  .text              ro code   0x800'5990     0x4  startup_stm32f411xe.o [1]
  .text              ro code   0x800'5994     0x4  startup_stm32f411xe.o [1]
  .text              ro code   0x800'5998     0x4  startup_stm32f411xe.o [1]
  .text              ro code   0x800'599c     0x4  startup_stm32f411xe.o [1]
  .text              ro code   0x800'59a0     0x4  startup_stm32f411xe.o [1]
  .text              ro code   0x800'59a4     0x4  startup_stm32f411xe.o [1]
  .text              ro code   0x800'59a8     0x4  startup_stm32f411xe.o [1]
  .text              ro code   0x800'59ac     0x4  startup_stm32f411xe.o [1]
  .text              ro code   0x800'59b0     0x4  startup_stm32f411xe.o [1]
  .text              ro code   0x800'59b4     0x4  startup_stm32f411xe.o [1]
  .text              ro code   0x800'59b8     0x4  startup_stm32f411xe.o [1]
  .text              ro code   0x800'59bc     0x4  startup_stm32f411xe.o [1]
  .text              ro code   0x800'59c0     0x4  startup_stm32f411xe.o [1]
  .text              ro code   0x800'59c4     0x4  startup_stm32f411xe.o [1]
  .text              ro code   0x800'59c8     0x4  startup_stm32f411xe.o [1]
  .text              ro code   0x800'59cc     0x4  startup_stm32f411xe.o [1]
  .text              ro code   0x800'59d0     0x4  startup_stm32f411xe.o [1]
  .text              ro code   0x800'59d4     0x4  startup_stm32f411xe.o [1]
  .text              ro code   0x800'59d8     0x4  startup_stm32f411xe.o [1]
  .text              ro code   0x800'59dc     0x4  startup_stm32f411xe.o [1]
  .text              ro code   0x800'59e0     0x4  startup_stm32f411xe.o [1]
  .rodata            const     0x800'59e4     0x0  zero_init3.o [9]
  .rodata            const     0x800'59e4     0x0  lz77_init_single.o [9]
  Initializer bytes  const     0x800'59e4   0x205  <for P2-1>
                             - 0x800'5be9  0x5a51

"P2", part 1 of 3:                         0x9cec
  P2-1                        0x2000'0000  0x9cec  <Init block>
    .data            inited   0x2000'0000     0x8  fonts.o [5]
    .data            inited   0x2000'0008  0x9c54  sma_filter.o [4]
    .data            inited   0x2000'9c5c     0xc  stm32f4xx_hal.o [6]
    .data            inited   0x2000'9c68     0x4  system_stm32f4xx.o [3]
    .data            inited   0x2000'9c6c    0x38  xlocale_c.o [7]
    .data            inited   0x2000'9ca4    0x48  xlocale_c.o [7]
                            - 0x2000'9cec  0x9cec

"P2", part 2 of 3:                          0x568
  .bss               zero     0x2000'9cec   0x400  ssd1306.o [5]
  .bss               zero     0x2000'a0ec    0xed  main.o [2]
  .bss               zero     0x2000'a1dc    0x60  main.o [2]
  .bss               zero     0x2000'a23c     0xc  stm32f4xx_it.o [2]
  .bss               zero     0x2000'a248     0x8  ssd1306.o [5]
  .bss               zero     0x2000'a250     0x4  xfail_s.o [7]
                            - 0x2000'a254   0x568

"P2", part 3 of 3:                          0x400
  CSTACK                      0x2000'a258   0x400  <Block>
    CSTACK           uninit   0x2000'a258   0x400  <Block tail>
                            - 0x2000'a658   0x400

Unused ranges:

         From           To      Size
         ----           --      ----
   0x800'5bec   0x807'ffff  0x7'a414
  0x2000'a254  0x2000'a257       0x4
  0x2000'a658  0x2001'ffff  0x1'59a8


*******************************************************************************
*** INIT TABLE
***

          Address      Size
          -------      ----
Zero (__iar_zero_init3)
    1 destination range, total size 0x568:
          0x2000'9cec   0x568

Copy/lz77 (__iar_lz77_init_single3)
    1 source range, total size 0x205 (1% of destination):
           0x800'59e4   0x205
    1 destination range, total size 0x9cec:
          0x2000'0000  0x9cec



*******************************************************************************
*** MODULE SUMMARY
***

    Module                  ro code  ro data  rw data
    ------                  -------  -------  -------
command line/config:
    -------------------------------------------------
    Total:

C:\Users\EliteBook\Documents\IAR_Projects\Time_var\EWARM\Time_var\Obj\Application\EWARM: [1]
    startup_stm32f411xe.o       640
    -------------------------------------------------
    Total:                      640

C:\Users\EliteBook\Documents\IAR_Projects\Time_var\EWARM\Time_var\Obj\Application\User\Core: [2]
    main.o                    1'008               333
    stm32f4xx_hal_msp.o         444
    stm32f4xx_it.o              132                12
    -------------------------------------------------
    Total:                    1'584               345

C:\Users\EliteBook\Documents\IAR_Projects\Time_var\EWARM\Time_var\Obj\Drivers\CMSIS: [3]
    system_stm32f4xx.o           32                 4
    -------------------------------------------------
    Total:                       32                 4

C:\Users\EliteBook\Documents\IAR_Projects\Time_var\EWARM\Time_var\Obj\Drivers\Filters: [4]
    sma_filter.o                156      515   40'020
    -------------------------------------------------
    Total:                      156      515   40'020

C:\Users\EliteBook\Documents\IAR_Projects\Time_var\EWARM\Time_var\Obj\Drivers\SSD1306: [5]
    fonts.o                            4'940        8
    ssd1306.o                 1'040             1'032
    -------------------------------------------------
    Total:                    1'040    4'940    1'040

C:\Users\EliteBook\Documents\IAR_Projects\Time_var\EWARM\Time_var\Obj\Drivers\STM32F4xx_HAL_Driver: [6]
    stm32f4xx_hal.o             184                12
    stm32f4xx_hal_cortex.o      196
    stm32f4xx_hal_dma.o         772
    stm32f4xx_hal_gpio.o        460
    stm32f4xx_hal_rcc.o       1'180
    stm32f4xx_hal_spi.o       1'576
    stm32f4xx_hal_tim.o       2'174
    stm32f4xx_hal_tim_ex.o      124
    -------------------------------------------------
    Total:                    6'666                12

dl7M_tlf.a: [7]
    abort.o                       6
    exit.o                        4
    low_level_init.o              4
    sprintf.o                    64
    xencoding_8859_1.o           30
    xfail_s.o                    64                 4
    xlocale_c.o                 124        7      128
    xmbcurmax.o                  10
    xprintffull.o             4'126
    xsprout.o                    10
    -------------------------------------------------
    Total:                    4'442        7      132

m7M_tls.a: [8]
    DblAddSub.o                 590
    DblCmpGe.o                   52
    DblCmpLe.o                   52
    DblDiv.o                    582
    DblMul.o                    426
    DblToS32.o                   54
    DblToU32.o                   34
    FltToDbl.o                   72
    S32ToDbl.o                   34
    U32ToDbl.o                   28
    fpinit_M.o                   34
    frexp.o                     112
    ldexp.o                     314
    round.o                      98
    -------------------------------------------------
    Total:                    2'482

rt7M_tl.a: [9]
    ABImemclr4.o                  6
    ABImemcpy.o                 166
    ABImemset48.o                58
    ABImemset_small.o            18
    I64DivMod_small.o           262
    I64DivZer.o                   2
    cexit.o                      10
    cmain.o                      30
    cstartup_M.o                 28
    data_init.o                  40
    lz77_init_single.o          120
    memchr.o                     88
    memset.o                     20
    strchr.o                     22
    strlen_small.o               20
    zero_init3.o                 56
    -------------------------------------------------
    Total:                      946

shb_l.a: [10]
    exit.o                       20
    -------------------------------------------------
    Total:                       20

    Gaps                         25        2        3
    Linker created                        32    1'024
-----------------------------------------------------
    Grand Total:             18'033    5'496   42'580


*******************************************************************************
*** ENTRY LIST
***

Entry                       Address    Size  Type      Object
-----                       -------    ----  ----      ------
.iar.init_table$$Base    0x800'586c           --   Gb  - Linker created -
.iar.init_table$$Limit   0x800'588c           --   Gb  - Linker created -
?main                    0x800'58ad          Code  Gb  cmain.o [9]
AHBPrescTable            0x800'589c    0x10  Data  Gb  system_stm32f4xx.o [3]
BusFault_Handler         0x800'571b     0x2  Code  Gb  stm32f4xx_it.o [2]
CSTACK$$Base            0x2000'a258           --   Gb  - Linker created -
CSTACK$$Limit           0x2000'a658           --   Gb  - Linker created -
CacheMore                0x800'2525    0x28  Code  Lc  xlocale_c.o [7]
DMA2_Stream2_IRQHandler
                         0x800'573d     0x6  Code  Gb  stm32f4xx_it.o [2]
DMA_CalcBaseAndBitshift
                         0x800'4011    0x26  Code  Lc  stm32f4xx_hal_dma.o [6]
DMA_CalcBaseAndBitshift::flagBitshiftOffset
                         0x800'4038     0x8  Data  Lc  stm32f4xx_hal_dma.o [6]
DWT_Init                 0x800'4091    0x1a  Code  Gb  main.o [2]
DebugMon_Handler         0x800'5721     0x2  Code  Gb  stm32f4xx_it.o [2]
Error_Handler            0x800'442d     0x4  Code  Gb  main.o [2]
Font16x26                0x800'0198  0x134c  Data  Gb  fonts.o [5]
Font_16x26              0x2000'0000     0x8  Data  Gb  fonts.o [5]
HAL_DMA_Abort_IT         0x800'3e2b    0x24  Code  Gb  stm32f4xx_hal_dma.o [6]
HAL_DMA_IRQHandler       0x800'3e4f   0x188  Code  Gb  stm32f4xx_hal_dma.o [6]
HAL_DMA_Init             0x800'3d3d    0xee  Code  Gb  stm32f4xx_hal_dma.o [6]
HAL_Delay                0x800'50a9    0x28  Code  Gb  stm32f4xx_hal.o [6]
HAL_GPIO_Init            0x800'3b71   0x1a2  Code  Gb  stm32f4xx_hal_gpio.o [6]
HAL_GPIO_WritePin        0x800'3d13     0x8  Code  Gb  stm32f4xx_hal_gpio.o [6]
HAL_GetTick              0x800'4509     0xc  Code  Gb  stm32f4xx_hal.o [6]
HAL_IncTick              0x800'5761    0x10  Code  Gb  stm32f4xx_hal.o [6]
HAL_Init                 0x800'45c1    0x30  Code  Gb  stm32f4xx_hal.o [6]
HAL_InitTick             0x800'55fd    0x40  Code  Gb  stm32f4xx_hal.o [6]
HAL_MspInit              0x800'39a5    0x34  Code  Gb  stm32f4xx_hal_msp.o [2]
HAL_NVIC_EnableIRQ       0x800'449f    0x16  Code  Gb  stm32f4xx_hal_cortex.o [6]
HAL_NVIC_SetPriority     0x800'4465    0x3a  Code  Gb  stm32f4xx_hal_cortex.o [6]
HAL_NVIC_SetPriorityGrouping
                         0x800'444b    0x1a  Code  Gb  stm32f4xx_hal_cortex.o [6]
HAL_RCC_ClockConfig      0x800'54c9   0x100  Code  Gb  stm32f4xx_hal_rcc.o [6]
HAL_RCC_GetSysClockFreq
                         0x800'567d    0x60  Code  Gb  stm32f4xx_hal_rcc.o [6]
HAL_RCC_OscConfig        0x800'51ad   0x31c  Code  Gb  stm32f4xx_hal_rcc.o [6]
HAL_SPI_ErrorCallback    0x800'5677     0x2  Code  Gb  stm32f4xx_hal_spi.o [6]
HAL_SPI_GetState         0x800'4a67     0x6  Code  Gb  stm32f4xx_hal_spi.o [6]
HAL_SPI_IRQHandler       0x800'4965   0x102  Code  Gb  stm32f4xx_hal_spi.o [6]
HAL_SPI_Init             0x800'4675    0xb4  Code  Gb  stm32f4xx_hal_spi.o [6]
HAL_SPI_MspInit          0x800'39d9    0x9a  Code  Gb  stm32f4xx_hal_msp.o [2]
HAL_SPI_Transmit         0x800'4729   0x130  Code  Gb  stm32f4xx_hal_spi.o [6]
HAL_SPI_Transmit_IT      0x800'48cb    0x78  Code  Gb  stm32f4xx_hal_spi.o [6]
HAL_SPI_TxCpltCallback   0x800'5679     0x2  Code  Gb  stm32f4xx_hal_spi.o [6]
HAL_SYSTICK_Config       0x800'44b5    0x28  Code  Gb  stm32f4xx_hal_cortex.o [6]
HAL_TIMEx_BreakCallback
                         0x800'3b67     0x2  Code  Gb  stm32f4xx_hal_tim_ex.o [6]
HAL_TIMEx_CommutCallback
                         0x800'3b6b     0x2  Code  Gb  stm32f4xx_hal_tim_ex.o [6]
HAL_TIMEx_MasterConfigSynchronization
                         0x800'45fd    0x62  Code  Gb  stm32f4xx_hal_tim_ex.o [6]
HAL_TIM_IC_CaptureCallback
                         0x800'3b61     0x2  Code  Gb  stm32f4xx_hal_tim.o [6]
HAL_TIM_IC_ConfigChannel
                         0x800'3575    0xf6  Code  Gb  stm32f4xx_hal_tim.o [6]
HAL_TIM_IC_Init          0x800'3311    0x1c  Code  Gb  stm32f4xx_hal_tim.o [6]
HAL_TIM_IC_MspInit       0x800'3a73    0x4a  Code  Gb  stm32f4xx_hal_msp.o [2]
HAL_TIM_IC_Start_IT      0x800'3335    0xc0  Code  Gb  stm32f4xx_hal_tim.o [6]
HAL_TIM_IRQHandler       0x800'342d   0x142  Code  Gb  stm32f4xx_hal_tim.o [6]
HAL_TIM_MspPostInit      0x800'3afb    0x2a  Code  Gb  stm32f4xx_hal_msp.o [2]
HAL_TIM_OC_DelayElapsedCallback
                         0x800'3b63     0x2  Code  Gb  stm32f4xx_hal_tim.o [6]
HAL_TIM_PWM_ConfigChannel
                         0x800'3675    0xb6  Code  Gb  stm32f4xx_hal_tim.o [6]
HAL_TIM_PWM_Init         0x800'3195    0x1a  Code  Gb  stm32f4xx_hal_tim.o [6]
HAL_TIM_PWM_MspInit      0x800'3ad5    0x26  Code  Gb  stm32f4xx_hal_msp.o [2]
HAL_TIM_PWM_PulseFinishedCallback
                         0x800'3b6d     0x2  Code  Gb  stm32f4xx_hal_tim.o [6]
HAL_TIM_PWM_Start        0x800'31af    0x82  Code  Gb  stm32f4xx_hal_tim.o [6]
HAL_TIM_PWM_Stop         0x800'325d    0x4a  Code  Gb  stm32f4xx_hal_tim.o [6]
HAL_TIM_PeriodElapsedCallback
                         0x800'3b65     0x2  Code  Gb  stm32f4xx_hal_tim.o [6]
HAL_TIM_TriggerCallback
                         0x800'3b69     0x2  Code  Gb  stm32f4xx_hal_tim.o [6]
HardFault_Handler        0x800'5717     0x2  Code  Gb  stm32f4xx_it.o [2]
MedianFilter             0x800'50d1    0x96  Code  Gb  sma_filter.o [4]
MedianFilter::big       0x2000'000c     0x8  Data  Lc  sma_filter.o [4]
MedianFilter::buffer    0x2000'0014  0x9c40  Data  Lc  sma_filter.o [4]
MedianFilter::datpoint  0x2000'0008     0x4  Data  Lc  sma_filter.o [4]
MedianFilter::small     0x2000'9c54     0x8  Data  Lc  sma_filter.o [4]
MemManage_Handler        0x800'5719     0x2  Code  Gb  stm32f4xx_it.o [2]
NMI_Handler              0x800'5715     0x2  Code  Gb  stm32f4xx_it.o [2]
PendSV_Handler           0x800'5723     0x2  Code  Gb  stm32f4xx_it.o [2]
RPM                     0x2000'a240     0x4  Data  Gb  stm32f4xx_it.o [2]
Region$$Table$$Base      0x800'586c           --   Gb  - Linker created -
Region$$Table$$Limit     0x800'588c           --   Gb  - Linker created -
SPI1_IRQHandler          0x800'5737     0x6  Code  Gb  stm32f4xx_it.o [2]
SPI_CloseTx_ISR          0x800'4c01    0x42  Code  Lc  stm32f4xx_hal_spi.o [6]
SPI_DMAAbortOnError      0x800'4a6d     0xc  Code  Lc  stm32f4xx_hal_spi.o [6]
SPI_EndRxTxTransaction   0x800'4b91    0x50  Code  Lc  stm32f4xx_hal_spi.o [6]
SPI_TxISR_16BIT          0x800'4ab1    0x20  Code  Lc  stm32f4xx_hal_spi.o [6]
SPI_TxISR_8BIT           0x800'4a91    0x20  Code  Lc  stm32f4xx_hal_spi.o [6]
SPI_WaitFlagStateUntilTimeout
                         0x800'4ad1    0xb4  Code  Lc  stm32f4xx_hal_spi.o [6]
SSD1306_Buffer          0x2000'9cec   0x400  Data  Gb  ssd1306.o [5]
SSD1306_Clear            0x800'502d    0x18  Code  Gb  ssd1306.o [5]
SSD1306_Disp            0x2000'a248     0x8  Data  Gb  ssd1306.o [5]
SSD1306_DrawLine         0x800'4eb5   0x100  Code  Gb  ssd1306.o [5]
SSD1306_DrawPixel        0x800'4db1    0x38  Code  Gb  ssd1306.o [5]
SSD1306_DrawRectangle    0x800'4fb5    0x68  Code  Gb  ssd1306.o [5]
SSD1306_Fill             0x800'4d9d    0x14  Code  Gb  ssd1306.o [5]
SSD1306_GotoXY           0x800'4dff     0xa  Code  Gb  ssd1306.o [5]
SSD1306_Init             0x800'4c99    0xda  Code  Gb  ssd1306.o [5]
SSD1306_Putc             0x800'4e09    0x84  Code  Gb  ssd1306.o [5]
SSD1306_Puts             0x800'4e93    0x22  Code  Gb  ssd1306.o [5]
SSD1306_Reset            0x800'4d73    0x24  Code  Gb  ssd1306.o [5]
SSD1306_UpdateScreen     0x800'4d97     0x6  Code  Gb  ssd1306.o [5]
SVC_Handler              0x800'571f     0x2  Code  Gb  stm32f4xx_it.o [2]
SysTick_Handler          0x800'5725     0x4  Code  Gb  stm32f4xx_it.o [2]
SystemClock_Config       0x800'4357    0x9a  Code  Gb  main.o [2]
SystemCoreClock         0x2000'9c68     0x4  Data  Gb  system_stm32f4xx.o [3]
SystemInit               0x800'588d     0xc  Code  Gb  system_stm32f4xx.o [3]
TIM1_CC_IRQHandler       0x800'5729     0xe  Code  Gb  stm32f4xx_it.o [2]
TIM_Base_SetConfig       0x800'3741    0x7a  Code  Gb  stm32f4xx_hal_tim.o [6]
TIM_CCxChannelCmd        0x800'3989    0x16  Code  Gb  stm32f4xx_hal_tim.o [6]
TIM_OC1_SetConfig        0x800'37bb    0x4a  Code  Lc  stm32f4xx_hal_tim.o [6]
TIM_OC2_SetConfig        0x800'3805    0x52  Code  Gb  stm32f4xx_hal_tim.o [6]
TIM_OC3_SetConfig        0x800'3857    0x50  Code  Lc  stm32f4xx_hal_tim.o [6]
TIM_OC4_SetConfig        0x800'38a7    0x40  Code  Lc  stm32f4xx_hal_tim.o [6]
TIM_TI1_SetConfig        0x800'38e7    0x52  Code  Gb  stm32f4xx_hal_tim.o [6]
TIM_TI2_SetConfig        0x800'395d    0x2c  Code  Lc  stm32f4xx_hal_tim.o [6]
UsageFault_Handler       0x800'571d     0x2  Code  Gb  stm32f4xx_it.o [2]
_Encoding_8859_1_Mbrlen
                         0x800'2515     0x2  Code  Gb  xencoding_8859_1.o [7]
_Encoding_8859_1_Wctomb
                         0x800'2503    0x12  Code  Gb  xencoding_8859_1.o [7]
_LitobFull               0x800'2347   0x10c  Code  Lc  xprintffull.o [7]
_Locale_lconv           0x2000'9c6c    0x38  Data  Lc  xlocale_c.o [7]
_PrintfFull              0x800'14e5   0xc2a  Code  Gb  xprintffull.o [7]
_PutcharsFull            0x800'24a9    0x2e  Code  Lc  xprintffull.o [7]
_PutstrFull              0x800'2287    0xc0  Code  Lc  xprintffull.o [7]
_PuttxtFull              0x800'217b   0x10c  Code  Lc  xprintffull.o [7]
_SProut                  0x800'25b3     0xa  Code  Gb  xsprout.o [7]
__NVIC_SetPriority       0x800'4431    0x1a  Code  Lc  stm32f4xx_hal_cortex.o [6]
__aeabi_cdcmple          0x800'2781          Code  Gb  DblCmpLe.o [8]
__aeabi_cdrcmple         0x800'27b5          Code  Gb  DblCmpGe.o [8]
__aeabi_d2iz             0x800'2925          Code  Gb  DblToS32.o [8]
__aeabi_d2uiz            0x800'2e19          Code  Gb  DblToU32.o [8]
__aeabi_ddiv             0x800'2bd1          Code  Gb  DblDiv.o [8]
__aeabi_dmul             0x800'2e59          Code  Gb  DblMul.o [8]
__aeabi_dsub             0x800'2aed          Code  Gb  DblAddSub.o [8]
__aeabi_f2d              0x800'4515          Code  Gb  FltToDbl.o [8]
__aeabi_i2d              0x800'295d          Code  Gb  S32ToDbl.o [8]
__aeabi_ldiv0            0x800'3119          Code  Gb  I64DivZer.o [9]
__aeabi_memclr4          0x800'45f5          Code  Gb  ABImemclr4.o [9]
__aeabi_memcpy           0x800'2669          Code  Gb  ABImemcpy.o [9]
__aeabi_memcpy4          0x800'2689          Code  Gb  ABImemcpy.o [9]
__aeabi_memcpy8          0x800'2689          Code  Gb  ABImemcpy.o [9]
__aeabi_memset4          0x800'563d          Code  Gb  ABImemset48.o [9]
__aeabi_memset8          0x800'563d          Code  Gb  ABImemset48.o [9]
__aeabi_ui2d             0x800'2e3d          Code  Gb  U32ToDbl.o [8]
__cmain                  0x800'58ad          Code  Gb  cmain.o [9]
__exit                   0x800'311d    0x14  Code  Gb  exit.o [10]
__iar_Fail_s             0x800'25bd    0x1c  Code  Gb  xfail_s.o [7]
__iar_Mbcurmax           0x800'3003     0xa  Code  Gb  xmbcurmax.o [7]
__iar_Memchr             0x800'2611          Code  Gb  memchr.o [9]
__iar_Memset4_word       0x800'5645          Code  Gb  ABImemset48.o [9]
__iar_Memset8_word       0x800'5645          Code  Gb  ABImemset48.o [9]
__iar_Strchr             0x800'259d          Code  Gb  strchr.o [9]
__iar_data_init3         0x800'5821    0x28  Code  Gb  data_init.o [9]
__iar_frexp              0x800'271d          Code  Gb  frexp.o [8]
__iar_frexpl             0x800'271d          Code  Gb  frexp.o [8]
__iar_globLocale        0x2000'9ca4    0x48  Data  Lc  xlocale_c.o [7]
__iar_global_Locale      0x800'2521     0x4  Code  Gb  xlocale_c.o [7]
__iar_init_vfp           0x800'5849          Code  Gb  fpinit_M.o [8]
__iar_ldexp64            0x800'27e9          Code  Gb  ldexp.o [8]
__iar_lz77_init_single3
                         0x800'5771    0x78  Code  Gb  lz77_init_single.o [9]
__iar_program_start      0x800'58e1          Code  Gb  cstartup_M.o [9]
__iar_round64            0x800'456d          Code  Gb  round.o [8]
__iar_scalbln64          0x800'27e9          Code  Gb  ldexp.o [8]
__iar_scalbn64           0x800'27e9          Code  Gb  ldexp.o [8]
__iar_small_Memset       0x800'55e9          Code  Gb  ABImemset_small.o [9]
__iar_small_Memset_word
                         0x800'55e9          Code  Gb  ABImemset_small.o [9]
__iar_small_memset       0x800'55e9          Code  Gb  ABImemset_small.o [9]
__iar_small_strlen       0x800'25fd          Code  Gb  strlen_small.o [9]
__iar_small_uldivmod     0x800'300d          Code  Gb  I64DivMod_small.o [9]
__iar_softfp___iar_frexp64
                         0x800'2711          Code  Gb  frexp.o [8]
__iar_softfp_frexp       0x800'2711          Code  Gb  frexp.o [8]
__iar_softfp_frexpl      0x800'2711          Code  Gb  frexp.o [8]
__iar_vfp___iar_round64
                         0x800'455d          Code  Gb  round.o [8]
__iar_vfp_round          0x800'455d          Code  Gb  round.o [8]
__iar_vfp_roundl         0x800'455d          Code  Gb  round.o [8]
__iar_zero_init3         0x800'57e9    0x38  Code  Gb  zero_init3.o [9]
__low_level_init         0x800'58cb     0x4  Code  Gb  low_level_init.o [7]
__vector_table           0x800'0000          Data  Gb  startup_stm32f411xe.o [1]
_call_main               0x800'58b9          Code  Gb  cmain.o [9]
_exit                    0x800'58d5          Code  Gb  cexit.o [9]
_gLocale_mblen           0x800'2589     0x4  Code  Gb  xlocale_c.o [7]
_gLocale_mblenInt        0x800'254d    0x2c  Code  Gb  xlocale_c.o [7]
_gLocale_wctomb          0x800'258d     0x4  Code  Gb  xlocale_c.o [7]
_gLocale_wctombInt       0x800'2585     0x4  Code  Gb  xlocale_c.o [7]
abort                    0x800'3113     0x6  Code  Gb  abort.o [7]
exit                     0x800'58cf     0x4  Code  Gb  exit.o [7]
flag                    0x2000'a0ec     0x1  Data  Gb  main.o [2]
hdma_spi1_tx            0x2000'a1dc    0x60  Data  Gb  main.o [2]
hspi1                   0x2000'a0f0    0x58  Data  Gb  main.o [2]
htim1                   0x2000'a148    0x48  Data  Gb  main.o [2]
htim2                   0x2000'a190    0x48  Data  Gb  main.o [2]
lastflash               0x2000'a23c     0x4  Data  Gb  stm32f4xx_it.o [2]
ldexp                    0x800'27e9          Code  Gb  ldexp.o [8]
ldexpl                   0x800'27e9          Code  Gb  ldexp.o [8]
localeconv               0x800'2591     0x4  Code  Gb  xlocale_c.o [7]
main                     0x800'40ad   0x29a  Code  Gb  main.o [2]
memchr                   0x800'2611          Code  Gb  memchr.o [9]
memset                   0x800'44f5    0x14  Code  Gb  memset.o [9]
micros                  0x2000'a244     0x4  Data  Gb  stm32f4xx_it.o [2]
round                    0x800'456d          Code  Gb  round.o [8]
rounder                  0x800'4041    0x50  Code  Gb  main.o [2]
roundl                   0x800'456d          Code  Gb  round.o [8]
scalbln                  0x800'27e9          Code  Gb  ldexp.o [8]
scalblnl                 0x800'27e9          Code  Gb  ldexp.o [8]
scalbn                   0x800'27e9          Code  Gb  ldexp.o [8]
scalbnl                  0x800'27e9          Code  Gb  ldexp.o [8]
scale                    0x800'2453    0x46  Code  Lc  xprintffull.o [7]
sec_hand                0x2000'a250     0x4  Data  Lc  xfail_s.o [7]
sens                     0x800'56dd    0x38  Code  Gb  stm32f4xx_it.o [2]
sprintf                  0x800'516d    0x40  Code  Gb  sprintf.o [7]
ssd1306_SPI_WriteCmd     0x800'5045    0x16  Code  Gb  ssd1306.o [5]
ssd1306_SPI_WriteDisp    0x800'505b    0x2c  Code  Gb  ssd1306.o [5]
strchr                   0x800'259d          Code  Gb  strchr.o [9]
transmit_buffer         0x2000'a1d8     0x1  Data  Gb  main.o [2]
uwTick                  0x2000'9c60     0x4  Data  Gb  stm32f4xx_hal.o [6]
uwTickFreq              0x2000'9c5c     0x1  Data  Gb  stm32f4xx_hal.o [6]
uwTickPrio              0x2000'9c64     0x4  Data  Gb  stm32f4xx_hal.o [6]


[1] = C:\Users\EliteBook\Documents\IAR_Projects\Time_var\EWARM\Time_var\Obj\Application\EWARM
[2] = C:\Users\EliteBook\Documents\IAR_Projects\Time_var\EWARM\Time_var\Obj\Application\User\Core
[3] = C:\Users\EliteBook\Documents\IAR_Projects\Time_var\EWARM\Time_var\Obj\Drivers\CMSIS
[4] = C:\Users\EliteBook\Documents\IAR_Projects\Time_var\EWARM\Time_var\Obj\Drivers\Filters
[5] = C:\Users\EliteBook\Documents\IAR_Projects\Time_var\EWARM\Time_var\Obj\Drivers\SSD1306
[6] = C:\Users\EliteBook\Documents\IAR_Projects\Time_var\EWARM\Time_var\Obj\Drivers\STM32F4xx_HAL_Driver
[7] = dl7M_tlf.a
[8] = m7M_tls.a
[9] = rt7M_tl.a
[10] = shb_l.a

  18'033 bytes of readonly  code memory
   5'496 bytes of readonly  data memory
  42'580 bytes of readwrite data memory

Errors: none
Warnings: none
