###############################################################################
#
# IAR ELF Linker V9.10.2.313/W64 for ARM                  16/Jun/2022  18:14:52
# Copyright 2007-2021 IAR Systems AB.
#
#    Output file  =
#        C:\Users\CanchezAK\Documents\IAR EW for
#        ARM\F411_Taho_without_ISR\EWARM\F411_Taho_without_ISR\Exe\F411_Taho_without_ISR.out
#    Map file     =
#        C:\Users\CanchezAK\Documents\IAR EW for
#        ARM\F411_Taho_without_ISR\EWARM\F411_Taho_without_ISR\List\F411_Taho_without_ISR.map
#    Command line =
#        -f "C:\Users\CanchezAK\Documents\IAR EW for
#        ARM\F411_Taho_without_ISR\EWARM\F411_Taho_without_ISR\Exe\F411_Taho_without_ISR.out.rsp"
#        ("C:\Users\CanchezAK\Documents\IAR EW for
#        ARM\F411_Taho_without_ISR\EWARM\F411_Taho_without_ISR\Obj\Application\User\Core\fonts.o"
#        "C:\Users\CanchezAK\Documents\IAR EW for
#        ARM\F411_Taho_without_ISR\EWARM\F411_Taho_without_ISR\Obj\Application\User\Core\main.o"
#        "C:\Users\CanchezAK\Documents\IAR EW for
#        ARM\F411_Taho_without_ISR\EWARM\F411_Taho_without_ISR\Obj\Application\User\Core\sma_filter.o"
#        "C:\Users\CanchezAK\Documents\IAR EW for
#        ARM\F411_Taho_without_ISR\EWARM\F411_Taho_without_ISR\Obj\Application\User\Core\ssd1306.o"
#        "C:\Users\CanchezAK\Documents\IAR EW for
#        ARM\F411_Taho_without_ISR\EWARM\F411_Taho_without_ISR\Obj\Application\EWARM\startup_stm32f411xe.o"
#        "C:\Users\CanchezAK\Documents\IAR EW for
#        ARM\F411_Taho_without_ISR\EWARM\F411_Taho_without_ISR\Obj\Drivers\STM32F4xx_HAL_Driver\stm32f4xx_hal.o"
#        "C:\Users\CanchezAK\Documents\IAR EW for
#        ARM\F411_Taho_without_ISR\EWARM\F411_Taho_without_ISR\Obj\Drivers\STM32F4xx_HAL_Driver\stm32f4xx_hal_cortex.o"
#        "C:\Users\CanchezAK\Documents\IAR EW for
#        ARM\F411_Taho_without_ISR\EWARM\F411_Taho_without_ISR\Obj\Drivers\STM32F4xx_HAL_Driver\stm32f4xx_hal_dma.o"
#        "C:\Users\CanchezAK\Documents\IAR EW for
#        ARM\F411_Taho_without_ISR\EWARM\F411_Taho_without_ISR\Obj\Drivers\STM32F4xx_HAL_Driver\stm32f4xx_hal_dma_ex.o"
#        "C:\Users\CanchezAK\Documents\IAR EW for
#        ARM\F411_Taho_without_ISR\EWARM\F411_Taho_without_ISR\Obj\Drivers\STM32F4xx_HAL_Driver\stm32f4xx_hal_exti.o"
#        "C:\Users\CanchezAK\Documents\IAR EW for
#        ARM\F411_Taho_without_ISR\EWARM\F411_Taho_without_ISR\Obj\Drivers\STM32F4xx_HAL_Driver\stm32f4xx_hal_flash.o"
#        "C:\Users\CanchezAK\Documents\IAR EW for
#        ARM\F411_Taho_without_ISR\EWARM\F411_Taho_without_ISR\Obj\Drivers\STM32F4xx_HAL_Driver\stm32f4xx_hal_flash_ex.o"
#        "C:\Users\CanchezAK\Documents\IAR EW for
#        ARM\F411_Taho_without_ISR\EWARM\F411_Taho_without_ISR\Obj\Drivers\STM32F4xx_HAL_Driver\stm32f4xx_hal_flash_ramfunc.o"
#        "C:\Users\CanchezAK\Documents\IAR EW for
#        ARM\F411_Taho_without_ISR\EWARM\F411_Taho_without_ISR\Obj\Drivers\STM32F4xx_HAL_Driver\stm32f4xx_hal_gpio.o"
#        "C:\Users\CanchezAK\Documents\IAR EW for
#        ARM\F411_Taho_without_ISR\EWARM\F411_Taho_without_ISR\Obj\Application\User\Core\stm32f4xx_hal_msp.o"
#        "C:\Users\CanchezAK\Documents\IAR EW for
#        ARM\F411_Taho_without_ISR\EWARM\F411_Taho_without_ISR\Obj\Drivers\STM32F4xx_HAL_Driver\stm32f4xx_hal_pwr.o"
#        "C:\Users\CanchezAK\Documents\IAR EW for
#        ARM\F411_Taho_without_ISR\EWARM\F411_Taho_without_ISR\Obj\Drivers\STM32F4xx_HAL_Driver\stm32f4xx_hal_pwr_ex.o"
#        "C:\Users\CanchezAK\Documents\IAR EW for
#        ARM\F411_Taho_without_ISR\EWARM\F411_Taho_without_ISR\Obj\Drivers\STM32F4xx_HAL_Driver\stm32f4xx_hal_rcc.o"
#        "C:\Users\CanchezAK\Documents\IAR EW for
#        ARM\F411_Taho_without_ISR\EWARM\F411_Taho_without_ISR\Obj\Drivers\STM32F4xx_HAL_Driver\stm32f4xx_hal_rcc_ex.o"
#        "C:\Users\CanchezAK\Documents\IAR EW for
#        ARM\F411_Taho_without_ISR\EWARM\F411_Taho_without_ISR\Obj\Drivers\STM32F4xx_HAL_Driver\stm32f4xx_hal_spi.o"
#        "C:\Users\CanchezAK\Documents\IAR EW for
#        ARM\F411_Taho_without_ISR\EWARM\F411_Taho_without_ISR\Obj\Drivers\STM32F4xx_HAL_Driver\stm32f4xx_hal_tim.o"
#        "C:\Users\CanchezAK\Documents\IAR EW for
#        ARM\F411_Taho_without_ISR\EWARM\F411_Taho_without_ISR\Obj\Drivers\STM32F4xx_HAL_Driver\stm32f4xx_hal_tim_ex.o"
#        "C:\Users\CanchezAK\Documents\IAR EW for
#        ARM\F411_Taho_without_ISR\EWARM\F411_Taho_without_ISR\Obj\Application\User\Core\stm32f4xx_it.o"
#        "C:\Users\CanchezAK\Documents\IAR EW for
#        ARM\F411_Taho_without_ISR\EWARM\F411_Taho_without_ISR\Obj\Drivers\CMSIS\system_stm32f4xx.o"
#        --redirect _Printf=_PrintfFull --redirect _Scanf=_ScanfFull
#        --no_out_extension -o "C:\Users\CanchezAK\Documents\IAR EW for
#        ARM\F411_Taho_without_ISR\EWARM\F411_Taho_without_ISR\Exe\F411_Taho_without_ISR.out"
#        --map "C:\Users\CanchezAK\Documents\IAR EW for
#        ARM\F411_Taho_without_ISR\EWARM\F411_Taho_without_ISR\List\F411_Taho_without_ISR.map"
#        --config "C:\Users\CanchezAK\Documents\IAR EW for
#        ARM\F411_Taho_without_ISR\EWARM/stm32f411xe_flash.icf" --semihosting
#        --entry __iar_program_start --vfe --text_out locale)
#
###############################################################################

*******************************************************************************
*** RUNTIME MODEL ATTRIBUTES
***

CppFlavor       = *
__SystemLibrary = DLib
__dlib_version  = 6


*******************************************************************************
*** HEAP SELECTION
***

The basic heap was selected because no calls to memory allocation
functions were found in the application outside of system library
functions, and there are calls to deallocation functions in the
application.


*******************************************************************************
*** PLACEMENT SUMMARY
***

"A0":  place at address 0x800'0000 { ro section .intvec };
"P1":  place in [from 0x800'0000 to 0x807'ffff] { ro };
define block CSTACK with size = 1K, alignment = 8 { };
define block HEAP with size = 512, alignment = 8 { };
"P2":  place in [from 0x2000'0000 to 0x2001'ffff] {
          rw, block CSTACK, block HEAP };
initialize by copy { rw };

  Section            Kind         Address    Size  Object
  -------            ----         -------    ----  ------
"A0":                                       0x198
  .intvec            ro code   0x800'0000   0x198  startup_stm32f411xe.o [1]
                             - 0x800'0198   0x198

"P1":                                      0x5095
  .rodata            const     0x800'0198  0x134c  fonts.o [2]
  .text              ro code   0x800'14e4  0x101e  xprintffull.o [5]
  .text              ro code   0x800'2502    0x1e  xencoding_8859_1.o [5]
  .text              ro code   0x800'2520    0x7c  xlocale_c.o [5]
  .text              ro code   0x800'259c    0x16  strchr.o [7]
  .text              ro code   0x800'25b2     0xa  xsprout.o [5]
  .text              ro code   0x800'25bc    0x40  xfail_s.o [5]
  .text              ro code   0x800'25fc    0x14  strlen_small.o [7]
  .text              ro code   0x800'2610    0x58  memchr.o [7]
  .text              ro code   0x800'2668    0xa6  ABImemcpy.o [7]
  .rodata            const     0x800'270e     0x2  xlocale_c.o [5]
  .text              ro code   0x800'2710    0x70  frexp.o [6]
  .text              ro code   0x800'2780    0x34  DblCmpLe.o [6]
  .text              ro code   0x800'27b4    0x34  DblCmpGe.o [6]
  .text              ro code   0x800'27e8   0x13a  ldexp.o [6]
  .rodata            const     0x800'2922     0x2  xlocale_c.o [5]
  .text              ro code   0x800'2924    0x36  DblToS32.o [6]
  .rodata            const     0x800'295a     0x1  xlocale_c.o [5]
  .text              ro code   0x800'295c    0x22  S32ToDbl.o [6]
  .text              ro code   0x800'2980   0x24e  DblAddSub.o [6]
  .text              ro code   0x800'2bd0   0x246  DblDiv.o [6]
  .text              ro code   0x800'2e18    0x22  DblToU32.o [6]
  .text              ro code   0x800'2e3c    0x1c  U32ToDbl.o [6]
  .text              ro code   0x800'2e58   0x1aa  DblMul.o [6]
  .text              ro code   0x800'3002     0xa  xmbcurmax.o [5]
  .text              ro code   0x800'300c   0x106  I64DivMod_small.o [7]
  .text              ro code   0x800'3112     0x6  abort.o [5]
  .text              ro code   0x800'3118     0x2  I64DivZer.o [7]
  .text              ro code   0x800'311c    0x14  exit.o [8]
  .text              ro code   0x800'3130   0x59c  stm32f4xx_hal_spi.o [4]
  .text              ro code   0x800'36cc   0x134  stm32f4xx_hal_msp.o [2]
  .text              ro code   0x800'3800     0xc  stm32f4xx_hal.o [4]
  .text              ro code   0x800'380c   0x304  stm32f4xx_hal_dma.o [4]
  .text              ro code   0x800'3b10     0x2  stm32f4xx_hal_spi.o [4]
  .text              ro code   0x800'3b12     0x2  stm32f4xx_hal_spi.o [4]
  .text              ro code   0x800'3b14    0x14  memset.o [7]
  .text              ro code   0x800'3b28   0x1c4  stm32f4xx_hal_gpio.o [4]
  .text              ro code   0x800'3cec   0x330  main.o [2]
  .text              ro code   0x800'401c    0xc4  stm32f4xx_hal_cortex.o [4]
  .text              ro code   0x800'40e0    0x12  ABImemset_small.o [7]
  .text              ro code   0x800'40f4    0x34  stm32f4xx_hal.o [4]
  .text              ro code   0x800'4128     0x6  ABImemclr4.o [7]
  .text              ro code   0x800'4130   0x36c  stm32f4xx_hal_tim.o [4]
  .text              ro code   0x800'449c   0x410  ssd1306.o [2]
  .text              ro code   0x800'48ac    0xc4  sma_filter.o [2]
  .text              ro code   0x800'4970    0x40  sprintf.o [5]
  .text              ro code   0x800'49b0   0x310  stm32f4xx_hal_rcc.o [4]
  .text              ro code   0x800'4cc0   0x120  stm32f4xx_hal_rcc.o [4]
  .text              ro code   0x800'4de0    0x40  stm32f4xx_hal.o [4]
  .text              ro code   0x800'4e20    0x3a  ABImemset48.o [7]
  .text              ro code   0x800'4e5a     0x2  stm32f4xx_hal_tim.o [4]
  .text              ro code   0x800'4e5c     0x2  stm32f4xx_hal_tim.o [4]
  .text              ro code   0x800'4e5e     0x2  stm32f4xx_hal_tim.o [4]
  .text              ro code   0x800'4e60     0x2  stm32f4xx_hal_tim_ex.o [4]
  .text              ro code   0x800'4e62     0x2  stm32f4xx_hal_tim.o [4]
  .text              ro code   0x800'4e64     0x2  stm32f4xx_hal_tim_ex.o [4]
  .text              ro code   0x800'4e66     0x2  stm32f4xx_hal_tim.o [4]
  .text              ro code   0x800'4e68    0x28  stm32f4xx_hal.o [4]
  .text              ro code   0x800'4e90    0x60  stm32f4xx_hal_rcc.o [4]
  .text              ro code   0x800'4ef0    0x78  lz77_init_single.o [7]
  .text              ro code   0x800'4f68    0x68  stm32f4xx_it.o [2]
  .text              ro code   0x800'4fd0    0x10  stm32f4xx_hal.o [4]
  .text              ro code   0x800'4fe0    0x38  zero_init3.o [7]
  .text              ro code   0x800'5018    0x2c  system_stm32f4xx.o [3]
  .text              ro code   0x800'5044    0x28  data_init.o [7]
  .text              ro code   0x800'506c    0x22  fpinit_M.o [6]
  .iar.init_table    const     0x800'5090    0x20  - Linker created -
  .text              ro code   0x800'50b0    0x1e  cmain.o [7]
  .text              ro code   0x800'50ce     0x4  low_level_init.o [5]
  .text              ro code   0x800'50d2     0x4  exit.o [5]
  .text              ro code   0x800'50d8     0xa  cexit.o [7]
  .text              ro code   0x800'50e4    0x1c  cstartup_M.o [7]
  .text              ro code   0x800'5100    0x10  startup_stm32f411xe.o [1]
  .text              ro code   0x800'5110     0x4  startup_stm32f411xe.o [1]
  .text              ro code   0x800'5114     0x4  startup_stm32f411xe.o [1]
  .text              ro code   0x800'5118     0x4  startup_stm32f411xe.o [1]
  .text              ro code   0x800'511c     0x4  startup_stm32f411xe.o [1]
  .text              ro code   0x800'5120     0x4  startup_stm32f411xe.o [1]
  .text              ro code   0x800'5124     0x4  startup_stm32f411xe.o [1]
  .text              ro code   0x800'5128     0x4  startup_stm32f411xe.o [1]
  .text              ro code   0x800'512c     0x4  startup_stm32f411xe.o [1]
  .text              ro code   0x800'5130     0x4  startup_stm32f411xe.o [1]
  .text              ro code   0x800'5134     0x4  startup_stm32f411xe.o [1]
  .text              ro code   0x800'5138     0x4  startup_stm32f411xe.o [1]
  .text              ro code   0x800'513c     0x4  startup_stm32f411xe.o [1]
  .text              ro code   0x800'5140     0x4  startup_stm32f411xe.o [1]
  .text              ro code   0x800'5144     0x4  startup_stm32f411xe.o [1]
  .text              ro code   0x800'5148     0x4  startup_stm32f411xe.o [1]
  .text              ro code   0x800'514c     0x4  startup_stm32f411xe.o [1]
  .text              ro code   0x800'5150     0x4  startup_stm32f411xe.o [1]
  .text              ro code   0x800'5154     0x4  startup_stm32f411xe.o [1]
  .text              ro code   0x800'5158     0x4  startup_stm32f411xe.o [1]
  .text              ro code   0x800'515c     0x4  startup_stm32f411xe.o [1]
  .text              ro code   0x800'5160     0x4  startup_stm32f411xe.o [1]
  .text              ro code   0x800'5164     0x4  startup_stm32f411xe.o [1]
  .text              ro code   0x800'5168     0x4  startup_stm32f411xe.o [1]
  .text              ro code   0x800'516c     0x4  startup_stm32f411xe.o [1]
  .text              ro code   0x800'5170     0x4  startup_stm32f411xe.o [1]
  .text              ro code   0x800'5174     0x4  startup_stm32f411xe.o [1]
  .text              ro code   0x800'5178     0x4  startup_stm32f411xe.o [1]
  .text              ro code   0x800'517c     0x4  startup_stm32f411xe.o [1]
  .text              ro code   0x800'5180     0x4  startup_stm32f411xe.o [1]
  .text              ro code   0x800'5184     0x4  startup_stm32f411xe.o [1]
  .text              ro code   0x800'5188     0x4  startup_stm32f411xe.o [1]
  .text              ro code   0x800'518c     0x4  startup_stm32f411xe.o [1]
  .text              ro code   0x800'5190     0x4  startup_stm32f411xe.o [1]
  .text              ro code   0x800'5194     0x4  startup_stm32f411xe.o [1]
  .text              ro code   0x800'5198     0x4  startup_stm32f411xe.o [1]
  .text              ro code   0x800'519c     0x4  startup_stm32f411xe.o [1]
  .text              ro code   0x800'51a0     0x4  startup_stm32f411xe.o [1]
  .text              ro code   0x800'51a4     0x4  startup_stm32f411xe.o [1]
  .text              ro code   0x800'51a8     0x4  startup_stm32f411xe.o [1]
  .text              ro code   0x800'51ac     0x4  startup_stm32f411xe.o [1]
  .text              ro code   0x800'51b0     0x4  startup_stm32f411xe.o [1]
  .text              ro code   0x800'51b4     0x4  startup_stm32f411xe.o [1]
  .text              ro code   0x800'51b8     0x4  startup_stm32f411xe.o [1]
  .text              ro code   0x800'51bc     0x4  startup_stm32f411xe.o [1]
  .text              ro code   0x800'51c0     0x4  startup_stm32f411xe.o [1]
  .text              ro code   0x800'51c4     0x4  startup_stm32f411xe.o [1]
  .text              ro code   0x800'51c8     0x4  startup_stm32f411xe.o [1]
  .text              ro code   0x800'51cc     0x4  startup_stm32f411xe.o [1]
  .text              ro code   0x800'51d0     0x4  startup_stm32f411xe.o [1]
  .text              ro code   0x800'51d4     0x4  startup_stm32f411xe.o [1]
  .text              ro code   0x800'51d8     0x4  startup_stm32f411xe.o [1]
  .text              ro code   0x800'51dc     0x4  startup_stm32f411xe.o [1]
  .text              ro code   0x800'51e0     0x4  startup_stm32f411xe.o [1]
  .text              ro code   0x800'51e4     0x4  startup_stm32f411xe.o [1]
  .rodata            const     0x800'51e8     0x0  zero_init3.o [7]
  .rodata            const     0x800'51e8     0x0  lz77_init_single.o [7]
  Initializer bytes  const     0x800'51e8    0x45  <for P2-1>
                             - 0x800'522d  0x5095

"P2", part 1 of 3:                           0xd4
  P2-1                        0x2000'0000    0xd4  <Init block>
    .data            inited   0x2000'0000     0x8  fonts.o [2]
    .data            inited   0x2000'0008    0x3c  sma_filter.o [2]
    .data            inited   0x2000'0044     0xc  stm32f4xx_hal.o [4]
    .data            inited   0x2000'0050     0x4  system_stm32f4xx.o [3]
    .data            inited   0x2000'0054    0x38  xlocale_c.o [5]
    .data            inited   0x2000'008c    0x48  xlocale_c.o [5]
                            - 0x2000'00d4    0xd4

"P2", part 2 of 3:                          0x528
  .bss               zero     0x2000'00d4   0x400  ssd1306.o [2]
  .bss               zero     0x2000'04d4    0xad  main.o [2]
  .bss               zero     0x2000'0581     0x2  stm32f4xx_it.o [2]
  .bss               zero     0x2000'0584    0x60  main.o [2]
  .bss               zero     0x2000'05e4     0xc  sma_filter.o [2]
  .bss               zero     0x2000'05f0     0x8  ssd1306.o [2]
  .bss               zero     0x2000'05f8     0x4  xfail_s.o [5]
                            - 0x2000'05fc   0x528

"P2", part 3 of 3:                          0x400
  CSTACK                      0x2000'0600   0x400  <Block>
    CSTACK           uninit   0x2000'0600   0x400  <Block tail>
                            - 0x2000'0a00   0x400

Unused ranges:

         From           To      Size
         ----           --      ----
   0x800'522d   0x807'ffff  0x7'add3
  0x2000'05fc  0x2000'05ff       0x4
  0x2000'0a00  0x2001'ffff  0x1'f600


*******************************************************************************
*** INIT TABLE
***

          Address      Size
          -------      ----
Zero (__iar_zero_init3)
    1 destination range, total size 0x528:
          0x2000'00d4  0x528

Copy/lz77 (__iar_lz77_init_single3)
    1 source range, total size 0x45 (32% of destination):
           0x800'51e8   0x45
    1 destination range, total size 0xd4:
          0x2000'0000   0xd4



*******************************************************************************
*** MODULE SUMMARY
***

    Module                  ro code  ro data  rw data
    ------                  -------  -------  -------
command line/config:
    -------------------------------------------------
    Total:

C:\Users\CanchezAK\Documents\IAR EW for ARM\F411_Taho_without_ISR\EWARM\F411_Taho_without_ISR\Obj\Application\EWARM: [1]
    startup_stm32f411xe.o       640
    -------------------------------------------------
    Total:                      640

C:\Users\CanchezAK\Documents\IAR EW for ARM\F411_Taho_without_ISR\EWARM\F411_Taho_without_ISR\Obj\Application\User\Core: [2]
    fonts.o                            4'942        8
    main.o                      816               269
    sma_filter.o                196       20       72
    ssd1306.o                 1'040             1'032
    stm32f4xx_hal_msp.o         308
    stm32f4xx_it.o              104                 2
    -------------------------------------------------
    Total:                    2'464    4'962    1'383

C:\Users\CanchezAK\Documents\IAR EW for ARM\F411_Taho_without_ISR\EWARM\F411_Taho_without_ISR\Obj\Drivers\CMSIS: [3]
    system_stm32f4xx.o           44        1        4
    -------------------------------------------------
    Total:                       44        1        4

C:\Users\CanchezAK\Documents\IAR EW for ARM\F411_Taho_without_ISR\EWARM\F411_Taho_without_ISR\Obj\Drivers\STM32F4xx_HAL_Driver: [4]
    stm32f4xx_hal.o             184        4       12
    stm32f4xx_hal_cortex.o      196
    stm32f4xx_hal_dma.o         772
    stm32f4xx_hal_gpio.o        452
    stm32f4xx_hal_rcc.o       1'168
    stm32f4xx_hal_spi.o       1'440
    stm32f4xx_hal_tim.o         886
    stm32f4xx_hal_tim_ex.o        4
    -------------------------------------------------
    Total:                    5'102        4       12

dl7M_tlf.a: [5]
    abort.o                       6
    exit.o                        4
    low_level_init.o              4
    sprintf.o                    64
    xencoding_8859_1.o           30
    xfail_s.o                    64                 4
    xlocale_c.o                 124       47      128
    xmbcurmax.o                  10
    xprintffull.o             4'126
    xsprout.o                    10
    -------------------------------------------------
    Total:                    4'442       47      132

m7M_tls.a: [6]
    DblAddSub.o                 590
    DblCmpGe.o                   52
    DblCmpLe.o                   52
    DblDiv.o                    582
    DblMul.o                    426
    DblToS32.o                   54
    DblToU32.o                   34
    S32ToDbl.o                   34
    U32ToDbl.o                   28
    fpinit_M.o                   34
    frexp.o                     112
    ldexp.o                     314
    -------------------------------------------------
    Total:                    2'312

rt7M_tl.a: [7]
    ABImemclr4.o                  6
    ABImemcpy.o                 166
    ABImemset48.o                58
    ABImemset_small.o            18
    I64DivMod_small.o           262
    I64DivZer.o                   2
    cexit.o                      10
    cmain.o                      30
    cstartup_M.o                 28
    data_init.o                  40
    lz77_init_single.o          120
    memchr.o                     88
    memset.o                     20
    strchr.o                     22
    strlen_small.o               20
    zero_init3.o                 56
    -------------------------------------------------
    Total:                      946

shb_l.a: [8]
    exit.o                       20
    -------------------------------------------------
    Total:                       20

    Gaps                         19        2        1
    Linker created                        32    1'024
-----------------------------------------------------
    Grand Total:             15'989    5'048    2'556


*******************************************************************************
*** ENTRY LIST
***

Entry                       Address    Size  Type      Object
-----                       -------    ----  ----      ------
.iar.init_table$$Base    0x800'5090           --   Gb  - Linker created -
.iar.init_table$$Limit   0x800'50b0           --   Gb  - Linker created -
?main                    0x800'50b1          Code  Gb  cmain.o [7]
AHBPrescTable            0x800'5034    0x10  Data  Gb  system_stm32f4xx.o [3]
BusFault_Handler         0x800'4f6f     0x2  Code  Gb  stm32f4xx_it.o [2]
CSTACK$$Base            0x2000'0600           --   Gb  - Linker created -
CSTACK$$Limit           0x2000'0a00           --   Gb  - Linker created -
CacheMore                0x800'2525    0x28  Code  Lc  xlocale_c.o [5]
DMA2_Stream2_IRQHandler
                         0x800'4fb1     0x6  Code  Gb  stm32f4xx_it.o [2]
DMA_CalcBaseAndBitshift
                         0x800'3ae1    0x26  Code  Lc  stm32f4xx_hal_dma.o [4]
DMA_CalcBaseAndBitshift::flagBitshiftOffset
                         0x800'3b08     0x8  Data  Lc  stm32f4xx_hal_dma.o [4]
DebugMon_Handler         0x800'4f75     0x2  Code  Gb  stm32f4xx_it.o [2]
Error_Handler            0x800'4019     0x4  Code  Gb  main.o [2]
Filter_Buffer           0x2000'05e4     0xc  Data  Gb  sma_filter.o [2]
Filter_SMA               0x800'48ad    0x34  Code  Gb  sma_filter.o [2]
Font16x26                0x800'0198  0x134c  Data  Gb  fonts.o [2]
Font_16x26              0x2000'0000     0x8  Data  Gb  fonts.o [2]
HAL_DMA_Abort_IT         0x800'38fb    0x24  Code  Gb  stm32f4xx_hal_dma.o [4]
HAL_DMA_IRQHandler       0x800'391f   0x188  Code  Gb  stm32f4xx_hal_dma.o [4]
HAL_DMA_Init             0x800'380d    0xee  Code  Gb  stm32f4xx_hal_dma.o [4]
HAL_Delay                0x800'4e69    0x28  Code  Gb  stm32f4xx_hal.o [4]
HAL_GPIO_Init            0x800'3b29   0x190  Code  Gb  stm32f4xx_hal_gpio.o [4]
HAL_GPIO_ReadPin         0x800'3cb9     0xc  Code  Gb  stm32f4xx_hal_gpio.o [4]
HAL_GPIO_WritePin        0x800'3cc5     0x8  Code  Gb  stm32f4xx_hal_gpio.o [4]
HAL_GetTick              0x800'3801     0xc  Code  Gb  stm32f4xx_hal.o [4]
HAL_IncTick              0x800'4fd1    0x10  Code  Gb  stm32f4xx_hal.o [4]
HAL_Init                 0x800'40f5    0x30  Code  Gb  stm32f4xx_hal.o [4]
HAL_InitTick             0x800'4de1    0x40  Code  Gb  stm32f4xx_hal.o [4]
HAL_MspInit              0x800'36cd    0x34  Code  Gb  stm32f4xx_hal_msp.o [2]
HAL_NVIC_EnableIRQ       0x800'408b    0x16  Code  Gb  stm32f4xx_hal_cortex.o [4]
HAL_NVIC_SetPriority     0x800'4051    0x3a  Code  Gb  stm32f4xx_hal_cortex.o [4]
HAL_NVIC_SetPriorityGrouping
                         0x800'4037    0x1a  Code  Gb  stm32f4xx_hal_cortex.o [4]
HAL_RCC_ClockConfig      0x800'4cc1   0x100  Code  Gb  stm32f4xx_hal_rcc.o [4]
HAL_RCC_GetSysClockFreq
                         0x800'4e91    0x60  Code  Gb  stm32f4xx_hal_rcc.o [4]
HAL_RCC_OscConfig        0x800'49b1   0x310  Code  Gb  stm32f4xx_hal_rcc.o [4]
HAL_SPI_ErrorCallback    0x800'3b11     0x2  Code  Gb  stm32f4xx_hal_spi.o [4]
HAL_SPI_GetState         0x800'34c3     0x6  Code  Gb  stm32f4xx_hal_spi.o [4]
HAL_SPI_IRQHandler       0x800'33c1   0x102  Code  Gb  stm32f4xx_hal_spi.o [4]
HAL_SPI_Init             0x800'3131    0x76  Code  Gb  stm32f4xx_hal_spi.o [4]
HAL_SPI_MspInit          0x800'3701    0xa8  Code  Gb  stm32f4xx_hal_msp.o [2]
HAL_SPI_Transmit         0x800'31a7   0x126  Code  Gb  stm32f4xx_hal_spi.o [4]
HAL_SPI_Transmit_IT      0x800'3337    0x76  Code  Gb  stm32f4xx_hal_spi.o [4]
HAL_SPI_TxCpltCallback   0x800'3b13     0x2  Code  Gb  stm32f4xx_hal_spi.o [4]
HAL_SYSTICK_Config       0x800'40a1    0x28  Code  Gb  stm32f4xx_hal_cortex.o [4]
HAL_TIMEx_BreakCallback
                         0x800'4e61     0x2  Code  Gb  stm32f4xx_hal_tim_ex.o [4]
HAL_TIMEx_CommutCallback
                         0x800'4e65     0x2  Code  Gb  stm32f4xx_hal_tim_ex.o [4]
HAL_TIM_Base_Init        0x800'4131    0x1a  Code  Gb  stm32f4xx_hal_tim.o [4]
HAL_TIM_Base_MspInit     0x800'37a9    0x36  Code  Gb  stm32f4xx_hal_msp.o [2]
HAL_TIM_Base_Start_IT    0x800'414b    0x20  Code  Gb  stm32f4xx_hal_tim.o [4]
HAL_TIM_ConfigClockSource
                         0x800'42d7    0x90  Code  Gb  stm32f4xx_hal_tim.o [4]
HAL_TIM_IC_CaptureCallback
                         0x800'4e5b     0x2  Code  Gb  stm32f4xx_hal_tim.o [4]
HAL_TIM_IRQHandler       0x800'418f   0x142  Code  Gb  stm32f4xx_hal_tim.o [4]
HAL_TIM_OC_DelayElapsedCallback
                         0x800'4e5d     0x2  Code  Gb  stm32f4xx_hal_tim.o [4]
HAL_TIM_PWM_PulseFinishedCallback
                         0x800'4e67     0x2  Code  Gb  stm32f4xx_hal_tim.o [4]
HAL_TIM_PeriodElapsedCallback
                         0x800'4e5f     0x2  Code  Gb  stm32f4xx_hal_tim.o [4]
HAL_TIM_TriggerCallback
                         0x800'4e63     0x2  Code  Gb  stm32f4xx_hal_tim.o [4]
HardFault_Handler        0x800'4f6b     0x2  Code  Gb  stm32f4xx_it.o [2]
MedianFilter             0x800'48e1    0x86  Code  Gb  sma_filter.o [2]
MedianFilter::big       0x2000'000c     0x8  Data  Lc  sma_filter.o [2]
MedianFilter::buffer    0x2000'0014    0x28  Data  Lc  sma_filter.o [2]
MedianFilter::datpoint  0x2000'0008     0x4  Data  Lc  sma_filter.o [2]
MedianFilter::small     0x2000'003c     0x8  Data  Lc  sma_filter.o [2]
MemManage_Handler        0x800'4f6d     0x2  Code  Gb  stm32f4xx_it.o [2]
NMI_Handler              0x800'4f69     0x2  Code  Gb  stm32f4xx_it.o [2]
PendSV_Handler           0x800'4f77     0x2  Code  Gb  stm32f4xx_it.o [2]
Region$$Table$$Base      0x800'5090           --   Gb  - Linker created -
Region$$Table$$Limit     0x800'50b0           --   Gb  - Linker created -
SPI1_IRQHandler          0x800'4fab     0x6  Code  Gb  stm32f4xx_it.o [2]
SPI_CloseTx_ISR          0x800'3633    0x42  Code  Lc  stm32f4xx_hal_spi.o [4]
SPI_DMAAbortOnError      0x800'34c9     0xc  Code  Lc  stm32f4xx_hal_spi.o [4]
SPI_EndRxTxTransaction   0x800'35c3    0x50  Code  Lc  stm32f4xx_hal_spi.o [4]
SPI_TxISR_16BIT          0x800'350d    0x20  Code  Lc  stm32f4xx_hal_spi.o [4]
SPI_TxISR_8BIT           0x800'34ed    0x20  Code  Lc  stm32f4xx_hal_spi.o [4]
SPI_WaitFlagStateUntilTimeout
                         0x800'352d    0x8a  Code  Lc  stm32f4xx_hal_spi.o [4]
SSD1306_Buffer          0x2000'00d4   0x400  Data  Gb  ssd1306.o [2]
SSD1306_Clear            0x800'4831    0x18  Code  Gb  ssd1306.o [2]
SSD1306_Disp            0x2000'05f0     0x8  Data  Gb  ssd1306.o [2]
SSD1306_DrawLine         0x800'46b9   0x100  Code  Gb  ssd1306.o [2]
SSD1306_DrawPixel        0x800'45b5    0x38  Code  Gb  ssd1306.o [2]
SSD1306_DrawRectangle    0x800'47b9    0x68  Code  Gb  ssd1306.o [2]
SSD1306_Fill             0x800'45a1    0x14  Code  Gb  ssd1306.o [2]
SSD1306_GotoXY           0x800'4603     0xa  Code  Gb  ssd1306.o [2]
SSD1306_Init             0x800'449d    0xda  Code  Gb  ssd1306.o [2]
SSD1306_Putc             0x800'460d    0x84  Code  Gb  ssd1306.o [2]
SSD1306_Puts             0x800'4697    0x22  Code  Gb  ssd1306.o [2]
SSD1306_Reset            0x800'4577    0x24  Code  Gb  ssd1306.o [2]
SSD1306_UpdateScreen     0x800'459b     0x6  Code  Gb  ssd1306.o [2]
SVC_Handler              0x800'4f73     0x2  Code  Gb  stm32f4xx_it.o [2]
SysTick_Handler          0x800'4f79     0x4  Code  Gb  stm32f4xx_it.o [2]
SystemClock_Config       0x800'3f3d    0x9a  Code  Gb  main.o [2]
SystemCoreClock         0x2000'0050     0x4  Data  Gb  system_stm32f4xx.o [3]
SystemInit               0x800'5019    0x14  Code  Gb  system_stm32f4xx.o [3]
TIM1_BRK_TIM9_IRQHandler
                         0x800'4f7d    0x2e  Code  Gb  stm32f4xx_it.o [2]
TIM_Base_SetConfig       0x800'4391    0x7a  Code  Gb  stm32f4xx_hal_tim.o [4]
TIM_ETR_SetConfig        0x800'4483    0x14  Code  Gb  stm32f4xx_hal_tim.o [4]
TIM_ITRx_SetConfig       0x800'4473    0x10  Code  Lc  stm32f4xx_hal_tim.o [4]
TIM_TI1_ConfigInputStage
                         0x800'4431    0x1e  Code  Lc  stm32f4xx_hal_tim.o [4]
TIM_TI2_ConfigInputStage
                         0x800'444f    0x24  Code  Lc  stm32f4xx_hal_tim.o [4]
UsageFault_Handler       0x800'4f71     0x2  Code  Gb  stm32f4xx_it.o [2]
_Encoding_8859_1_Mbrlen
                         0x800'2515     0x2  Code  Gb  xencoding_8859_1.o [5]
_Encoding_8859_1_Wctomb
                         0x800'2503    0x12  Code  Gb  xencoding_8859_1.o [5]
_LitobFull               0x800'2347   0x10c  Code  Lc  xprintffull.o [5]
_Locale_lconv           0x2000'0054    0x38  Data  Lc  xlocale_c.o [5]
_PrintfFull              0x800'14e5   0xc2a  Code  Gb  xprintffull.o [5]
_PutcharsFull            0x800'24a9    0x2e  Code  Lc  xprintffull.o [5]
_PutstrFull              0x800'2287    0xc0  Code  Lc  xprintffull.o [5]
_PuttxtFull              0x800'217b   0x10c  Code  Lc  xprintffull.o [5]
_SProut                  0x800'25b3     0xa  Code  Gb  xsprout.o [5]
__NVIC_SetPriority       0x800'401d    0x1a  Code  Lc  stm32f4xx_hal_cortex.o [4]
__aeabi_cdcmple          0x800'2781          Code  Gb  DblCmpLe.o [6]
__aeabi_cdrcmple         0x800'27b5          Code  Gb  DblCmpGe.o [6]
__aeabi_d2iz             0x800'2925          Code  Gb  DblToS32.o [6]
__aeabi_d2uiz            0x800'2e19          Code  Gb  DblToU32.o [6]
__aeabi_ddiv             0x800'2bd1          Code  Gb  DblDiv.o [6]
__aeabi_dmul             0x800'2e59          Code  Gb  DblMul.o [6]
__aeabi_dsub             0x800'2aed          Code  Gb  DblAddSub.o [6]
__aeabi_i2d              0x800'295d          Code  Gb  S32ToDbl.o [6]
__aeabi_ldiv0            0x800'3119          Code  Gb  I64DivZer.o [7]
__aeabi_memclr4          0x800'4129          Code  Gb  ABImemclr4.o [7]
__aeabi_memcpy           0x800'2669          Code  Gb  ABImemcpy.o [7]
__aeabi_memcpy4          0x800'2689          Code  Gb  ABImemcpy.o [7]
__aeabi_memcpy8          0x800'2689          Code  Gb  ABImemcpy.o [7]
__aeabi_memset4          0x800'4e21          Code  Gb  ABImemset48.o [7]
__aeabi_memset8          0x800'4e21          Code  Gb  ABImemset48.o [7]
__aeabi_ui2d             0x800'2e3d          Code  Gb  U32ToDbl.o [6]
__cmain                  0x800'50b1          Code  Gb  cmain.o [7]
__exit                   0x800'311d    0x14  Code  Gb  exit.o [8]
__iar_Fail_s             0x800'25bd    0x1c  Code  Gb  xfail_s.o [5]
__iar_Mbcurmax           0x800'3003     0xa  Code  Gb  xmbcurmax.o [5]
__iar_Memchr             0x800'2611          Code  Gb  memchr.o [7]
__iar_Memset4_word       0x800'4e29          Code  Gb  ABImemset48.o [7]
__iar_Memset8_word       0x800'4e29          Code  Gb  ABImemset48.o [7]
__iar_Strchr             0x800'259d          Code  Gb  strchr.o [7]
__iar_data_init3         0x800'5045    0x28  Code  Gb  data_init.o [7]
__iar_frexp              0x800'271d          Code  Gb  frexp.o [6]
__iar_frexpl             0x800'271d          Code  Gb  frexp.o [6]
__iar_globLocale        0x2000'008c    0x48  Data  Lc  xlocale_c.o [5]
__iar_global_Locale      0x800'2521     0x4  Code  Gb  xlocale_c.o [5]
__iar_init_vfp           0x800'506d          Code  Gb  fpinit_M.o [6]
__iar_ldexp64            0x800'27e9          Code  Gb  ldexp.o [6]
__iar_lz77_init_single3
                         0x800'4ef1    0x78  Code  Gb  lz77_init_single.o [7]
__iar_program_start      0x800'50e5          Code  Gb  cstartup_M.o [7]
__iar_scalbln64          0x800'27e9          Code  Gb  ldexp.o [6]
__iar_scalbn64           0x800'27e9          Code  Gb  ldexp.o [6]
__iar_small_Memset       0x800'40e1          Code  Gb  ABImemset_small.o [7]
__iar_small_Memset_word
                         0x800'40e1          Code  Gb  ABImemset_small.o [7]
__iar_small_memset       0x800'40e1          Code  Gb  ABImemset_small.o [7]
__iar_small_strlen       0x800'25fd          Code  Gb  strlen_small.o [7]
__iar_small_uldivmod     0x800'300d          Code  Gb  I64DivMod_small.o [7]
__iar_softfp___iar_frexp64
                         0x800'2711          Code  Gb  frexp.o [6]
__iar_softfp_frexp       0x800'2711          Code  Gb  frexp.o [6]
__iar_softfp_frexpl      0x800'2711          Code  Gb  frexp.o [6]
__iar_zero_init3         0x800'4fe1    0x38  Code  Gb  zero_init3.o [7]
__low_level_init         0x800'50cf     0x4  Code  Gb  low_level_init.o [5]
__vector_table           0x800'0000          Data  Gb  startup_stm32f411xe.o [1]
_call_main               0x800'50bd          Code  Gb  cmain.o [7]
_exit                    0x800'50d9          Code  Gb  cexit.o [7]
_gLocale_mblen           0x800'2589     0x4  Code  Gb  xlocale_c.o [5]
_gLocale_mblenInt        0x800'254d    0x2c  Code  Gb  xlocale_c.o [5]
_gLocale_wctomb          0x800'258d     0x4  Code  Gb  xlocale_c.o [5]
_gLocale_wctombInt       0x800'2585     0x4  Code  Gb  xlocale_c.o [5]
abort                    0x800'3113     0x6  Code  Gb  abort.o [5]
check                   0x2000'04d4     0x1  Data  Gb  main.o [2]
count                   0x2000'0581     0x1  Data  Gb  stm32f4xx_it.o [2]
exit                     0x800'50d3     0x4  Code  Gb  exit.o [5]
flag                    0x2000'0582     0x1  Data  Gb  stm32f4xx_it.o [2]
flash                   0x2000'0578     0x4  Data  Gb  main.o [2]
hdma_spi1_tx            0x2000'0584    0x60  Data  Gb  main.o [2]
hspi1                   0x2000'04d8    0x58  Data  Gb  main.o [2]
htim9                   0x2000'0530    0x40  Data  Gb  main.o [2]
lastflash               0x2000'057c     0x4  Data  Gb  main.o [2]
ldexp                    0x800'27e9          Code  Gb  ldexp.o [6]
ldexpl                   0x800'27e9          Code  Gb  ldexp.o [6]
localeconv               0x800'2591     0x4  Code  Gb  xlocale_c.o [5]
main                     0x800'3ced   0x240  Code  Gb  main.o [2]
memchr                   0x800'2611          Code  Gb  memchr.o [7]
memset                   0x800'3b15    0x14  Code  Gb  memset.o [7]
pulseWidth              0x2000'0574     0x4  Data  Gb  main.o [2]
rev_time                0x2000'0570     0x4  Data  Gb  main.o [2]
scalbln                  0x800'27e9          Code  Gb  ldexp.o [6]
scalblnl                 0x800'27e9          Code  Gb  ldexp.o [6]
scalbn                   0x800'27e9          Code  Gb  ldexp.o [6]
scalbnl                  0x800'27e9          Code  Gb  ldexp.o [6]
scale                    0x800'2453    0x46  Code  Lc  xprintffull.o [5]
sec_hand                0x2000'05f8     0x4  Data  Lc  xfail_s.o [5]
sprintf                  0x800'4971    0x40  Code  Gb  sprintf.o [5]
ssd1306_SPI_WriteCmd     0x800'4849    0x16  Code  Gb  ssd1306.o [2]
ssd1306_SPI_WriteDisp    0x800'485f    0x2c  Code  Gb  ssd1306.o [2]
strchr                   0x800'259d          Code  Gb  strchr.o [7]
transmit_buffer         0x2000'0580     0x1  Data  Gb  main.o [2]
uwTick                  0x2000'0048     0x4  Data  Gb  stm32f4xx_hal.o [4]
uwTickFreq              0x2000'0044     0x1  Data  Gb  stm32f4xx_hal.o [4]
uwTickPrio              0x2000'004c     0x4  Data  Gb  stm32f4xx_hal.o [4]


[1] = C:\Users\CanchezAK\Documents\IAR EW for ARM\F411_Taho_without_ISR\EWARM\F411_Taho_without_ISR\Obj\Application\EWARM
[2] = C:\Users\CanchezAK\Documents\IAR EW for ARM\F411_Taho_without_ISR\EWARM\F411_Taho_without_ISR\Obj\Application\User\Core
[3] = C:\Users\CanchezAK\Documents\IAR EW for ARM\F411_Taho_without_ISR\EWARM\F411_Taho_without_ISR\Obj\Drivers\CMSIS
[4] = C:\Users\CanchezAK\Documents\IAR EW for ARM\F411_Taho_without_ISR\EWARM\F411_Taho_without_ISR\Obj\Drivers\STM32F4xx_HAL_Driver
[5] = dl7M_tlf.a
[6] = m7M_tls.a
[7] = rt7M_tl.a
[8] = shb_l.a

  15'989 bytes of readonly  code memory
   5'048 bytes of readonly  data memory
   2'556 bytes of readwrite data memory

Errors: none
Warnings: none
