###############################################################################
#
# IAR ELF Linker V9.10.2.313/W64 for ARM                  23/Jun/2022  14:31:02
# Copyright 2007-2021 IAR Systems AB.
#
#    Output file  =
#        C:\Users\CanchezAK\Documents\IAR EW for
#        ARM\Enc_F411\EWARM\Enc_F411\Exe\Enc_F411.out
#    Map file     =
#        C:\Users\CanchezAK\Documents\IAR EW for
#        ARM\Enc_F411\EWARM\Enc_F411\List\Enc_F411.map
#    Command line =
#        -f "C:\Users\CanchezAK\Documents\IAR EW for
#        ARM\Enc_F411\EWARM\Enc_F411\Exe\Enc_F411.out.rsp"
#        ("C:\Users\CanchezAK\Documents\IAR EW for
#        ARM\Enc_F411\EWARM\Enc_F411\Obj\Application\User\Core\main.o"
#        "C:\Users\CanchezAK\Documents\IAR EW for
#        ARM\Enc_F411\EWARM\Enc_F411\Obj\Application\EWARM\startup_stm32f411xe.o"
#        "C:\Users\CanchezAK\Documents\IAR EW for
#        ARM\Enc_F411\EWARM\Enc_F411\Obj\Drivers\STM32F4xx_HAL_Driver\stm32f4xx_hal.o"
#        "C:\Users\CanchezAK\Documents\IAR EW for
#        ARM\Enc_F411\EWARM\Enc_F411\Obj\Drivers\STM32F4xx_HAL_Driver\stm32f4xx_hal_cortex.o"
#        "C:\Users\CanchezAK\Documents\IAR EW for
#        ARM\Enc_F411\EWARM\Enc_F411\Obj\Drivers\STM32F4xx_HAL_Driver\stm32f4xx_hal_dma.o"
#        "C:\Users\CanchezAK\Documents\IAR EW for
#        ARM\Enc_F411\EWARM\Enc_F411\Obj\Drivers\STM32F4xx_HAL_Driver\stm32f4xx_hal_dma_ex.o"
#        "C:\Users\CanchezAK\Documents\IAR EW for
#        ARM\Enc_F411\EWARM\Enc_F411\Obj\Drivers\STM32F4xx_HAL_Driver\stm32f4xx_hal_exti.o"
#        "C:\Users\CanchezAK\Documents\IAR EW for
#        ARM\Enc_F411\EWARM\Enc_F411\Obj\Drivers\STM32F4xx_HAL_Driver\stm32f4xx_hal_flash.o"
#        "C:\Users\CanchezAK\Documents\IAR EW for
#        ARM\Enc_F411\EWARM\Enc_F411\Obj\Drivers\STM32F4xx_HAL_Driver\stm32f4xx_hal_flash_ex.o"
#        "C:\Users\CanchezAK\Documents\IAR EW for
#        ARM\Enc_F411\EWARM\Enc_F411\Obj\Drivers\STM32F4xx_HAL_Driver\stm32f4xx_hal_flash_ramfunc.o"
#        "C:\Users\CanchezAK\Documents\IAR EW for
#        ARM\Enc_F411\EWARM\Enc_F411\Obj\Drivers\STM32F4xx_HAL_Driver\stm32f4xx_hal_gpio.o"
#        "C:\Users\CanchezAK\Documents\IAR EW for
#        ARM\Enc_F411\EWARM\Enc_F411\Obj\Application\User\Core\stm32f4xx_hal_msp.o"
#        "C:\Users\CanchezAK\Documents\IAR EW for
#        ARM\Enc_F411\EWARM\Enc_F411\Obj\Drivers\STM32F4xx_HAL_Driver\stm32f4xx_hal_pcd.o"
#        "C:\Users\CanchezAK\Documents\IAR EW for
#        ARM\Enc_F411\EWARM\Enc_F411\Obj\Drivers\STM32F4xx_HAL_Driver\stm32f4xx_hal_pcd_ex.o"
#        "C:\Users\CanchezAK\Documents\IAR EW for
#        ARM\Enc_F411\EWARM\Enc_F411\Obj\Drivers\STM32F4xx_HAL_Driver\stm32f4xx_hal_pwr.o"
#        "C:\Users\CanchezAK\Documents\IAR EW for
#        ARM\Enc_F411\EWARM\Enc_F411\Obj\Drivers\STM32F4xx_HAL_Driver\stm32f4xx_hal_pwr_ex.o"
#        "C:\Users\CanchezAK\Documents\IAR EW for
#        ARM\Enc_F411\EWARM\Enc_F411\Obj\Drivers\STM32F4xx_HAL_Driver\stm32f4xx_hal_rcc.o"
#        "C:\Users\CanchezAK\Documents\IAR EW for
#        ARM\Enc_F411\EWARM\Enc_F411\Obj\Drivers\STM32F4xx_HAL_Driver\stm32f4xx_hal_rcc_ex.o"
#        "C:\Users\CanchezAK\Documents\IAR EW for
#        ARM\Enc_F411\EWARM\Enc_F411\Obj\Drivers\STM32F4xx_HAL_Driver\stm32f4xx_hal_tim.o"
#        "C:\Users\CanchezAK\Documents\IAR EW for
#        ARM\Enc_F411\EWARM\Enc_F411\Obj\Drivers\STM32F4xx_HAL_Driver\stm32f4xx_hal_tim_ex.o"
#        "C:\Users\CanchezAK\Documents\IAR EW for
#        ARM\Enc_F411\EWARM\Enc_F411\Obj\Application\User\Core\stm32f4xx_it.o"
#        "C:\Users\CanchezAK\Documents\IAR EW for
#        ARM\Enc_F411\EWARM\Enc_F411\Obj\Drivers\STM32F4xx_HAL_Driver\stm32f4xx_ll_usb.o"
#        "C:\Users\CanchezAK\Documents\IAR EW for
#        ARM\Enc_F411\EWARM\Enc_F411\Obj\Drivers\CMSIS\system_stm32f4xx.o"
#        "C:\Users\CanchezAK\Documents\IAR EW for
#        ARM\Enc_F411\EWARM\Enc_F411\Obj\Application\User\USB_DEVICE\App\usb_device.o"
#        "C:\Users\CanchezAK\Documents\IAR EW for
#        ARM\Enc_F411\EWARM\Enc_F411\Obj\Middlewares\USB_Device_Library\usbd_cdc.o"
#        "C:\Users\CanchezAK\Documents\IAR EW for
#        ARM\Enc_F411\EWARM\Enc_F411\Obj\Application\User\USB_DEVICE\App\usbd_cdc_if.o"
#        "C:\Users\CanchezAK\Documents\IAR EW for
#        ARM\Enc_F411\EWARM\Enc_F411\Obj\Application\User\USB_DEVICE\Target\usbd_conf.o"
#        "C:\Users\CanchezAK\Documents\IAR EW for
#        ARM\Enc_F411\EWARM\Enc_F411\Obj\Middlewares\USB_Device_Library\usbd_core.o"
#        "C:\Users\CanchezAK\Documents\IAR EW for
#        ARM\Enc_F411\EWARM\Enc_F411\Obj\Middlewares\USB_Device_Library\usbd_ctlreq.o"
#        "C:\Users\CanchezAK\Documents\IAR EW for
#        ARM\Enc_F411\EWARM\Enc_F411\Obj\Application\User\USB_DEVICE\App\usbd_desc.o"
#        "C:\Users\CanchezAK\Documents\IAR EW for
#        ARM\Enc_F411\EWARM\Enc_F411\Obj\Middlewares\USB_Device_Library\usbd_ioreq.o"
#        --no_out_extension -o "C:\Users\CanchezAK\Documents\IAR EW for
#        ARM\Enc_F411\EWARM\Enc_F411\Exe\Enc_F411.out" --redirect
#        _Printf=_PrintfFullNoMb --redirect _Scanf=_ScanfFullNoMb --map
#        "C:\Users\CanchezAK\Documents\IAR EW for
#        ARM\Enc_F411\EWARM\Enc_F411\List\Enc_F411.map" --config
#        "C:\Users\CanchezAK\Documents\IAR EW for
#        ARM\Enc_F411\EWARM/stm32f411xe_flash.icf" --semihosting --entry
#        __iar_program_start --vfe --text_out locale)
#
###############################################################################

*******************************************************************************
*** RUNTIME MODEL ATTRIBUTES
***

CppFlavor       = *
__Heap_Handler  = DLMalloc
__SystemLibrary = DLib
__dlib_version  = 6


*******************************************************************************
*** HEAP SELECTION
***

The advanced heap was selected because the application calls memory
allocation functions outside of system library functions, and there
are calls to deallocation functions in the application.


*******************************************************************************
*** PLACEMENT SUMMARY
***

"A0":  place at address 0x800'0000 { ro section .intvec };
"P1":  place in [from 0x800'0000 to 0x807'ffff] { ro };
define block CSTACK with size = 1K, alignment = 8 { };
define block HEAP with size = 512, alignment = 8 { };
"P2":  place in [from 0x2000'0000 to 0x2001'ffff] {
          rw, block CSTACK, block HEAP };
initialize by copy { rw };

  Section            Kind         Address    Size  Object
  -------            ----         -------    ----  ------
"A0":                                       0x198
  .intvec            ro code   0x800'0000   0x198  startup_stm32f411xe.o [1]
                             - 0x800'0198   0x198

"P1":                                      0x60bb
  .text              ro code   0x800'0198  0x14d4  dlmalloc.o [8]
  .text              ro code   0x800'166c     0x6  abort.o [8]
  .text              ro code   0x800'1672     0xa  xsprout.o [8]
  .text              ro code   0x800'167c    0x2c  xgetmemchunk.o [8]
  .text              ro code   0x800'16a8    0x14  exit.o [11]
  .text              ro code   0x800'16bc   0xf2e  xprintffull_nomb.o [8]
  .rodata            const     0x800'25ea     0x2  xlocale_c.o [8]
  .text              ro code   0x800'25ec    0x16  strchr.o [10]
  .rodata            const     0x800'2602     0x1  xlocale_c.o [8]
  .text              ro code   0x800'2604    0x40  xfail_s.o [8]
  .text              ro code   0x800'2644    0x14  strlen_small.o [10]
  .text              ro code   0x800'2658    0x58  memchr.o [10]
  .text              ro code   0x800'26b0    0x18  ABImemcpy_small.o [10]
  .text              ro code   0x800'26c8    0x70  frexp.o [9]
  .text              ro code   0x800'2738    0x34  DblCmpLe.o [9]
  .text              ro code   0x800'276c    0x34  DblCmpGe.o [9]
  .text              ro code   0x800'27a0   0x13a  ldexp.o [9]
  .text              ro code   0x800'28dc    0x36  DblToS32.o [9]
  .text              ro code   0x800'2914    0x22  S32ToDbl.o [9]
  .text              ro code   0x800'2938   0x24e  DblAddSub.o [9]
  .text              ro code   0x800'2b88   0x246  DblDiv.o [9]
  .text              ro code   0x800'2dd0    0x22  DblToU32.o [9]
  .text              ro code   0x800'2df4    0x1c  U32ToDbl.o [9]
  .text              ro code   0x800'2e10   0x1aa  DblMul.o [9]
  .text              ro code   0x800'2fbc     0x8  xlocale_c.o [8]
  .text              ro code   0x800'2fc4   0x106  I64DivMod_small.o [10]
  .text              ro code   0x800'30cc     0x2  I64DivZer.o [10]
  .text              ro code   0x800'30d0   0x904  stm32f4xx_ll_usb.o [6]
  .text              ro code   0x800'39d4    0x28  stm32f4xx_hal.o [6]
  .text              ro code   0x800'39fc     0xc  stm32f4xx_hal.o [6]
  .text              ro code   0x800'3a08   0x832  stm32f4xx_hal_pcd.o [6]
  .text              ro code   0x800'423c   0x23e  usbd_conf.o [4]
  .text              ro code   0x800'447a     0x2  stm32f4xx_hal_pcd_ex.o [6]
  .text              ro code   0x800'447c   0x128  stm32f4xx_hal_rcc.o [6]
  .text              ro code   0x800'45a4     0x6  ABImemclr4.o [10]
  .text              ro code   0x800'45ac   0x1b0  stm32f4xx_hal_gpio.o [6]
  .text              ro code   0x800'475c    0xc4  stm32f4xx_hal_cortex.o [6]
  .text              ro code   0x800'4820   0x298  usbd_core.o [7]
  .text              ro code   0x800'4ab8   0x21c  main.o [2]
  .text              ro code   0x800'4cd4    0x4a  stm32f4xx_hal_pcd_ex.o [6]
  .text              ro code   0x800'4d20    0x60  stm32f4xx_hal_rcc.o [6]
  .text              ro code   0x800'4d80    0x40  stm32f4xx_hal.o [6]
  .text              ro code   0x800'4dc0    0x32  ABImemset48.o [10]
  .text              ro code   0x800'4df4   0x4a2  usbd_ctlreq.o [7]
  .text              ro code   0x800'5296    0x60  usbd_ioreq.o [7]
  .text              ro code   0x800'52f8    0xb0  usbd_cdc_if.o [3]
  .text              ro code   0x800'53a8    0x34  stm32f4xx_hal.o [6]
  .text              ro code   0x800'53dc   0x1a4  stm32f4xx_hal_tim.o [6]
  .text              ro code   0x800'5580    0x78  stm32f4xx_hal_tim_ex.o [6]
  .text              ro code   0x800'55f8    0x54  usb_device.o [3]
  .text              ro code   0x800'564c    0x40  sprintf.o [8]
  .text              ro code   0x800'568c   0x310  stm32f4xx_hal_rcc.o [6]
  .text              ro code   0x800'599c   0x2ec  usbd_cdc.o [7]
  .text              ro code   0x800'5c88    0xa8  stm32f4xx_hal_msp.o [2]
  .text              ro code   0x800'5d30     0x4  heaptramp0.o [8]
  .text              ro code   0x800'5d34    0x14  memset.o [10]
  .text              ro code   0x800'5d48    0x66  ABImemset.o [10]
  .text              ro code   0x800'5db0   0x100  usbd_desc.o [3]
  .text              ro code   0x800'5eb0    0x78  lz77_init_single.o [10]
  .text              ro code   0x800'5f28    0x38  zero_init3.o [10]
  .text              ro code   0x800'5f60    0x2c  system_stm32f4xx.o [5]
  .text              ro code   0x800'5f8c    0x28  data_init.o [10]
  .text              ro code   0x800'5fb4    0x22  fpinit_M.o [9]
  .iar.init_table    const     0x800'5fd8    0x20  - Linker created -
  .text              ro code   0x800'5ff8    0x20  stm32f4xx_it.o [2]
  .text              ro code   0x800'6018    0x10  stm32f4xx_hal.o [6]
  .text              ro code   0x800'6028    0x1e  cmain.o [10]
  .text              ro code   0x800'6046     0x4  low_level_init.o [8]
  .text              ro code   0x800'604a     0x4  exit.o [8]
  .text              ro code   0x800'6050     0xa  cexit.o [10]
  .text              ro code   0x800'605c    0x1c  cstartup_M.o [10]
  .text              ro code   0x800'6078    0x10  startup_stm32f411xe.o [1]
  .text              ro code   0x800'6088     0x4  startup_stm32f411xe.o [1]
  .text              ro code   0x800'608c     0x4  startup_stm32f411xe.o [1]
  .text              ro code   0x800'6090     0x4  startup_stm32f411xe.o [1]
  .text              ro code   0x800'6094     0x4  startup_stm32f411xe.o [1]
  .text              ro code   0x800'6098     0x4  startup_stm32f411xe.o [1]
  .text              ro code   0x800'609c     0x4  startup_stm32f411xe.o [1]
  .text              ro code   0x800'60a0     0x4  startup_stm32f411xe.o [1]
  .text              ro code   0x800'60a4     0x4  startup_stm32f411xe.o [1]
  .text              ro code   0x800'60a8     0x4  startup_stm32f411xe.o [1]
  .text              ro code   0x800'60ac     0x4  startup_stm32f411xe.o [1]
  .text              ro code   0x800'60b0     0x4  startup_stm32f411xe.o [1]
  .text              ro code   0x800'60b4     0x4  startup_stm32f411xe.o [1]
  .text              ro code   0x800'60b8     0x4  startup_stm32f411xe.o [1]
  .text              ro code   0x800'60bc     0x4  startup_stm32f411xe.o [1]
  .text              ro code   0x800'60c0     0x4  startup_stm32f411xe.o [1]
  .text              ro code   0x800'60c4     0x4  startup_stm32f411xe.o [1]
  .text              ro code   0x800'60c8     0x4  startup_stm32f411xe.o [1]
  .text              ro code   0x800'60cc     0x4  startup_stm32f411xe.o [1]
  .text              ro code   0x800'60d0     0x4  startup_stm32f411xe.o [1]
  .text              ro code   0x800'60d4     0x4  startup_stm32f411xe.o [1]
  .text              ro code   0x800'60d8     0x4  startup_stm32f411xe.o [1]
  .text              ro code   0x800'60dc     0x4  startup_stm32f411xe.o [1]
  .text              ro code   0x800'60e0     0x4  startup_stm32f411xe.o [1]
  .text              ro code   0x800'60e4     0x4  startup_stm32f411xe.o [1]
  .text              ro code   0x800'60e8     0x4  startup_stm32f411xe.o [1]
  .text              ro code   0x800'60ec     0x4  startup_stm32f411xe.o [1]
  .text              ro code   0x800'60f0     0x4  startup_stm32f411xe.o [1]
  .text              ro code   0x800'60f4     0x4  startup_stm32f411xe.o [1]
  .text              ro code   0x800'60f8     0x4  startup_stm32f411xe.o [1]
  .text              ro code   0x800'60fc     0x4  startup_stm32f411xe.o [1]
  .text              ro code   0x800'6100     0x4  startup_stm32f411xe.o [1]
  .text              ro code   0x800'6104     0x4  startup_stm32f411xe.o [1]
  .text              ro code   0x800'6108     0x4  startup_stm32f411xe.o [1]
  .text              ro code   0x800'610c     0x4  startup_stm32f411xe.o [1]
  .text              ro code   0x800'6110     0x4  startup_stm32f411xe.o [1]
  .text              ro code   0x800'6114     0x4  startup_stm32f411xe.o [1]
  .text              ro code   0x800'6118     0x4  startup_stm32f411xe.o [1]
  .text              ro code   0x800'611c     0x4  startup_stm32f411xe.o [1]
  .text              ro code   0x800'6120     0x4  startup_stm32f411xe.o [1]
  .text              ro code   0x800'6124     0x4  startup_stm32f411xe.o [1]
  .text              ro code   0x800'6128     0x4  startup_stm32f411xe.o [1]
  .text              ro code   0x800'612c     0x4  startup_stm32f411xe.o [1]
  .text              ro code   0x800'6130     0x4  startup_stm32f411xe.o [1]
  .text              ro code   0x800'6134     0x4  startup_stm32f411xe.o [1]
  .text              ro code   0x800'6138     0x4  startup_stm32f411xe.o [1]
  .text              ro code   0x800'613c     0x4  startup_stm32f411xe.o [1]
  .text              ro code   0x800'6140     0x4  startup_stm32f411xe.o [1]
  .text              ro code   0x800'6144     0x4  startup_stm32f411xe.o [1]
  .text              ro code   0x800'6148     0x4  startup_stm32f411xe.o [1]
  .text              ro code   0x800'614c     0x4  startup_stm32f411xe.o [1]
  .text              ro code   0x800'6150     0x4  startup_stm32f411xe.o [1]
  .text              ro code   0x800'6154     0x4  startup_stm32f411xe.o [1]
  .text              ro code   0x800'6158     0x4  startup_stm32f411xe.o [1]
  .text              ro code   0x800'615c     0x4  startup_stm32f411xe.o [1]
  .text              ro code   0x800'6160     0x4  startup_stm32f411xe.o [1]
  .text              ro code   0x800'6164     0x4  startup_stm32f411xe.o [1]
  .rodata            const     0x800'6168     0x0  zero_init3.o [10]
  .rodata            const     0x800'6168     0x0  lz77_init_single.o [10]
  Initializer bytes  const     0x800'6168    0xeb  <for P2-1>
                             - 0x800'6253  0x60bb

"P2", part 1 of 3:                          0x1bc
  P2-1                        0x2000'0000   0x1bc  <Init block>
    .data            inited   0x2000'0000     0xc  stm32f4xx_hal.o [6]
    .data            inited   0x2000'000c     0x4  system_stm32f4xx.o [5]
    .data            inited   0x2000'0010     0xc  usbd_cdc.o [7]
    .data            inited   0x2000'001c    0x38  usbd_cdc.o [7]
    .data            inited   0x2000'0054    0x44  usbd_cdc.o [7]
    .data            inited   0x2000'0098    0x44  usbd_cdc.o [7]
    .data            inited   0x2000'00dc    0x44  usbd_cdc.o [7]
    .data            inited   0x2000'0120    0x14  usbd_cdc_if.o [3]
    .data            inited   0x2000'0134    0x1c  usbd_desc.o [3]
    .data            inited   0x2000'0150    0x14  usbd_desc.o [3]
    .data            inited   0x2000'0164     0x4  usbd_desc.o [3]
    .data            inited   0x2000'0168    0x1c  usbd_desc.o [3]
    .data            inited   0x2000'0184    0x38  xlocale_c.o [8]
                            - 0x2000'01bc   0x1bc

"P2", part 2 of 3:                         0x1b2c
  .bss               zero     0x2000'01bc  0x1000  usbd_cdc_if.o [3]
  .bss               zero     0x2000'11bc   0x408  usbd_conf.o [4]
  .bss               zero     0x2000'15c4   0x2d0  usb_device.o [3]
  .bss               zero     0x2000'1894   0x200  usbd_desc.o [3]
  .bss               zero     0x2000'1a94   0x1d8  dlmalloc.o [8]
  .bss               zero     0x2000'1c6c    0x58  main.o [2]
  .bss               zero     0x2000'1cc4    0x18  dlmalloc.o [8]
  .bss               zero     0x2000'1cdc     0x4  xfail_s.o [8]
  .bss               zero     0x2000'1ce0     0x4  xgetmemchunk.o [8]
  .bss               zero     0x2000'1ce4     0x1  usbd_cdc_if.o [3]
  .bss               zero     0x2000'1ce5     0x1  usbd_ctlreq.o [7]
                            - 0x2000'1ce6  0x1b2a

"P2", part 3 of 3:                          0x600
  CSTACK                      0x2000'1ce8   0x400  <Block>
    CSTACK           uninit   0x2000'1ce8   0x400  <Block tail>
  HEAP                        0x2000'20e8   0x200  <Block>
    HEAP             uninit   0x2000'20e8   0x200  <Block tail>
                            - 0x2000'22e8   0x600

Unused ranges:

         From           To      Size
         ----           --      ----
   0x800'6253   0x807'ffff  0x7'9dad
  0x2000'22e8  0x2001'ffff  0x1'dd18


*******************************************************************************
*** INIT TABLE
***

          Address      Size
          -------      ----
Zero (__iar_zero_init3)
    1 destination range, total size 0x1b2a:
          0x2000'01bc  0x1b2a

Copy/lz77 (__iar_lz77_init_single3)
    1 source range, total size 0xeb (52% of destination):
           0x800'6168    0xeb
    1 destination range, total size 0x1bc:
          0x2000'0000   0x1bc



*******************************************************************************
*** MODULE SUMMARY
***

    Module                  ro code  ro data  rw data
    ------                  -------  -------  -------
command line/config:
    -------------------------------------------------
    Total:

C:\Users\CanchezAK\Documents\IAR EW for ARM\Enc_F411\EWARM\Enc_F411\Obj\Application\EWARM: [1]
    startup_stm32f411xe.o       648
    -------------------------------------------------
    Total:                      648

C:\Users\CanchezAK\Documents\IAR EW for ARM\Enc_F411\EWARM\Enc_F411\Obj\Application\User\Core: [2]
    main.o                      540                88
    stm32f4xx_hal_msp.o         168
    stm32f4xx_it.o               32
    -------------------------------------------------
    Total:                      740                88

C:\Users\CanchezAK\Documents\IAR EW for ARM\Enc_F411\EWARM\Enc_F411\Obj\Application\User\USB_DEVICE\App: [3]
    usb_device.o                 84               720
    usbd_cdc_if.o               176       11    4'117
    usbd_desc.o                 256       42      592
    -------------------------------------------------
    Total:                      516       53    5'429

C:\Users\CanchezAK\Documents\IAR EW for ARM\Enc_F411\EWARM\Enc_F411\Obj\Application\User\USB_DEVICE\Target: [4]
    usbd_conf.o                 574             1'032
    -------------------------------------------------
    Total:                      574             1'032

C:\Users\CanchezAK\Documents\IAR EW for ARM\Enc_F411\EWARM\Enc_F411\Obj\Drivers\CMSIS: [5]
    system_stm32f4xx.o           44        2        4
    -------------------------------------------------
    Total:                       44        2        4

C:\Users\CanchezAK\Documents\IAR EW for ARM\Enc_F411\EWARM\Enc_F411\Obj\Drivers\STM32F4xx_HAL_Driver: [6]
    stm32f4xx_hal.o             184        6       12
    stm32f4xx_hal_cortex.o      196
    stm32f4xx_hal_gpio.o        432
    stm32f4xx_hal_pcd.o       2'098
    stm32f4xx_hal_pcd_ex.o       76
    stm32f4xx_hal_rcc.o       1'176
    stm32f4xx_hal_tim.o         420
    stm32f4xx_hal_tim_ex.o      120
    stm32f4xx_ll_usb.o        2'308
    -------------------------------------------------
    Total:                    7'010        6       12

C:\Users\CanchezAK\Documents\IAR EW for ARM\Enc_F411\EWARM\Enc_F411\Obj\Middlewares\USB_Device_Library: [7]
    usbd_cdc.o                  748      144      272
    usbd_core.o                 664
    usbd_ctlreq.o             1'186                 1
    usbd_ioreq.o                 96
    -------------------------------------------------
    Total:                    2'694      144      273

dl7M_tlf.a: [8]
    abort.o                       6
    dlmalloc.o                5'332               496
    exit.o                        4
    heaptramp0.o                  4
    low_level_init.o              4
    sprintf.o                    64
    xfail_s.o                    64                 4
    xgetmemchunk.o               44                 4
    xlocale_c.o                   8       33       56
    xprintffull_nomb.o        3'886
    xsprout.o                    10
    -------------------------------------------------
    Total:                    9'426       33      560

m7M_tls.a: [9]
    DblAddSub.o                 590
    DblCmpGe.o                   52
    DblCmpLe.o                   52
    DblDiv.o                    582
    DblMul.o                    426
    DblToS32.o                   54
    DblToU32.o                   34
    S32ToDbl.o                   34
    U32ToDbl.o                   28
    fpinit_M.o                   34
    frexp.o                     112
    ldexp.o                     314
    -------------------------------------------------
    Total:                    2'312

rt7M_tl.a: [10]
    ABImemclr4.o                  6
    ABImemcpy_small.o            24
    ABImemset.o                 102
    ABImemset48.o                50
    I64DivMod_small.o           262
    I64DivZer.o                   2
    cexit.o                      10
    cmain.o                      30
    cstartup_M.o                 28
    data_init.o                  40
    lz77_init_single.o          120
    memchr.o                     88
    memset.o                     20
    strchr.o                     22
    strlen_small.o               20
    zero_init3.o                 56
    -------------------------------------------------
    Total:                      880

shb_l.a: [11]
    exit.o                       20
    -------------------------------------------------
    Total:                       20

    Gaps                         35        2
    Linker created                        32    1'536
-----------------------------------------------------
    Grand Total:             24'899      272    8'934


*******************************************************************************
*** ENTRY LIST
***

Entry                       Address   Size  Type      Object
-----                       -------   ----  ----      ------
.iar.init_table$$Base    0x800'5fd8          --   Gb  - Linker created -
.iar.init_table$$Limit   0x800'5ff8          --   Gb  - Linker created -
?main                    0x800'6029         Code  Gb  cmain.o [10]
AHBPrescTable            0x800'5f7c   0x10  Data  Gb  system_stm32f4xx.o [5]
BusFault_Handler         0x800'5fff    0x2  Code  Gb  stm32f4xx_it.o [2]
CDC_Control_FS           0x800'531b    0x4  Code  Lc  usbd_cdc_if.o [3]
CDC_DeInit_FS            0x800'5317    0x4  Code  Lc  usbd_cdc_if.o [3]
CDC_Init_FS              0x800'52f9   0x1e  Code  Lc  usbd_cdc_if.o [3]
CDC_Receive_FS           0x800'531f   0x16  Code  Lc  usbd_cdc_if.o [3]
CDC_TransmitCplt_FS      0x800'53a5    0x4  Code  Lc  usbd_cdc_if.o [3]
CDC_Transmit_FS          0x800'5335   0x58  Code  Gb  usbd_cdc_if.o [3]
CSTACK$$Base            0x2000'1ce8          --   Gb  - Linker created -
CSTACK$$Limit           0x2000'20e8          --   Gb  - Linker created -
DebugMon_Handler         0x800'6005    0x2  Code  Gb  stm32f4xx_it.o [2]
Error_Handler            0x800'4cd1    0x4  Code  Gb  main.o [2]
FS_Desc                 0x2000'0134   0x1c  Data  Gb  usbd_desc.o [3]
HAL_Delay                0x800'39d5   0x28  Code  Gb  stm32f4xx_hal.o [6]
HAL_GPIO_Init            0x800'45ad  0x190  Code  Gb  stm32f4xx_hal_gpio.o [6]
HAL_GetTick              0x800'39fd    0xc  Code  Gb  stm32f4xx_hal.o [6]
HAL_IncTick              0x800'6019   0x10  Code  Gb  stm32f4xx_hal.o [6]
HAL_Init                 0x800'53a9   0x30  Code  Gb  stm32f4xx_hal.o [6]
HAL_InitTick             0x800'4d81   0x40  Code  Gb  stm32f4xx_hal.o [6]
HAL_MspInit              0x800'5c89   0x34  Code  Gb  stm32f4xx_hal_msp.o [2]
HAL_NVIC_EnableIRQ       0x800'47cb   0x16  Code  Gb  stm32f4xx_hal_cortex.o [6]
HAL_NVIC_SetPriority     0x800'4791   0x3a  Code  Gb  stm32f4xx_hal_cortex.o [6]
HAL_NVIC_SetPriorityGrouping
                         0x800'4777   0x1a  Code  Gb  stm32f4xx_hal_cortex.o [6]
HAL_PCDEx_LPM_Callback   0x800'447b    0x2  Code  Gb  stm32f4xx_hal_pcd_ex.o [6]
HAL_PCDEx_SetRxFiFo      0x800'4d17    0x8  Code  Gb  stm32f4xx_hal_pcd_ex.o [6]
HAL_PCDEx_SetTxFiFo      0x800'4cd5   0x42  Code  Gb  stm32f4xx_hal_pcd_ex.o [6]
HAL_PCD_ConnectCallback
                         0x800'4359    0x8  Code  Gb  usbd_conf.o [4]
HAL_PCD_DataInStageCallback
                         0x800'42d9   0x12  Code  Gb  usbd_conf.o [4]
HAL_PCD_DataOutStageCallback
                         0x800'42c5   0x14  Code  Gb  usbd_conf.o [4]
HAL_PCD_DisconnectCallback
                         0x800'4361    0x8  Code  Gb  usbd_conf.o [4]
HAL_PCD_EP_Close         0x800'40d5   0x20  Code  Gb  stm32f4xx_hal_pcd.o [6]
HAL_PCD_EP_ClrStall      0x800'41d7   0x2e  Code  Gb  stm32f4xx_hal_pcd.o [6]
HAL_PCD_EP_GetRxCount    0x800'410b   0x10  Code  Gb  stm32f4xx_hal_pcd.o [6]
HAL_PCD_EP_Open          0x800'407f   0x56  Code  Gb  stm32f4xx_hal_pcd.o [6]
HAL_PCD_EP_Receive       0x800'40f5   0x16  Code  Gb  stm32f4xx_hal_pcd.o [6]
HAL_PCD_EP_SetStall      0x800'416b   0x64  Code  Gb  stm32f4xx_hal_pcd.o [6]
HAL_PCD_EP_Transmit      0x800'411b   0x12  Code  Gb  stm32f4xx_hal_pcd.o [6]
HAL_PCD_IRQHandler       0x800'3af1  0x528  Code  Gb  stm32f4xx_hal_pcd.o [6]
HAL_PCD_ISOINIncompleteCallback
                         0x800'4351    0x8  Code  Gb  usbd_conf.o [4]
HAL_PCD_ISOOUTIncompleteCallback
                         0x800'4349    0x8  Code  Gb  usbd_conf.o [4]
HAL_PCD_Init             0x800'3a09   0xb8  Code  Gb  stm32f4xx_hal_pcd.o [6]
HAL_PCD_MspInit          0x800'423d   0x7c  Code  Gb  usbd_conf.o [4]
HAL_PCD_ResetCallback    0x800'42f3   0x24  Code  Gb  usbd_conf.o [4]
HAL_PCD_ResumeCallback   0x800'4341    0x8  Code  Gb  usbd_conf.o [4]
HAL_PCD_SOFCallback      0x800'42eb    0x8  Code  Gb  usbd_conf.o [4]
HAL_PCD_SetAddress       0x800'405d   0x22  Code  Gb  stm32f4xx_hal_pcd.o [6]
HAL_PCD_SetupStageCallback
                         0x800'42b9    0xc  Code  Gb  usbd_conf.o [4]
HAL_PCD_Start            0x800'3ad9   0x18  Code  Gb  stm32f4xx_hal_pcd.o [6]
HAL_PCD_SuspendCallback
                         0x800'4317   0x2a  Code  Gb  usbd_conf.o [4]
HAL_RCC_ClockConfig      0x800'447d  0x100  Code  Gb  stm32f4xx_hal_rcc.o [6]
HAL_RCC_GetHCLKFreq      0x800'4589    0x6  Code  Gb  stm32f4xx_hal_rcc.o [6]
HAL_RCC_GetSysClockFreq
                         0x800'4d21   0x60  Code  Gb  stm32f4xx_hal_rcc.o [6]
HAL_RCC_OscConfig        0x800'568d  0x310  Code  Gb  stm32f4xx_hal_rcc.o [6]
HAL_SYSTICK_Config       0x800'47e1   0x28  Code  Gb  stm32f4xx_hal_cortex.o [6]
HAL_TIMEx_MasterConfigSynchronization
                         0x800'5581   0x62  Code  Gb  stm32f4xx_hal_tim_ex.o [6]
HAL_TIM_Encoder_Init     0x800'53ed   0x8c  Code  Gb  stm32f4xx_hal_tim.o [6]
HAL_TIM_Encoder_MspInit
                         0x800'5cbd   0x64  Code  Gb  stm32f4xx_hal_msp.o [2]
HAL_TIM_Encoder_Start    0x800'547b   0x1e  Code  Gb  stm32f4xx_hal_tim.o [6]
HEAP$$Base              0x2000'20e8          --   Gb  - Linker created -
HEAP$$Limit             0x2000'22e8          --   Gb  - Linker created -
HardFault_Handler        0x800'5ffb    0x2  Code  Gb  stm32f4xx_it.o [2]
IntToUnicode             0x800'5e41   0x26  Code  Lc  usbd_desc.o [3]
MX_USB_DEVICE_Init       0x800'55f9   0x54  Code  Gb  usb_device.o [3]
MemManage_Handler        0x800'5ffd    0x2  Code  Gb  stm32f4xx_it.o [2]
NMI_Handler              0x800'5ff9    0x2  Code  Gb  stm32f4xx_it.o [2]
OTG_FS_IRQHandler        0x800'600d    0x6  Code  Gb  stm32f4xx_it.o [2]
PendSV_Handler           0x800'6007    0x2  Code  Gb  stm32f4xx_it.o [2]
Region$$Table$$Base      0x800'5fd8          --   Gb  - Linker created -
Region$$Table$$Limit     0x800'5ff8          --   Gb  - Linker created -
SVC_Handler              0x800'6003    0x2  Code  Gb  stm32f4xx_it.o [2]
SWAPBYTE                 0x800'4df5    0xa  Code  Lc  usbd_ctlreq.o [7]
SysTick_Handler          0x800'6009    0x4  Code  Gb  stm32f4xx_it.o [2]
SystemClock_Config       0x800'4c0f   0x9a  Code  Gb  main.o [2]
SystemCoreClock         0x2000'000c    0x4  Data  Gb  system_stm32f4xx.o [5]
SystemInit               0x800'5f61   0x14  Code  Gb  system_stm32f4xx.o [5]
TIM_Base_SetConfig       0x800'54c9   0x7a  Code  Gb  stm32f4xx_hal_tim.o [6]
TIM_CCxChannelCmd        0x800'5565   0x16  Code  Gb  stm32f4xx_hal_tim.o [6]
TX_Buff                 0x2000'1cb8    0xc  Data  Gb  main.o [2]
USBD_CDC                0x2000'001c   0x38  Data  Gb  usbd_cdc.o [7]
USBD_CDC_CfgFSDesc      0x2000'0098   0x44  Data  Lc  usbd_cdc.o [7]
USBD_CDC_CfgHSDesc      0x2000'0054   0x44  Data  Lc  usbd_cdc.o [7]
USBD_CDC_DataIn          0x800'5b2d   0x60  Code  Lc  usbd_cdc.o [7]
USBD_CDC_DataOut         0x800'5b8d   0x28  Code  Lc  usbd_cdc.o [7]
USBD_CDC_DeInit          0x800'5a37   0x4a  Code  Lc  usbd_cdc.o [7]
USBD_CDC_DeviceQualifierDesc
                        0x2000'0010    0xc  Data  Lc  usbd_cdc.o [7]
USBD_CDC_EP0_RxReady     0x800'5bb5   0x26  Code  Lc  usbd_cdc.o [7]
USBD_CDC_GetDeviceQualifierDescriptor
                         0x800'5bf3    0x8  Code  Gb  usbd_cdc.o [7]
USBD_CDC_GetFSCfgDesc    0x800'5bdb    0x8  Code  Lc  usbd_cdc.o [7]
USBD_CDC_GetHSCfgDesc    0x800'5be3    0x8  Code  Lc  usbd_cdc.o [7]
USBD_CDC_GetOtherSpeedCfgDesc
                         0x800'5beb    0x8  Code  Lc  usbd_cdc.o [7]
USBD_CDC_Init            0x800'599d   0x90  Code  Lc  usbd_cdc.o [7]
USBD_CDC_OtherSpeedCfgDesc
                        0x2000'00dc   0x44  Data  Lc  usbd_cdc.o [7]
USBD_CDC_ReceivePacket   0x800'5c63   0x26  Code  Gb  usbd_cdc.o [7]
USBD_CDC_RegisterInterface
                         0x800'5c0d    0xe  Code  Gb  usbd_cdc.o [7]
USBD_CDC_SetRxBuffer     0x800'5c2b    0xc  Code  Gb  usbd_cdc.o [7]
USBD_CDC_SetTxBuffer     0x800'5c1b   0x10  Code  Gb  usbd_cdc.o [7]
USBD_CDC_Setup           0x800'5a81   0xac  Code  Lc  usbd_cdc.o [7]
USBD_CDC_TransmitPacket
                         0x800'5c37   0x2c  Code  Gb  usbd_cdc.o [7]
USBD_ClrClassConfig      0x800'4887   0x10  Code  Gb  usbd_core.o [7]
USBD_CtlContinueRx       0x800'52cb    0x4  Code  Gb  usbd_ioreq.o [7]
USBD_CtlContinueSendData
                         0x800'52a7    0x4  Code  Gb  usbd_ioreq.o [7]
USBD_CtlError            0x800'523b   0x16  Code  Gb  usbd_ctlreq.o [7]
USBD_CtlPrepareRx        0x800'52b7   0x14  Code  Gb  usbd_ioreq.o [7]
USBD_CtlReceiveStatus    0x800'52e9    0xe  Code  Gb  usbd_ioreq.o [7]
USBD_CtlSendData         0x800'5297   0x10  Code  Gb  usbd_ioreq.o [7]
USBD_CtlSendStatus       0x800'52db    0xe  Code  Gb  usbd_ioreq.o [7]
USBD_FS_ConfigStrDescriptor
                         0x800'5e0d    0xc  Code  Gb  usbd_desc.o [3]
USBD_FS_DeviceDesc      0x2000'0150   0x14  Data  Gb  usbd_desc.o [3]
USBD_FS_DeviceDescriptor
                         0x800'5db1    0x8  Code  Gb  usbd_desc.o [3]
USBD_FS_InterfaceStrDescriptor
                         0x800'5e35    0xc  Code  Gb  usbd_desc.o [3]
USBD_FS_LangIDStrDescriptor
                         0x800'5db9    0x8  Code  Gb  usbd_desc.o [3]
USBD_FS_ManufacturerStrDescriptor
                         0x800'5dcd    0xa  Code  Gb  usbd_desc.o [3]
USBD_FS_ProductStrDescriptor
                         0x800'5dc1    0xc  Code  Gb  usbd_desc.o [3]
USBD_FS_SerialStrDescriptor
                         0x800'5de1   0x2c  Code  Gb  usbd_desc.o [3]
USBD_GetString           0x800'5251   0x46  Code  Gb  usbd_ctlreq.o [7]
USBD_Get_USB_Status      0x800'4469   0x12  Code  Gb  usbd_conf.o [4]
USBD_Init                0x800'4821   0x2e  Code  Gb  usbd_core.o [7]
USBD_Interface_fops_FS  0x2000'0120   0x14  Data  Gb  usbd_cdc_if.o [3]
USBD_LL_ClearStallEP     0x800'4413    0xc  Code  Gb  usbd_conf.o [4]
USBD_LL_CloseEP          0x800'43fb    0xc  Code  Gb  usbd_conf.o [4]
USBD_LL_DataInStage      0x800'495f   0x9e  Code  Gb  usbd_core.o [7]
USBD_LL_DataOutStage     0x800'48f3   0x6c  Code  Gb  usbd_core.o [7]
USBD_LL_DevConnected     0x800'4a9b    0x4  Code  Gb  usbd_core.o [7]
USBD_LL_DevDisconnected
                         0x800'4a9f   0x1a  Code  Gb  usbd_core.o [7]
USBD_LL_GetRxDataSize    0x800'4461    0x8  Code  Gb  usbd_conf.o [4]
USBD_LL_Init             0x800'4369   0x5a  Code  Gb  usbd_conf.o [4]
USBD_LL_IsStallEP        0x800'441f   0x1e  Code  Gb  usbd_conf.o [4]
USBD_LL_IsoINIncomplete
                         0x800'4a93    0x4  Code  Gb  usbd_core.o [7]
USBD_LL_IsoOUTIncomplete
                         0x800'4a97    0x4  Code  Gb  usbd_core.o [7]
USBD_LL_OpenEP           0x800'43e5   0x16  Code  Gb  usbd_conf.o [4]
USBD_LL_PrepareReceive   0x800'4455    0xc  Code  Gb  usbd_conf.o [4]
USBD_LL_Reset            0x800'49fd   0x56  Code  Gb  usbd_core.o [7]
USBD_LL_Resume           0x800'4a69   0x12  Code  Gb  usbd_core.o [7]
USBD_LL_SOF              0x800'4a7b   0x18  Code  Gb  usbd_core.o [7]
USBD_LL_SetSpeed         0x800'4a53    0x6  Code  Gb  usbd_core.o [7]
USBD_LL_SetUSBAddress    0x800'443d    0xc  Code  Gb  usbd_conf.o [4]
USBD_LL_SetupStage       0x800'4897   0x5c  Code  Gb  usbd_core.o [7]
USBD_LL_StallEP          0x800'4407    0xc  Code  Gb  usbd_conf.o [4]
USBD_LL_Start            0x800'43d5    0xa  Code  Gb  usbd_conf.o [4]
USBD_LL_Suspend          0x800'4a59   0x10  Code  Gb  usbd_core.o [7]
USBD_LL_Transmit         0x800'4449    0xc  Code  Gb  usbd_conf.o [4]
USBD_LangIDDesc         0x2000'0164    0x4  Data  Gb  usbd_desc.o [3]
USBD_ParseSetupRequest   0x800'5211   0x2a  Code  Gb  usbd_ctlreq.o [7]
USBD_RegisterClass       0x800'484f   0x20  Code  Gb  usbd_core.o [7]
USBD_SetClassConfig      0x800'4873   0x14  Code  Gb  usbd_core.o [7]
USBD_SetConfig::cfgidx  0x2000'1ce5    0x1  Data  Lc  usbd_ctlreq.o [7]
USBD_Start               0x800'486f    0x4  Code  Gb  usbd_core.o [7]
USBD_StdDevReq           0x800'4e01  0x270  Code  Gb  usbd_ctlreq.o [7]
USBD_StdEPReq            0x800'50df  0x120  Code  Gb  usbd_ctlreq.o [7]
USBD_StdItfReq           0x800'5093   0x4c  Code  Gb  usbd_ctlreq.o [7]
USBD_StrDesc            0x2000'1894  0x200  Data  Gb  usbd_desc.o [3]
USBD_StringSerial       0x2000'0168   0x1c  Data  Gb  usbd_desc.o [3]
USB_ActivateEndpoint     0x800'340f   0x5c  Code  Gb  stm32f4xx_ll_usb.o [6]
USB_ActivateSetup        0x800'38bf   0x18  Code  Gb  stm32f4xx_ll_usb.o [6]
USB_CoreInit             0x800'30d1   0x78  Code  Gb  stm32f4xx_ll_usb.o [6]
USB_CoreReset            0x800'391b   0x2c  Code  Lc  stm32f4xx_ll_usb.o [6]
USB_DeactivateEndpoint   0x800'347d   0x5c  Code  Gb  stm32f4xx_ll_usb.o [6]
USB_DevConnect           0x800'3821   0x18  Code  Gb  stm32f4xx_ll_usb.o [6]
USB_DevDisconnect        0x800'3839   0x16  Code  Gb  stm32f4xx_ll_usb.o [6]
USB_DevInit              0x800'3259  0x154  Code  Gb  stm32f4xx_ll_usb.o [6]
USB_DisableGlobalInt     0x800'321f    0x6  Code  Gb  stm32f4xx_ll_usb.o [6]
USB_EP0StartXfer         0x800'3699   0xc8  Code  Gb  stm32f4xx_ll_usb.o [6]
USB_EP0_OutStart         0x800'38d7   0x44  Code  Gb  stm32f4xx_ll_usb.o [6]
USB_EPClearStall         0x800'37d3   0x32  Code  Gb  stm32f4xx_ll_usb.o [6]
USB_EPSetStall           0x800'37a3   0x30  Code  Gb  stm32f4xx_ll_usb.o [6]
USB_EPStartXfer          0x800'353d  0x15c  Code  Gb  stm32f4xx_ll_usb.o [6]
USB_EnableGlobalInt      0x800'3217    0x8  Code  Gb  stm32f4xx_ll_usb.o [6]
USB_FlushRxFifo          0x800'33cd   0x1c  Code  Gb  stm32f4xx_ll_usb.o [6]
USB_FlushTxFifo          0x800'33ad   0x20  Code  Gb  stm32f4xx_ll_usb.o [6]
USB_GetDevSpeed          0x800'33f3   0x1c  Code  Gb  stm32f4xx_ll_usb.o [6]
USB_GetMode              0x800'38b7    0x8  Code  Gb  stm32f4xx_ll_usb.o [6]
USB_ReadDevAllInEpInterrupt
                         0x800'386d    0xe  Code  Gb  stm32f4xx_ll_usb.o [6]
USB_ReadDevAllOutEpInterrupt
                         0x800'385f    0xe  Code  Gb  stm32f4xx_ll_usb.o [6]
USB_ReadDevInEPInterrupt
                         0x800'3891   0x26  Code  Gb  stm32f4xx_ll_usb.o [6]
USB_ReadDevOutEPInterrupt
                         0x800'387b   0x16  Code  Gb  stm32f4xx_ll_usb.o [6]
USB_ReadInterrupts       0x800'3855    0xa  Code  Gb  stm32f4xx_ll_usb.o [6]
USB_ReadPacket           0x800'3785   0x1e  Code  Gb  stm32f4xx_ll_usb.o [6]
USB_SetCurrentMode       0x800'322b   0x2e  Code  Gb  stm32f4xx_ll_usb.o [6]
USB_SetDevAddress        0x800'3805   0x16  Code  Gb  stm32f4xx_ll_usb.o [6]
USB_SetDevSpeed          0x800'33e9    0xa  Code  Gb  stm32f4xx_ll_usb.o [6]
USB_SetTurnaroundTime    0x800'3149   0xce  Code  Gb  stm32f4xx_ll_usb.o [6]
USB_WritePacket          0x800'3761   0x24  Code  Gb  stm32f4xx_ll_usb.o [6]
UsageFault_Handler       0x800'6001    0x2  Code  Gb  stm32f4xx_it.o [2]
UserRxBufferFS          0x2000'01bc  0x800  Data  Gb  usbd_cdc_if.o [3]
UserTxBufferFS          0x2000'09bc  0x800  Data  Gb  usbd_cdc_if.o [3]
_LitobFullNoMb           0x800'23f1  0x10c  Code  Lc  xprintffull_nomb.o [8]
_Locale_lconv           0x2000'0184   0x38  Data  Lc  xlocale_c.o [8]
_PrintfFullNoMb          0x800'16bd  0xd06  Code  Gb  xprintffull_nomb.o [8]
_PutcharFullNoMb         0x800'2555   0x20  Code  Lc  xprintffull_nomb.o [8]
_PutcharsFullNoMb        0x800'2575   0x2e  Code  Lc  xprintffull_nomb.o [8]
_SProut                  0x800'1673    0xa  Code  Gb  xsprout.o [8]
__NVIC_SetPriority       0x800'475d   0x1a  Code  Lc  stm32f4xx_hal_cortex.o [6]
__aeabi_cdcmple          0x800'2739         Code  Gb  DblCmpLe.o [9]
__aeabi_cdrcmple         0x800'276d         Code  Gb  DblCmpGe.o [9]
__aeabi_d2iz             0x800'28dd         Code  Gb  DblToS32.o [9]
__aeabi_d2uiz            0x800'2dd1         Code  Gb  DblToU32.o [9]
__aeabi_ddiv             0x800'2b89         Code  Gb  DblDiv.o [9]
__aeabi_dmul             0x800'2e11         Code  Gb  DblMul.o [9]
__aeabi_dsub             0x800'2aa5         Code  Gb  DblAddSub.o [9]
__aeabi_i2d              0x800'2915         Code  Gb  S32ToDbl.o [9]
__aeabi_ldiv0            0x800'30cd         Code  Gb  I64DivZer.o [10]
__aeabi_memclr4          0x800'45a5         Code  Gb  ABImemclr4.o [10]
__aeabi_memset           0x800'5d49         Code  Gb  ABImemset.o [10]
__aeabi_ui2d             0x800'2df5         Code  Gb  U32ToDbl.o [9]
__cmain                  0x800'6029         Code  Gb  cmain.o [10]
__data_GetMemChunk       0x800'167d   0x2c  Code  Gb  xgetmemchunk.o [8]
__data_GetMemChunk::start
                        0x2000'1ce0    0x4  Data  Lc  xgetmemchunk.o [8]
__exit                   0x800'16a9   0x14  Code  Gb  exit.o [11]
__iar_Fail_s             0x800'2605   0x1c  Code  Gb  xfail_s.o [8]
__iar_Memchr             0x800'2659         Code  Gb  memchr.o [10]
__iar_Memset             0x800'5d49         Code  Gb  ABImemset.o [10]
__iar_Memset4_word       0x800'4dc1         Code  Gb  ABImemset48.o [10]
__iar_Memset8_word       0x800'4dc1         Code  Gb  ABImemset48.o [10]
__iar_Memset_word        0x800'5d51         Code  Gb  ABImemset.o [10]
__iar_Strchr             0x800'25ed         Code  Gb  strchr.o [10]
__iar_data_init3         0x800'5f8d   0x28  Code  Gb  data_init.o [10]
__iar_dlfree             0x800'1137  0x52c  Code  Gb  dlmalloc.o [8]
__iar_dlmalloc           0x800'0221  0xf16  Code  Gb  dlmalloc.o [8]
__iar_frexp              0x800'26d5         Code  Gb  frexp.o [9]
__iar_frexpl             0x800'26d5         Code  Gb  frexp.o [9]
__iar_init_vfp           0x800'5fb5         Code  Gb  fpinit_M.o [9]
__iar_ldexp64            0x800'27a1         Code  Gb  ldexp.o [9]
__iar_lz77_init_single3
                         0x800'5eb1   0x78  Code  Gb  lz77_init_single.o [10]
__iar_program_start      0x800'605d         Code  Gb  cstartup_M.o [10]
__iar_scalbln64          0x800'27a1         Code  Gb  ldexp.o [9]
__iar_scalbn64           0x800'27a1         Code  Gb  ldexp.o [9]
__iar_small_Memcpy       0x800'26b5         Code  Gb  ABImemcpy_small.o [10]
__iar_small_memcpy       0x800'26b1         Code  Gb  ABImemcpy_small.o [10]
__iar_small_memcpy4      0x800'26b1         Code  Gb  ABImemcpy_small.o [10]
__iar_small_memcpy8      0x800'26b1         Code  Gb  ABImemcpy_small.o [10]
__iar_small_strlen       0x800'2645         Code  Gb  strlen_small.o [10]
__iar_small_uldivmod     0x800'2fc5         Code  Gb  I64DivMod_small.o [10]
__iar_softfp___iar_frexp64
                         0x800'26c9         Code  Gb  frexp.o [9]
__iar_softfp_frexp       0x800'26c9         Code  Gb  frexp.o [9]
__iar_softfp_frexpl      0x800'26c9         Code  Gb  frexp.o [9]
__iar_zero_init3         0x800'5f29   0x38  Code  Gb  zero_init3.o [10]
__low_level_init         0x800'6047    0x4  Code  Gb  low_level_init.o [8]
__vector_table           0x800'0000         Data  Gb  startup_stm32f411xe.o [1]
_call_main               0x800'6035         Code  Gb  cmain.o [10]
_exit                    0x800'6051         Code  Gb  cexit.o [10]
_gm_                    0x2000'1a94  0x1d8  Data  Lc  dlmalloc.o [8]
abort                    0x800'166d    0x6  Code  Gb  abort.o [8]
count                   0x2000'1c6c    0x2  Data  Gb  main.o [2]
exit                     0x800'604b    0x4  Code  Gb  exit.o [8]
flag                    0x2000'1ce4    0x1  Data  Gb  usbd_cdc_if.o [3]
free                     0x800'5d31    0x4  Code  Gb  heaptramp0.o [8]
hUsbDeviceFS            0x2000'15c4  0x2d0  Data  Gb  usb_device.o [3]
hpcd_USB_OTG_FS         0x2000'11bc  0x408  Data  Gb  usbd_conf.o [4]
htim4                   0x2000'1c70   0x40  Data  Gb  main.o [2]
init_mparams             0x800'01b5   0x2c  Code  Lc  dlmalloc.o [8]
init_top                 0x800'01e1   0x34  Code  Lc  dlmalloc.o [8]
ldexp                    0x800'27a1         Code  Gb  ldexp.o [9]
ldexpl                   0x800'27a1         Code  Gb  ldexp.o [9]
localeconv               0x800'2fbd    0x4  Code  Gb  xlocale_c.o [8]
main                     0x800'4b0d  0x102  Code  Gb  main.o [2]
memchr                   0x800'2659         Code  Gb  memchr.o [10]
memset                   0x800'5d35   0x14  Code  Gb  memset.o [10]
mparams                 0x2000'1cc4   0x18  Data  Lc  dlmalloc.o [8]
multipler               0x2000'1cb4    0x4  Data  Gb  main.o [2]
res                     0x2000'1cb0    0x4  Data  Gb  main.o [2]
scalbln                  0x800'27a1         Code  Gb  ldexp.o [9]
scalblnl                 0x800'27a1         Code  Gb  ldexp.o [9]
scalbn                   0x800'27a1         Code  Gb  ldexp.o [9]
scalbnl                  0x800'27a1         Code  Gb  ldexp.o [9]
scale                    0x800'24fd   0x46  Code  Lc  xprintffull_nomb.o [8]
sec_hand                0x2000'1cdc    0x4  Data  Lc  xfail_s.o [8]
segment_holding          0x800'0199   0x1c  Code  Lc  dlmalloc.o [8]
sprintf                  0x800'564d   0x40  Code  Gb  sprintf.o [8]
strchr                   0x800'25ed         Code  Gb  strchr.o [10]
transmit                 0x800'4ab9   0x4a  Code  Gb  main.o [2]
uwTick                  0x2000'0004    0x4  Data  Gb  stm32f4xx_hal.o [6]
uwTickFreq              0x2000'0000    0x1  Data  Gb  stm32f4xx_hal.o [6]
uwTickPrio              0x2000'0008    0x4  Data  Gb  stm32f4xx_hal.o [6]


[1] = C:\Users\CanchezAK\Documents\IAR EW for ARM\Enc_F411\EWARM\Enc_F411\Obj\Application\EWARM
[2] = C:\Users\CanchezAK\Documents\IAR EW for ARM\Enc_F411\EWARM\Enc_F411\Obj\Application\User\Core
[3] = C:\Users\CanchezAK\Documents\IAR EW for ARM\Enc_F411\EWARM\Enc_F411\Obj\Application\User\USB_DEVICE\App
[4] = C:\Users\CanchezAK\Documents\IAR EW for ARM\Enc_F411\EWARM\Enc_F411\Obj\Application\User\USB_DEVICE\Target
[5] = C:\Users\CanchezAK\Documents\IAR EW for ARM\Enc_F411\EWARM\Enc_F411\Obj\Drivers\CMSIS
[6] = C:\Users\CanchezAK\Documents\IAR EW for ARM\Enc_F411\EWARM\Enc_F411\Obj\Drivers\STM32F4xx_HAL_Driver
[7] = C:\Users\CanchezAK\Documents\IAR EW for ARM\Enc_F411\EWARM\Enc_F411\Obj\Middlewares\USB_Device_Library
[8] = dl7M_tlf.a
[9] = m7M_tls.a
[10] = rt7M_tl.a
[11] = shb_l.a

  24'899 bytes of readonly  code memory
     272 bytes of readonly  data memory
   8'934 bytes of readwrite data memory

Errors: none
Warnings: none
