###############################################################################
#
# IAR ELF Linker V9.10.2.313/W64 for ARM                  15/Aug/2022  14:59:09
# Copyright 2007-2021 IAR Systems AB.
#
#    Output file  =
#        C:\Users\CanchezAK\Documents\IAR EW for
#        ARM\F411_ILI9486\EWARM\F411_ILI9486\Exe\F411_ILI9486.out
#    Map file     =
#        C:\Users\CanchezAK\Documents\IAR EW for
#        ARM\F411_ILI9486\EWARM\F411_ILI9486\List\F411_ILI9486.map
#    Command line =
#        -f "C:\Users\CanchezAK\Documents\IAR EW for
#        ARM\F411_ILI9486\EWARM\F411_ILI9486\Exe\F411_ILI9486.out.rsp"
#        ("C:\Users\CanchezAK\Documents\IAR EW for
#        ARM\F411_ILI9486\EWARM\F411_ILI9486\Obj\Middlewares\FatFs\ccsbcs.o"
#        "C:\Users\CanchezAK\Documents\IAR EW for
#        ARM\F411_ILI9486\EWARM\F411_ILI9486\Obj\Middlewares\FatFs\diskio.o"
#        "C:\Users\CanchezAK\Documents\IAR EW for
#        ARM\F411_ILI9486\EWARM\F411_ILI9486\Obj\Application\User\FATFS\App\fatfs.o"
#        "C:\Users\CanchezAK\Documents\IAR EW for
#        ARM\F411_ILI9486\EWARM\F411_ILI9486\Obj\Middlewares\FatFs\ff.o"
#        "C:\Users\CanchezAK\Documents\IAR EW for
#        ARM\F411_ILI9486\EWARM\F411_ILI9486\Obj\Middlewares\FatFs\ff_gen_drv.o"
#        "C:\Users\CanchezAK\Documents\IAR EW for
#        ARM\F411_ILI9486\EWARM\F411_ILI9486\Obj\Drivers\ILI9486\ili9486.o"
#        "C:\Users\CanchezAK\Documents\IAR EW for
#        ARM\F411_ILI9486\EWARM\F411_ILI9486\Obj\Application\User\Core\main.o"
#        "C:\Users\CanchezAK\Documents\IAR EW for
#        ARM\F411_ILI9486\EWARM\F411_ILI9486\Obj\Application\EWARM\startup_stm32f411xe.o"
#        "C:\Users\CanchezAK\Documents\IAR EW for
#        ARM\F411_ILI9486\EWARM\F411_ILI9486\Obj\Drivers\STM32F4xx_HAL_Driver\stm32f4xx_hal.o"
#        "C:\Users\CanchezAK\Documents\IAR EW for
#        ARM\F411_ILI9486\EWARM\F411_ILI9486\Obj\Drivers\STM32F4xx_HAL_Driver\stm32f4xx_hal_cortex.o"
#        "C:\Users\CanchezAK\Documents\IAR EW for
#        ARM\F411_ILI9486\EWARM\F411_ILI9486\Obj\Drivers\STM32F4xx_HAL_Driver\stm32f4xx_hal_dma.o"
#        "C:\Users\CanchezAK\Documents\IAR EW for
#        ARM\F411_ILI9486\EWARM\F411_ILI9486\Obj\Drivers\STM32F4xx_HAL_Driver\stm32f4xx_hal_dma_ex.o"
#        "C:\Users\CanchezAK\Documents\IAR EW for
#        ARM\F411_ILI9486\EWARM\F411_ILI9486\Obj\Drivers\STM32F4xx_HAL_Driver\stm32f4xx_hal_exti.o"
#        "C:\Users\CanchezAK\Documents\IAR EW for
#        ARM\F411_ILI9486\EWARM\F411_ILI9486\Obj\Drivers\STM32F4xx_HAL_Driver\stm32f4xx_hal_flash.o"
#        "C:\Users\CanchezAK\Documents\IAR EW for
#        ARM\F411_ILI9486\EWARM\F411_ILI9486\Obj\Drivers\STM32F4xx_HAL_Driver\stm32f4xx_hal_flash_ex.o"
#        "C:\Users\CanchezAK\Documents\IAR EW for
#        ARM\F411_ILI9486\EWARM\F411_ILI9486\Obj\Drivers\STM32F4xx_HAL_Driver\stm32f4xx_hal_flash_ramfunc.o"
#        "C:\Users\CanchezAK\Documents\IAR EW for
#        ARM\F411_ILI9486\EWARM\F411_ILI9486\Obj\Drivers\STM32F4xx_HAL_Driver\stm32f4xx_hal_gpio.o"
#        "C:\Users\CanchezAK\Documents\IAR EW for
#        ARM\F411_ILI9486\EWARM\F411_ILI9486\Obj\Application\User\Core\stm32f4xx_hal_msp.o"
#        "C:\Users\CanchezAK\Documents\IAR EW for
#        ARM\F411_ILI9486\EWARM\F411_ILI9486\Obj\Drivers\STM32F4xx_HAL_Driver\stm32f4xx_hal_pwr.o"
#        "C:\Users\CanchezAK\Documents\IAR EW for
#        ARM\F411_ILI9486\EWARM\F411_ILI9486\Obj\Drivers\STM32F4xx_HAL_Driver\stm32f4xx_hal_pwr_ex.o"
#        "C:\Users\CanchezAK\Documents\IAR EW for
#        ARM\F411_ILI9486\EWARM\F411_ILI9486\Obj\Drivers\STM32F4xx_HAL_Driver\stm32f4xx_hal_rcc.o"
#        "C:\Users\CanchezAK\Documents\IAR EW for
#        ARM\F411_ILI9486\EWARM\F411_ILI9486\Obj\Drivers\STM32F4xx_HAL_Driver\stm32f4xx_hal_rcc_ex.o"
#        "C:\Users\CanchezAK\Documents\IAR EW for
#        ARM\F411_ILI9486\EWARM\F411_ILI9486\Obj\Drivers\STM32F4xx_HAL_Driver\stm32f4xx_hal_spi.o"
#        "C:\Users\CanchezAK\Documents\IAR EW for
#        ARM\F411_ILI9486\EWARM\F411_ILI9486\Obj\Drivers\STM32F4xx_HAL_Driver\stm32f4xx_hal_tim.o"
#        "C:\Users\CanchezAK\Documents\IAR EW for
#        ARM\F411_ILI9486\EWARM\F411_ILI9486\Obj\Drivers\STM32F4xx_HAL_Driver\stm32f4xx_hal_tim_ex.o"
#        "C:\Users\CanchezAK\Documents\IAR EW for
#        ARM\F411_ILI9486\EWARM\F411_ILI9486\Obj\Application\User\Core\stm32f4xx_it.o"
#        "C:\Users\CanchezAK\Documents\IAR EW for
#        ARM\F411_ILI9486\EWARM\F411_ILI9486\Obj\Middlewares\FatFs\syscall.o"
#        "C:\Users\CanchezAK\Documents\IAR EW for
#        ARM\F411_ILI9486\EWARM\F411_ILI9486\Obj\Drivers\CMSIS\system_stm32f4xx.o"
#        "C:\Users\CanchezAK\Documents\IAR EW for
#        ARM\F411_ILI9486\EWARM\F411_ILI9486\Obj\Application\User\FATFS\Target\user_diskio.o"
#        "C:\Users\CanchezAK\Documents\IAR EW for
#        ARM\F411_ILI9486\EWARM\F411_ILI9486\Obj\Drivers\SD\user_diskio_spi.o"
#        --no_out_extension -o "C:\Users\CanchezAK\Documents\IAR EW for
#        ARM\F411_ILI9486\EWARM\F411_ILI9486\Exe\F411_ILI9486.out" --redirect
#        _Printf=_PrintfFullNoMb --redirect _Scanf=_ScanfFullNoMb --map
#        "C:\Users\CanchezAK\Documents\IAR EW for
#        ARM\F411_ILI9486\EWARM\F411_ILI9486\List\F411_ILI9486.map" --config
#        "C:\Users\CanchezAK\Documents\IAR EW for
#        ARM\F411_ILI9486\EWARM/stm32f411xe_flash.icf" --semihosting --entry
#        __iar_program_start --vfe --text_out locale)
#
###############################################################################

*******************************************************************************
*** RUNTIME MODEL ATTRIBUTES
***

CppFlavor       = *
__SystemLibrary = DLib
__dlib_version  = 6


*******************************************************************************
*** HEAP SELECTION
***

The basic heap was selected because no calls to memory allocation
functions were found in the application outside of system library
functions, and there are calls to deallocation functions in the
application.


*******************************************************************************
*** PLACEMENT SUMMARY
***

"A0":  place at address 0x800'0000 { ro section .intvec };
"P1":  place in [from 0x800'0000 to 0x807'ffff] { ro };
define block CSTACK with size = 1K, alignment = 8 { };
define block HEAP with size = 512, alignment = 8 { };
"P2":  place in [from 0x2000'0000 to 0x2001'ffff] {
          rw, block CSTACK, block HEAP };
initialize by copy { rw };

  Section            Kind         Address    Size  Object
  -------            ----         -------    ----  ------
"A0":                                       0x198
  .intvec            ro code   0x800'0000   0x198  startup_stm32f411xe.o [1]
                             - 0x800'0198   0x198

"P1":                                      0xbaee
  .text              ro code   0x800'0198  0x23bc  ff.o [9]
  .text              ro code   0x800'2554    0x80  diskio.o [9]
  .text              ro code   0x800'25d4   0x100  ccsbcs.o [9]
  .text              ro code   0x800'26d4     0x6  ABImemclr.o [12]
  .text              ro code   0x800'26da     0xa  xsprout.o [10]
  .text              ro code   0x800'26e4    0x66  ABImemset.o [12]
  .rodata            const     0x800'274a     0x2  xlocale_c.o [10]
  .text              ro code   0x800'274c    0x1c  fatfs.o [3]
  .text              ro code   0x800'2768    0x40  ff_gen_drv.o [9]
  .rodata            const     0x800'27a8  0x2180  main.o [2]
  .text              ro code   0x800'4928  0x161e  ili9486.o [6]
  .rodata            const     0x800'5f46     0x1  xlocale_c.o [10]
  .text              ro code   0x800'5f48   0x1cc  stm32f4xx_hal_gpio.o [8]
  .text              ro code   0x800'6114    0x2c  stm32f4xx_hal.o [8]
  .text              ro code   0x800'6140    0x36  strlen.o [12]
  .text              ro code   0x800'6178    0xa6  ABImemcpy.o [12]
  .text              ro code   0x800'6220     0xc  stm32f4xx_hal.o [8]
  .text              ro code   0x800'622c   0xf2e  xprintffull_nomb.o [10]
  .text              ro code   0x800'715c    0x16  strchr.o [12]
  .text              ro code   0x800'7174    0x40  xfail_s.o [10]
  .text              ro code   0x800'71b4    0x58  memchr.o [12]
  .text              ro code   0x800'720c    0x70  frexp.o [11]
  .text              ro code   0x800'727c    0x34  DblCmpLe.o [11]
  .text              ro code   0x800'72b0    0x34  DblCmpGe.o [11]
  .text              ro code   0x800'72e4   0x13a  ldexp.o [11]
  .text              ro code   0x800'7420    0x36  DblToS32.o [11]
  .text              ro code   0x800'7458    0x22  S32ToDbl.o [11]
  .text              ro code   0x800'747c   0x24e  DblAddSub.o [11]
  .text              ro code   0x800'76cc   0x246  DblDiv.o [11]
  .text              ro code   0x800'7914    0x22  DblToU32.o [11]
  .text              ro code   0x800'7938    0x1c  U32ToDbl.o [11]
  .text              ro code   0x800'7954   0x1aa  DblMul.o [11]
  .text              ro code   0x800'7b00     0x8  xlocale_c.o [10]
  .text              ro code   0x800'7b08   0x230  I64DivMod.o [12]
  .text              ro code   0x800'7d38     0x6  abort.o [10]
  .text              ro code   0x800'7d40     0x2  I64DivZer.o [12]
  .text              ro code   0x800'7d44    0x14  exit.o [13]
  .text              ro code   0x800'7d58   0xdd0  user_diskio_spi.o [7]
  .text              ro code   0x800'8b28   0x49c  stm32f4xx_hal_spi.o [8]
  .text              ro code   0x800'8fc4   0x154  stm32f4xx_hal_msp.o [2]
  .text              ro code   0x800'9118   0x418  stm32f4xx_hal_dma.o [8]
  .text              ro code   0x800'9530     0x2  stm32f4xx_hal_spi.o [8]
  .text              ro code   0x800'9532     0x2  stm32f4xx_hal_spi.o [8]
  .text              ro code   0x800'9534     0x2  stm32f4xx_hal_spi.o [8]
  .text              ro code   0x800'9536     0x2  stm32f4xx_hal_spi.o [8]
  .text              ro code   0x800'9538    0x14  memset.o [12]
  .text              ro code   0x800'954c   0x5e0  main.o [2]
  .text              ro code   0x800'9b2c    0xc4  stm32f4xx_hal_cortex.o [8]
  .text              ro code   0x800'9bf0    0x38  stm32f4xx_hal.o [8]
  .text              ro code   0x800'9c28   0x240  stm32f4xx_hal_tim.o [8]
  .text              ro code   0x800'9e68    0x40  sprintf.o [10]
  .text              ro code   0x800'9ea8     0x6  ABImemclr4.o [12]
  .text              ro code   0x800'9eb0   0x364  stm32f4xx_hal_rcc.o [8]
  .text              ro code   0x800'a214   0x150  stm32f4xx_hal_rcc.o [8]
  .text              ro code   0x800'a364    0x48  stm32f4xx_hal.o [8]
  .text              ro code   0x800'a3ac     0x2  stm32f4xx_hal_tim.o [8]
  .text              ro code   0x800'a3ae     0x2  stm32f4xx_hal_tim.o [8]
  .text              ro code   0x800'a3b0     0x2  stm32f4xx_hal_tim.o [8]
  .text              ro code   0x800'a3b2     0x2  stm32f4xx_hal_tim.o [8]
  .text              ro code   0x800'a3b4     0x2  stm32f4xx_hal_tim_ex.o [8]
  .text              ro code   0x800'a3b6     0x2  stm32f4xx_hal_tim.o [8]
  .text              ro code   0x800'a3b8     0x2  stm32f4xx_hal_tim_ex.o [8]
  .text              ro code   0x800'a3bc    0x32  ABImemset48.o [12]
  .text              ro code   0x800'a3f0    0x60  stm32f4xx_hal_rcc.o [8]
  .text              ro code   0x800'a450     0x2  stm32f4xx_hal_rcc.o [8]
  .text              ro code   0x800'a454   0x6bc  stm32f4xx_it.o [2]
  .text              ro code   0x800'ab10    0x10  stm32f4xx_hal.o [8]
  .rodata            const     0x800'ab20   0x2b0  ccsbcs.o [9]
  .rodata            const     0x800'add0   0x100  ccsbcs.o [9]
  .rodata            const     0x800'aed0    0x80  ff.o [9]
  .text              ro code   0x800'af50    0x78  lz77_init_single.o [12]
  .text              ro code   0x800'afc8    0x38  zero_init3.o [12]
  .text              ro code   0x800'b000    0x2c  system_stm32f4xx.o [5]
  .text              ro code   0x800'b02c    0x28  data_init.o [12]
  .text              ro code   0x800'b054    0x22  fpinit_M.o [11]
  .iar.init_table    const     0x800'b078    0x20  - Linker created -
  .text              ro code   0x800'b098    0x1e  cmain.o [12]
  .text              ro code   0x800'b0b6     0x4  low_level_init.o [10]
  .text              ro code   0x800'b0ba     0x4  exit.o [10]
  .text              ro code   0x800'b0c0     0xa  cexit.o [12]
  .text              ro code   0x800'b0cc    0x1c  cstartup_M.o [12]
  .text              ro code   0x800'b0e8    0x14  user_diskio.o [4]
  .text              ro code   0x800'b0fc    0x10  startup_stm32f411xe.o [1]
  .text              ro code   0x800'b10c     0x4  startup_stm32f411xe.o [1]
  .text              ro code   0x800'b110     0x4  startup_stm32f411xe.o [1]
  .text              ro code   0x800'b114     0x4  startup_stm32f411xe.o [1]
  .text              ro code   0x800'b118     0x4  startup_stm32f411xe.o [1]
  .text              ro code   0x800'b11c     0x4  startup_stm32f411xe.o [1]
  .text              ro code   0x800'b120     0x4  startup_stm32f411xe.o [1]
  .text              ro code   0x800'b124     0x4  startup_stm32f411xe.o [1]
  .text              ro code   0x800'b128     0x4  startup_stm32f411xe.o [1]
  .text              ro code   0x800'b12c     0x4  startup_stm32f411xe.o [1]
  .text              ro code   0x800'b130     0x4  startup_stm32f411xe.o [1]
  .text              ro code   0x800'b134     0x4  startup_stm32f411xe.o [1]
  .text              ro code   0x800'b138     0x4  startup_stm32f411xe.o [1]
  .text              ro code   0x800'b13c     0x4  startup_stm32f411xe.o [1]
  .text              ro code   0x800'b140     0x4  startup_stm32f411xe.o [1]
  .text              ro code   0x800'b144     0x4  startup_stm32f411xe.o [1]
  .text              ro code   0x800'b148     0x4  startup_stm32f411xe.o [1]
  .text              ro code   0x800'b14c     0x4  startup_stm32f411xe.o [1]
  .text              ro code   0x800'b150     0x4  startup_stm32f411xe.o [1]
  .text              ro code   0x800'b154     0x4  startup_stm32f411xe.o [1]
  .text              ro code   0x800'b158     0x4  startup_stm32f411xe.o [1]
  .text              ro code   0x800'b15c     0x4  startup_stm32f411xe.o [1]
  .text              ro code   0x800'b160     0x4  startup_stm32f411xe.o [1]
  .text              ro code   0x800'b164     0x4  startup_stm32f411xe.o [1]
  .text              ro code   0x800'b168     0x4  startup_stm32f411xe.o [1]
  .text              ro code   0x800'b16c     0x4  startup_stm32f411xe.o [1]
  .text              ro code   0x800'b170     0x4  startup_stm32f411xe.o [1]
  .text              ro code   0x800'b174     0x4  startup_stm32f411xe.o [1]
  .text              ro code   0x800'b178     0x4  startup_stm32f411xe.o [1]
  .text              ro code   0x800'b17c     0x4  startup_stm32f411xe.o [1]
  .text              ro code   0x800'b180     0x4  startup_stm32f411xe.o [1]
  .text              ro code   0x800'b184     0x4  startup_stm32f411xe.o [1]
  .text              ro code   0x800'b188     0x4  startup_stm32f411xe.o [1]
  .text              ro code   0x800'b18c     0x4  startup_stm32f411xe.o [1]
  .text              ro code   0x800'b190     0x4  startup_stm32f411xe.o [1]
  .text              ro code   0x800'b194     0x4  startup_stm32f411xe.o [1]
  .text              ro code   0x800'b198     0x4  startup_stm32f411xe.o [1]
  .text              ro code   0x800'b19c     0x4  startup_stm32f411xe.o [1]
  .text              ro code   0x800'b1a0     0x4  startup_stm32f411xe.o [1]
  .text              ro code   0x800'b1a4     0x4  startup_stm32f411xe.o [1]
  .text              ro code   0x800'b1a8     0x4  startup_stm32f411xe.o [1]
  .text              ro code   0x800'b1ac     0x4  startup_stm32f411xe.o [1]
  .text              ro code   0x800'b1b0     0x4  startup_stm32f411xe.o [1]
  .text              ro code   0x800'b1b4     0x4  startup_stm32f411xe.o [1]
  .text              ro code   0x800'b1b8     0x4  startup_stm32f411xe.o [1]
  .text              ro code   0x800'b1bc     0x4  startup_stm32f411xe.o [1]
  .text              ro code   0x800'b1c0     0x4  startup_stm32f411xe.o [1]
  .text              ro code   0x800'b1c4     0x4  startup_stm32f411xe.o [1]
  .text              ro code   0x800'b1c8     0x4  startup_stm32f411xe.o [1]
  .text              ro code   0x800'b1cc     0x4  startup_stm32f411xe.o [1]
  .text              ro code   0x800'b1d0     0x4  startup_stm32f411xe.o [1]
  .text              ro code   0x800'b1d4     0x4  startup_stm32f411xe.o [1]
  .text              ro code   0x800'b1d8     0x4  startup_stm32f411xe.o [1]
  .text              ro code   0x800'b1dc     0x4  startup_stm32f411xe.o [1]
  .text              ro code   0x800'b1e0     0x4  startup_stm32f411xe.o [1]
  .rodata            const     0x800'b1e4     0x0  zero_init3.o [12]
  .rodata            const     0x800'b1e4     0x0  lz77_init_single.o [12]
  Initializer bytes  const     0x800'b1e4   0xaa2  <for P2-1>
                             - 0x800'bc86  0xbaee

"P2", part 1 of 3:                         0x1dda
  P2-1                        0x2000'0000  0x1dda  <Init block>
    .data            inited   0x2000'0000  0x1d78  main.o [2]
    .data            inited   0x2000'1d78     0xc  stm32f4xx_hal.o [8]
    .data            inited   0x2000'1d84     0x4  system_stm32f4xx.o [5]
    .data            inited   0x2000'1d88    0x14  user_diskio.o [4]
    .data            inited   0x2000'1d9c    0x38  xlocale_c.o [10]
    .data            inited   0x2000'1dd4     0x4  stm32f4xx_it.o [2]
    .data            inited   0x2000'1dd8     0x2  user_diskio_spi.o [7]
                            - 0x2000'1dda  0x1dda

"P2", part 2 of 3:                          0x304
  .bss               zero     0x2000'1ddc   0x228  ff.o [9]
  .bss               zero     0x2000'2004    0x60  main.o [2]
  .bss               zero     0x2000'2064    0x60  main.o [2]
  .bss               zero     0x2000'20c4     0xc  ff_gen_drv.o [9]
  .bss               zero     0x2000'20d0     0x8  fatfs.o [3]
  .bss               zero     0x2000'20d8     0x4  xfail_s.o [10]
  .bss               zero     0x2000'20dc     0x2  ili9486.o [6]
  .bss               zero     0x2000'20de     0x1  user_diskio_spi.o [7]
                            - 0x2000'20df   0x303

"P2", part 3 of 3:                          0x400
  CSTACK                      0x2000'20e0   0x400  <Block>
    CSTACK           uninit   0x2000'20e0   0x400  <Block tail>
                            - 0x2000'24e0   0x400

Unused ranges:

         From           To      Size
         ----           --      ----
   0x800'bc86   0x807'ffff  0x7'437a
  0x2000'1dda  0x2000'1ddb       0x2
  0x2000'24e0  0x2001'ffff  0x1'db20


*******************************************************************************
*** INIT TABLE
***

          Address      Size
          -------      ----
Zero (__iar_zero_init3)
    1 destination range, total size 0x303:
          0x2000'1ddc   0x303

Copy/lz77 (__iar_lz77_init_single3)
    1 source range, total size 0xaa2 (35% of destination):
           0x800'b1e4   0xaa2
    1 destination range, total size 0x1dda:
          0x2000'0000  0x1dda



*******************************************************************************
*** MODULE SUMMARY
***

    Module                  ro code  ro data  rw data
    ------                  -------  -------  -------
command line/config:
    -------------------------------------------------
    Total:

C:\Users\CanchezAK\Documents\IAR EW for ARM\F411_ILI9486\EWARM\F411_ILI9486\Obj\Application\EWARM: [1]
    startup_stm32f411xe.o       640
    -------------------------------------------------
    Total:                      640

C:\Users\CanchezAK\Documents\IAR EW for ARM\F411_ILI9486\EWARM\F411_ILI9486\Obj\Application\User\Core: [2]
    main.o                    1'504   11'263    7'736
    stm32f4xx_hal_msp.o         340
    stm32f4xx_it.o            1'724        2        4
    -------------------------------------------------
    Total:                    3'568   11'265    7'740

C:\Users\CanchezAK\Documents\IAR EW for ARM\F411_ILI9486\EWARM\F411_ILI9486\Obj\Application\User\FATFS\App: [3]
    fatfs.o                      28                 8
    -------------------------------------------------
    Total:                       28                 8

C:\Users\CanchezAK\Documents\IAR EW for ARM\F411_ILI9486\EWARM\F411_ILI9486\Obj\Application\User\FATFS\Target: [4]
    user_diskio.o                20        7       20
    -------------------------------------------------
    Total:                       20        7       20

C:\Users\CanchezAK\Documents\IAR EW for ARM\F411_ILI9486\EWARM\F411_ILI9486\Obj\Drivers\CMSIS: [5]
    system_stm32f4xx.o           44        1        4
    -------------------------------------------------
    Total:                       44        1        4

C:\Users\CanchezAK\Documents\IAR EW for ARM\F411_ILI9486\EWARM\F411_ILI9486\Obj\Drivers\ILI9486: [6]
    ili9486.o                 5'662                 2
    -------------------------------------------------
    Total:                    5'662                 2

C:\Users\CanchezAK\Documents\IAR EW for ARM\F411_ILI9486\EWARM\F411_ILI9486\Obj\Drivers\SD: [7]
    user_diskio_spi.o         3'536        1        3
    -------------------------------------------------
    Total:                    3'536        1        3

C:\Users\CanchezAK\Documents\IAR EW for ARM\F411_ILI9486\EWARM\F411_ILI9486\Obj\Drivers\STM32F4xx_HAL_Driver: [8]
    stm32f4xx_hal.o             200        4       12
    stm32f4xx_hal_cortex.o      196
    stm32f4xx_hal_dma.o       1'048
    stm32f4xx_hal_gpio.o        460
    stm32f4xx_hal_rcc.o       1'302
    stm32f4xx_hal_spi.o       1'188
    stm32f4xx_hal_tim.o         586
    stm32f4xx_hal_tim_ex.o        4
    -------------------------------------------------
    Total:                    4'984        4       12

C:\Users\CanchezAK\Documents\IAR EW for ARM\F411_ILI9486\EWARM\F411_ILI9486\Obj\Middlewares\FatFs: [9]
    ccsbcs.o                    256      944
    diskio.o                    128
    ff.o                      9'148      128      552
    ff_gen_drv.o                 64                12
    -------------------------------------------------
    Total:                    9'596    1'072      564

dl7M_tlf.a: [10]
    abort.o                       6
    exit.o                        4
    low_level_init.o              4
    sprintf.o                    64
    xfail_s.o                    64                 4
    xlocale_c.o                   8       23       56
    xprintffull_nomb.o        3'886
    xsprout.o                    10
    -------------------------------------------------
    Total:                    4'046       23       60

m7M_tls.a: [11]
    DblAddSub.o                 590
    DblCmpGe.o                   52
    DblCmpLe.o                   52
    DblDiv.o                    582
    DblMul.o                    426
    DblToS32.o                   54
    DblToU32.o                   34
    S32ToDbl.o                   34
    U32ToDbl.o                   28
    fpinit_M.o                   34
    frexp.o                     112
    ldexp.o                     314
    -------------------------------------------------
    Total:                    2'312

rt7M_tl.a: [12]
    ABImemclr.o                   6
    ABImemclr4.o                  6
    ABImemcpy.o                 166
    ABImemset.o                 102
    ABImemset48.o                50
    I64DivMod.o                 560
    I64DivZer.o                   2
    cexit.o                      10
    cmain.o                      30
    cstartup_M.o                 28
    data_init.o                  40
    lz77_init_single.o          120
    memchr.o                     88
    memset.o                     20
    strchr.o                     22
    strlen.o                     54
    zero_init3.o                 56
    -------------------------------------------------
    Total:                    1'360

shb_l.a: [13]
    exit.o                       20
    -------------------------------------------------
    Total:                       20

    Gaps                         39        2
    Linker created                        32    1'024
-----------------------------------------------------
    Grand Total:             35'855   12'407    9'437


*******************************************************************************
*** ENTRY LIST
***

Entry                       Address    Size  Type      Object
-----                       -------    ----  ----      ------
.iar.init_table$$Base    0x800'b078           --   Gb  - Linker created -
.iar.init_table$$Limit   0x800'b098           --   Gb  - Linker created -
?main                    0x800'b099          Code  Gb  cmain.o [12]
AHBPrescTable            0x800'b01c    0x10  Data  Gb  system_stm32f4xx.o [5]
BusFault_Handler         0x800'a463     0x2  Code  Gb  stm32f4xx_it.o [2]
CSTACK$$Base            0x2000'20e0           --   Gb  - Linker created -
CSTACK$$Limit           0x2000'24e0           --   Gb  - Linker created -
CardType                0x2000'1dd9     0x1  Data  Lc  user_diskio_spi.o [7]
DMA1_Stream3_IRQHandler
                         0x800'a471     0x8  Code  Gb  stm32f4xx_it.o [2]
DMA1_Stream4_IRQHandler
                         0x800'a479     0x8  Code  Gb  stm32f4xx_it.o [2]
DMA_CalcBaseAndBitshift
                         0x800'94ed    0x2a  Code  Lc  stm32f4xx_hal_dma.o [8]
DMA_CalcBaseAndBitshift::flagBitshiftOffset
                         0x800'9528     0x8  Data  Lc  stm32f4xx_hal_dma.o [8]
DebugMon_Handler         0x800'a469     0x2  Code  Gb  stm32f4xx_it.o [2]
Error_Handler            0x800'9a85     0x4  Code  Gb  main.o [2]
ExCvt                    0x800'aed0    0x80  Data  Lc  ff.o [9]
FATFS_LinkDriver         0x800'2769    0x3c  Code  Gb  ff_gen_drv.o [9]
FatFs                   0x2000'1e00     0x4  Data  Lc  ff.o [9]
Files                   0x2000'1ddc    0x20  Data  Lc  ff.o [9]
Font                     0x800'27e0  0x2148  Data  Gb  main.o [2]
Fsid                    0x2000'1dfc     0x2  Data  Lc  ff.o [9]
HAL_DMA_Abort            0x800'92a3    0x90  Code  Gb  stm32f4xx_hal_dma.o [8]
HAL_DMA_IRQHandler       0x800'9333   0x1b6  Code  Gb  stm32f4xx_hal_dma.o [8]
HAL_DMA_Init             0x800'9119   0x104  Code  Gb  stm32f4xx_hal_dma.o [8]
HAL_DMA_Start_IT         0x800'921d    0x86  Code  Gb  stm32f4xx_hal_dma.o [8]
HAL_Delay                0x800'6115    0x2c  Code  Gb  stm32f4xx_hal.o [8]
HAL_GPIO_Init            0x800'5f49   0x192  Code  Gb  stm32f4xx_hal_gpio.o [8]
HAL_GPIO_ReadPin         0x800'60dd     0xe  Code  Gb  stm32f4xx_hal_gpio.o [8]
HAL_GPIO_WritePin        0x800'60eb     0x8  Code  Gb  stm32f4xx_hal_gpio.o [8]
HAL_GetTick              0x800'6221     0xc  Code  Gb  stm32f4xx_hal.o [8]
HAL_IncTick              0x800'ab11    0x10  Code  Gb  stm32f4xx_hal.o [8]
HAL_Init                 0x800'9bf1    0x34  Code  Gb  stm32f4xx_hal.o [8]
HAL_InitTick             0x800'a365    0x48  Code  Gb  stm32f4xx_hal.o [8]
HAL_MspInit              0x800'8fc5    0x34  Code  Gb  stm32f4xx_hal_msp.o [2]
HAL_NVIC_EnableIRQ       0x800'9ba1    0x16  Code  Gb  stm32f4xx_hal_cortex.o [8]
HAL_NVIC_SetPriority     0x800'9b47    0x5a  Code  Gb  stm32f4xx_hal_cortex.o [8]
HAL_NVIC_SetPriorityGrouping
                         0x800'9b2d    0x1a  Code  Gb  stm32f4xx_hal_cortex.o [8]
HAL_RCC_CSSCallback      0x800'a451     0x2  Code  Gb  stm32f4xx_hal_rcc.o [8]
HAL_RCC_ClockConfig      0x800'a215   0x11c  Code  Gb  stm32f4xx_hal_rcc.o [8]
HAL_RCC_EnableCSS        0x800'a331     0x8  Code  Gb  stm32f4xx_hal_rcc.o [8]
HAL_RCC_GetSysClockFreq
                         0x800'a3f1    0x60  Code  Gb  stm32f4xx_hal_rcc.o [8]
HAL_RCC_NMI_IRQHandler   0x800'a339    0x14  Code  Gb  stm32f4xx_hal_rcc.o [8]
HAL_RCC_OscConfig        0x800'9eb1   0x364  Code  Gb  stm32f4xx_hal_rcc.o [8]
HAL_SPI_DMAStop          0x800'8ccf    0x46  Code  Gb  stm32f4xx_hal_spi.o [8]
HAL_SPI_ErrorCallback    0x800'9531     0x2  Code  Gb  stm32f4xx_hal_spi.o [8]
HAL_SPI_Init             0x800'8b29    0x7e  Code  Gb  stm32f4xx_hal_spi.o [8]
HAL_SPI_MspInit          0x800'8ff9    0xc2  Code  Gb  stm32f4xx_hal_msp.o [2]
HAL_SPI_RxCpltCallback   0x800'9533     0x2  Code  Gb  stm32f4xx_hal_spi.o [8]
HAL_SPI_RxHalfCpltCallback
                         0x800'9535     0x2  Code  Gb  stm32f4xx_hal_spi.o [8]
HAL_SPI_TransmitReceive_DMA
                         0x800'8ba7   0x128  Code  Gb  stm32f4xx_hal_spi.o [8]
HAL_SPI_TxRxCpltCallback
                         0x800'7d6d    0x10  Code  Gb  user_diskio_spi.o [7]
HAL_SPI_TxRxHalfCpltCallback
                         0x800'9537     0x2  Code  Gb  stm32f4xx_hal_spi.o [8]
HAL_SYSTICK_Config       0x800'9bb7    0x22  Code  Gb  stm32f4xx_hal_cortex.o [8]
HAL_TIMEx_BreakCallback
                         0x800'a3b5     0x2  Code  Gb  stm32f4xx_hal_tim_ex.o [8]
HAL_TIMEx_CommutCallback
                         0x800'a3b9     0x2  Code  Gb  stm32f4xx_hal_tim_ex.o [8]
HAL_TIM_Base_Init        0x800'9c29    0x34  Code  Gb  stm32f4xx_hal_tim.o [8]
HAL_TIM_Base_MspInit     0x800'90bb    0x3a  Code  Gb  stm32f4xx_hal_msp.o [2]
HAL_TIM_Base_Start_IT    0x800'9c5d    0x20  Code  Gb  stm32f4xx_hal_tim.o [8]
HAL_TIM_IC_CaptureCallback
                         0x800'a3ad     0x2  Code  Gb  stm32f4xx_hal_tim.o [8]
HAL_TIM_IRQHandler       0x800'9c7d   0x14a  Code  Gb  stm32f4xx_hal_tim.o [8]
HAL_TIM_OC_DelayElapsedCallback
                         0x800'a3af     0x2  Code  Gb  stm32f4xx_hal_tim.o [8]
HAL_TIM_PWM_PulseFinishedCallback
                         0x800'a3b1     0x2  Code  Gb  stm32f4xx_hal_tim.o [8]
HAL_TIM_PeriodElapsedCallback
                         0x800'a3b3     0x2  Code  Gb  stm32f4xx_hal_tim.o [8]
HAL_TIM_TriggerCallback
                         0x800'a3b7     0x2  Code  Gb  stm32f4xx_hal_tim.o [8]
HardFault_Handler        0x800'a45f     0x2  Code  Gb  stm32f4xx_it.o [2]
ILI9486_DrawCircle       0x800'5bbf    0xa8  Code  Gb  ili9486.o [6]
ILI9486_DrawPixel        0x800'512d    0x78  Code  Gb  ili9486.o [6]
ILI9486_DrawRect         0x800'5c67    0xa4  Code  Gb  ili9486.o [6]
ILI9486_DrawTestChar     0x800'5d0d   0x1e0  Code  Gb  ili9486.o [6]
ILI9486_DrawThickLine    0x800'5361   0x85e  Code  Gb  ili9486.o [6]
ILI9486_Fill             0x800'4929    0x8a  Code  Gb  ili9486.o [6]
ILI9486_Init             0x800'49ff   0x22e  Code  Gb  ili9486.o [6]
ILI9486_SetWindow        0x800'49b3    0x4c  Code  Gb  ili9486.o [6]
ILI9486_WriteCom         0x800'4c2d    0x64  Code  Gb  ili9486.o [6]
ILI9486_WriteComD        0x800'4c91    0x8e  Code  Gb  ili9486.o [6]
ILI9486_WriteData        0x800'4d1f    0x94  Code  Gb  ili9486.o [6]
ILI9486_WriteTestText    0x800'5eed    0x5a  Code  Gb  ili9486.o [6]
ILI9486_WriteText        0x800'4db5   0x378  Code  Gb  ili9486.o [6]
LfnBuf                  0x2000'1e04   0x200  Data  Lc  ff.o [9]
LfnOfs                   0x800'0fe4    0x10  Data  Lc  ff.o [9]
MX_FATFS_Init            0x800'274d    0x10  Code  Gb  fatfs.o [3]
MemManage_Handler        0x800'a461     0x2  Code  Gb  stm32f4xx_it.o [2]
NMI_Handler              0x800'a455     0xa  Code  Gb  stm32f4xx_it.o [2]
PendSV_Handler           0x800'a46b     0x2  Code  Gb  stm32f4xx_it.o [2]
Region$$Table$$Base      0x800'b078           --   Gb  - Linker created -
Region$$Table$$Limit     0x800'b098           --   Gb  - Linker created -
SPI_DMAError             0x800'8ea5    0x1e  Code  Lc  stm32f4xx_hal_spi.o [8]
SPI_DMAHalfReceiveCplt   0x800'8e95     0x6  Code  Lc  stm32f4xx_hal_spi.o [8]
SPI_DMAHalfTransmitReceiveCplt
                         0x800'8e9d     0x6  Code  Lc  stm32f4xx_hal_spi.o [8]
SPI_DMAReceiveCplt       0x800'8d15    0x76  Code  Lc  stm32f4xx_hal_spi.o [8]
SPI_DMATransmitReceiveCplt
                         0x800'8d8d   0x106  Code  Lc  stm32f4xx_hal_spi.o [8]
SPI_EndRxTransaction     0x800'8ec5    0xf2  Code  Lc  stm32f4xx_hal_spi.o [8]
SVC_Handler              0x800'a467     0x2  Code  Gb  stm32f4xx_it.o [2]
Stat                    0x2000'1dd8     0x1  Data  Lc  user_diskio_spi.o [7]
SysTick_Handler          0x800'a46d     0x4  Code  Gb  stm32f4xx_it.o [2]
SystemClock_Config       0x800'99ad    0x9e  Code  Gb  main.o [2]
SystemCoreClock         0x2000'1d84     0x4  Data  Gb  system_stm32f4xx.o [5]
SystemInit               0x800'b001    0x16  Code  Gb  system_stm32f4xx.o [5]
TIM1_UP_TIM10_IRQHandler
                         0x800'a481   0x67a  Code  Gb  stm32f4xx_it.o [2]
TIM_Base_SetConfig       0x800'9dc7    0x82  Code  Gb  stm32f4xx_hal_tim.o [8]
Tbl                      0x800'add0   0x100  Data  Lc  ccsbcs.o [9]
Times_New_Roman16x16    0x2000'0098  0x1ce0  Data  Gb  main.o [2]
USERPath                0x2000'20d4     0x4  Data  Gb  fatfs.o [3]
USER_Driver             0x2000'1d88    0x14  Data  Gb  user_diskio.o [4]
USER_SPI_initialize      0x800'7ec5   0x218  Code  Gb  user_diskio_spi.o [7]
USER_SPI_ioctl           0x800'847d   0x6a0  Code  Gb  user_diskio_spi.o [7]
USER_SPI_read            0x800'80e5   0x198  Code  Gb  user_diskio_spi.o [7]
USER_SPI_status          0x800'80dd     0x8  Code  Gb  user_diskio_spi.o [7]
USER_SPI_write           0x800'827d   0x1f2  Code  Gb  user_diskio_spi.o [7]
USER_initialize          0x800'b0e9     0x4  Code  Gb  user_diskio.o [4]
USER_ioctl               0x800'b0f9     0x4  Code  Gb  user_diskio.o [4]
USER_read                0x800'b0f1     0x4  Code  Gb  user_diskio.o [4]
USER_status              0x800'b0ed     0x4  Code  Gb  user_diskio.o [4]
USER_write               0x800'b0f5     0x4  Code  Gb  user_diskio.o [4]
UsageFault_Handler       0x800'a465     0x2  Code  Gb  stm32f4xx_it.o [2]
_LitobFullNoMb           0x800'6f61   0x10c  Code  Lc  xprintffull_nomb.o [10]
_Locale_lconv           0x2000'1d9c    0x38  Data  Lc  xlocale_c.o [10]
_PrintfFullNoMb          0x800'622d   0xd06  Code  Gb  xprintffull_nomb.o [10]
_PutcharFullNoMb         0x800'70c5    0x20  Code  Lc  xprintffull_nomb.o [10]
_PutcharsFullNoMb        0x800'70e5    0x2e  Code  Lc  xprintffull_nomb.o [10]
_SProut                  0x800'26db     0xa  Code  Gb  xsprout.o [10]
__aeabi_cdcmple          0x800'727d          Code  Gb  DblCmpLe.o [11]
__aeabi_cdrcmple         0x800'72b1          Code  Gb  DblCmpGe.o [11]
__aeabi_d2iz             0x800'7421          Code  Gb  DblToS32.o [11]
__aeabi_d2uiz            0x800'7915          Code  Gb  DblToU32.o [11]
__aeabi_ddiv             0x800'76cd          Code  Gb  DblDiv.o [11]
__aeabi_dmul             0x800'7955          Code  Gb  DblMul.o [11]
__aeabi_dsub             0x800'75e9          Code  Gb  DblAddSub.o [11]
__aeabi_i2d              0x800'7459          Code  Gb  S32ToDbl.o [11]
__aeabi_ldiv0            0x800'7d41          Code  Gb  I64DivZer.o [12]
__aeabi_memclr           0x800'26d5          Code  Gb  ABImemclr.o [12]
__aeabi_memclr4          0x800'9ea9          Code  Gb  ABImemclr4.o [12]
__aeabi_memcpy           0x800'6179          Code  Gb  ABImemcpy.o [12]
__aeabi_memcpy4          0x800'6199          Code  Gb  ABImemcpy.o [12]
__aeabi_memcpy8          0x800'6199          Code  Gb  ABImemcpy.o [12]
__aeabi_memset           0x800'26e5          Code  Gb  ABImemset.o [12]
__aeabi_ui2d             0x800'7939          Code  Gb  U32ToDbl.o [11]
__aeabi_uldivmod         0x800'7b09          Code  Gb  I64DivMod.o [12]
__cmain                  0x800'b099          Code  Gb  cmain.o [12]
__exit                   0x800'7d45    0x14  Code  Gb  exit.o [13]
__iar_Fail_s             0x800'7175    0x1c  Code  Gb  xfail_s.o [10]
__iar_Memchr             0x800'71b5          Code  Gb  memchr.o [12]
__iar_Memset             0x800'26e5          Code  Gb  ABImemset.o [12]
__iar_Memset4_word       0x800'a3bd          Code  Gb  ABImemset48.o [12]
__iar_Memset8_word       0x800'a3bd          Code  Gb  ABImemset48.o [12]
__iar_Memset_word        0x800'26ed          Code  Gb  ABImemset.o [12]
__iar_Strchr             0x800'715d          Code  Gb  strchr.o [12]
__iar_data_init3         0x800'b02d    0x28  Code  Gb  data_init.o [12]
__iar_frexp              0x800'7219          Code  Gb  frexp.o [11]
__iar_frexpl             0x800'7219          Code  Gb  frexp.o [11]
__iar_init_vfp           0x800'b055          Code  Gb  fpinit_M.o [11]
__iar_ldexp64            0x800'72e5          Code  Gb  ldexp.o [11]
__iar_lz77_init_single3
                         0x800'af51    0x78  Code  Gb  lz77_init_single.o [12]
__iar_program_start      0x800'b0cd          Code  Gb  cstartup_M.o [12]
__iar_scalbln64          0x800'72e5          Code  Gb  ldexp.o [11]
__iar_scalbn64           0x800'72e5          Code  Gb  ldexp.o [11]
__iar_softfp___iar_frexp64
                         0x800'720d          Code  Gb  frexp.o [11]
__iar_softfp_frexp       0x800'720d          Code  Gb  frexp.o [11]
__iar_softfp_frexpl      0x800'720d          Code  Gb  frexp.o [11]
__iar_zero_init3         0x800'afc9    0x38  Code  Gb  zero_init3.o [12]
__low_level_init         0x800'b0b7     0x4  Code  Gb  low_level_init.o [10]
__vector_table           0x800'0000          Data  Gb  startup_stm32f411xe.o [1]
_call_main               0x800'b0a5          Code  Gb  cmain.o [12]
_exit                    0x800'b0c1          Code  Gb  cexit.o [12]
abort                    0x800'7d39     0x6  Code  Gb  abort.o [10]
button_pressed          0x2000'1dd5     0x1  Data  Gb  stm32f4xx_it.o [2]
check_fs                 0x800'13df    0x70  Code  Lc  ff.o [9]
chk_lock                 0x800'01af    0x66  Code  Lc  ff.o [9]
clear_lock               0x800'02bf    0x18  Code  Lc  ff.o [9]
clmt_clust               0x800'0741    0x52  Code  Lc  ff.o [9]
clust2sect               0x800'0423    0x1a  Code  Lc  ff.o [9]
create_chain             0x800'0691    0xb0  Code  Lc  ff.o [9]
debounce                0x2000'1dd6     0x2  Data  Gb  stm32f4xx_it.o [2]
dec_lock                 0x800'028b    0x34  Code  Lc  ff.o [9]
dir_find                 0x800'0891   0x25c  Code  Lc  ff.o [9]
dir_register             0x800'0aed   0x4f6  Code  Lc  ff.o [9]
dir_sdi                  0x800'0793    0x94  Code  Lc  ff.o [9]
disk                    0x2000'20c4     0xc  Data  Gb  ff_gen_drv.o [9]
disk_initialize          0x800'2567    0x28  Code  Gb  diskio.o [9]
disk_ioctl               0x800'25bb    0x16  Code  Gb  diskio.o [9]
disk_read                0x800'258f    0x16  Code  Gb  diskio.o [9]
disk_status              0x800'2555    0x12  Code  Gb  diskio.o [9]
disk_write               0x800'25a5    0x16  Code  Gb  diskio.o [9]
drawLineOverlap          0x800'51b1   0x1ae  Code  Gb  ili9486.o [6]
exit                     0x800'b0bb     0x4  Code  Gb  exit.o [10]
f_close                  0x800'24e1    0x2c  Code  Gb  ff.o [9]
f_gets                   0x800'250d    0x48  Code  Gb  ff.o [9]
f_mount                  0x800'1867   0x3fa  Code  Gb  ff.o [9]
f_open                   0x800'1c65   0x3cc  Code  Gb  ff.o [9]
f_read                   0x800'2045   0x1a6  Code  Gb  ff.o [9]
f_sync                   0x800'2445    0x9c  Code  Gb  ff.o [9]
f_write                  0x800'21ed   0x258  Code  Gb  ff.o [9]
ff_convert               0x800'25d5    0x5e  Code  Gb  ccsbcs.o [9]
ff_wtoupper              0x800'2635    0x98  Code  Gb  ccsbcs.o [9]
ff_wtoupper::cvt1        0x800'ab20   0x1f4  Data  Lc  ccsbcs.o [9]
ff_wtoupper::cvt2        0x800'ad14    0xbc  Data  Lc  ccsbcs.o [9]
find_volume              0x800'1459   0x3d4  Code  Lc  ff.o [9]
follow_path              0x800'0ff5   0x36c  Code  Lc  ff.o [9]
fres                    0x2000'20de     0x1  Data  Gb  user_diskio_spi.o [7]
get_fat                  0x800'043d    0xfa  Code  Lc  ff.o [9]
get_fattime              0x800'2765     0x4  Code  Gb  fatfs.o [3]
get_ldnumber             0x800'1375    0x6a  Code  Lc  ff.o [9]
hdma_spi2_rx            0x2000'2004    0x60  Data  Gb  main.o [2]
hdma_spi2_tx            0x2000'2064    0x60  Data  Gb  main.o [2]
hspi2                   0x2000'0000    0x58  Data  Gb  main.o [2]
htim10                  0x2000'0058    0x40  Data  Gb  main.o [2]
inc_lock                 0x800'0215    0x76  Code  Lc  ff.o [9]
is_button               0x2000'1dd4     0x1  Data  Gb  stm32f4xx_it.o [2]
ld_clust                 0x800'0827    0x1e  Code  Lc  ff.o [9]
ld_dword                 0x800'0199    0x16  Code  Lc  ff.o [9]
ldexp                    0x800'72e5          Code  Gb  ldexp.o [11]
ldexpl                   0x800'72e5          Code  Gb  ldexp.o [11]
localeconv               0x800'7b01     0x4  Code  Gb  xlocale_c.o [10]
main                     0x800'954d   0x45c  Code  Gb  main.o [2]
memchr                   0x800'71b5          Code  Gb  memchr.o [12]
memset                   0x800'9539    0x14  Code  Gb  memset.o [12]
move_window              0x800'0333    0x34  Code  Lc  ff.o [9]
prev_data               0x2000'20dc     0x2  Data  Gb  ili9486.o [6]
put_fat                  0x800'0537   0x15a  Code  Lc  ff.o [9]
retUSER                 0x2000'20d0     0x1  Data  Gb  fatfs.o [3]
scalbln                  0x800'72e5          Code  Gb  ldexp.o [11]
scalblnl                 0x800'72e5          Code  Gb  ldexp.o [11]
scalbn                   0x800'72e5          Code  Gb  ldexp.o [11]
scalbnl                  0x800'72e5          Code  Gb  ldexp.o [11]
scale                    0x800'706d    0x46  Code  Lc  xprintffull_nomb.o [10]
sec_hand                0x2000'20d8     0x4  Data  Lc  xfail_s.o [10]
send_cmd                 0x800'7dc1   0x104  Code  Lc  user_diskio_spi.o [7]
spi_rw                   0x800'7d59    0x14  Code  Lc  user_diskio_spi.o [7]
sprintf                  0x800'9e69    0x40  Code  Gb  sprintf.o [10]
st_clust                 0x800'0845    0x18  Code  Lc  ff.o [9]
strchr                   0x800'715d          Code  Gb  strchr.o [12]
strlen                   0x800'6141          Code  Gb  strlen.o [12]
sum_sfn                  0x800'085d    0x30  Code  Lc  ff.o [9]
sync_fs                  0x800'0367    0xbc  Code  Lc  ff.o [9]
sync_window              0x800'02dd    0x56  Code  Lc  ff.o [9]
uwTick                  0x2000'1d7c     0x4  Data  Gb  stm32f4xx_hal.o [8]
uwTickFreq              0x2000'1d78     0x1  Data  Gb  stm32f4xx_hal.o [8]
uwTickPrio              0x2000'1d80     0x4  Data  Gb  stm32f4xx_hal.o [8]
validate                 0x800'182d    0x3a  Code  Lc  ff.o [9]
wait_ready               0x800'7d7d    0x44  Code  Lc  user_diskio_spi.o [7]


[1] = C:\Users\CanchezAK\Documents\IAR EW for ARM\F411_ILI9486\EWARM\F411_ILI9486\Obj\Application\EWARM
[2] = C:\Users\CanchezAK\Documents\IAR EW for ARM\F411_ILI9486\EWARM\F411_ILI9486\Obj\Application\User\Core
[3] = C:\Users\CanchezAK\Documents\IAR EW for ARM\F411_ILI9486\EWARM\F411_ILI9486\Obj\Application\User\FATFS\App
[4] = C:\Users\CanchezAK\Documents\IAR EW for ARM\F411_ILI9486\EWARM\F411_ILI9486\Obj\Application\User\FATFS\Target
[5] = C:\Users\CanchezAK\Documents\IAR EW for ARM\F411_ILI9486\EWARM\F411_ILI9486\Obj\Drivers\CMSIS
[6] = C:\Users\CanchezAK\Documents\IAR EW for ARM\F411_ILI9486\EWARM\F411_ILI9486\Obj\Drivers\ILI9486
[7] = C:\Users\CanchezAK\Documents\IAR EW for ARM\F411_ILI9486\EWARM\F411_ILI9486\Obj\Drivers\SD
[8] = C:\Users\CanchezAK\Documents\IAR EW for ARM\F411_ILI9486\EWARM\F411_ILI9486\Obj\Drivers\STM32F4xx_HAL_Driver
[9] = C:\Users\CanchezAK\Documents\IAR EW for ARM\F411_ILI9486\EWARM\F411_ILI9486\Obj\Middlewares\FatFs
[10] = dl7M_tlf.a
[11] = m7M_tls.a
[12] = rt7M_tl.a
[13] = shb_l.a

  35'855 bytes of readonly  code memory
  12'407 bytes of readonly  data memory
   9'437 bytes of readwrite data memory

Errors: none
Warnings: none
